Archive member included to satisfy reference by file (symbol)

c:/users/artur/.p2/pool/plugins/fr.ac6.mcu.externaltools.arm-none.win32_1.13.2.201703061525/tools/compiler/bin/../lib/gcc/arm-none-eabi/5.4.1/armv7e-m/fpu\libgcc.a(_aeabi_uldivmod.o)
                              Drivers/STM32F4xx_HAL_Driver/stm32f4xx_hal_rcc.o (__aeabi_uldivmod)
c:/users/artur/.p2/pool/plugins/fr.ac6.mcu.externaltools.arm-none.win32_1.13.2.201703061525/tools/compiler/bin/../lib/gcc/arm-none-eabi/5.4.1/armv7e-m/fpu\libgcc.a(_udivmoddi4.o)
                              c:/users/artur/.p2/pool/plugins/fr.ac6.mcu.externaltools.arm-none.win32_1.13.2.201703061525/tools/compiler/bin/../lib/gcc/arm-none-eabi/5.4.1/armv7e-m/fpu\libgcc.a(_aeabi_uldivmod.o) (__udivmoddi4)
c:/users/artur/.p2/pool/plugins/fr.ac6.mcu.externaltools.arm-none.win32_1.13.2.201703061525/tools/compiler/bin/../lib/gcc/arm-none-eabi/5.4.1/armv7e-m/fpu\libgcc.a(_dvmd_tls.o)
                              c:/users/artur/.p2/pool/plugins/fr.ac6.mcu.externaltools.arm-none.win32_1.13.2.201703061525/tools/compiler/bin/../lib/gcc/arm-none-eabi/5.4.1/armv7e-m/fpu\libgcc.a(_aeabi_uldivmod.o) (__aeabi_ldiv0)
c:/users/artur/.p2/pool/plugins/fr.ac6.mcu.externaltools.arm-none.win32_1.13.2.201703061525/tools/compiler/bin/../lib/gcc/arm-none-eabi/5.4.1/../../../../arm-none-eabi/lib/armv7e-m/fpu\libc_nano.a(lib_a-errno.o)
                              Application/SW4STM32/syscalls.o (__errno)
c:/users/artur/.p2/pool/plugins/fr.ac6.mcu.externaltools.arm-none.win32_1.13.2.201703061525/tools/compiler/bin/../lib/gcc/arm-none-eabi/5.4.1/../../../../arm-none-eabi/lib/armv7e-m/fpu\libc_nano.a(lib_a-exit.o)
                              c:/users/artur/.p2/pool/plugins/fr.ac6.mcu.externaltools.arm-none.win32_1.13.2.201703061525/tools/compiler/bin/../lib/gcc/arm-none-eabi/5.4.1/../../../../arm-none-eabi/lib/armv7e-m/fpu/crt0.o (exit)
c:/users/artur/.p2/pool/plugins/fr.ac6.mcu.externaltools.arm-none.win32_1.13.2.201703061525/tools/compiler/bin/../lib/gcc/arm-none-eabi/5.4.1/../../../../arm-none-eabi/lib/armv7e-m/fpu\libc_nano.a(lib_a-impure.o)
                              c:/users/artur/.p2/pool/plugins/fr.ac6.mcu.externaltools.arm-none.win32_1.13.2.201703061525/tools/compiler/bin/../lib/gcc/arm-none-eabi/5.4.1/../../../../arm-none-eabi/lib/armv7e-m/fpu\libc_nano.a(lib_a-exit.o) (_global_impure_ptr)
c:/users/artur/.p2/pool/plugins/fr.ac6.mcu.externaltools.arm-none.win32_1.13.2.201703061525/tools/compiler/bin/../lib/gcc/arm-none-eabi/5.4.1/../../../../arm-none-eabi/lib/armv7e-m/fpu\libc_nano.a(lib_a-init.o)
                              c:/users/artur/.p2/pool/plugins/fr.ac6.mcu.externaltools.arm-none.win32_1.13.2.201703061525/tools/compiler/bin/../lib/gcc/arm-none-eabi/5.4.1/../../../../arm-none-eabi/lib/armv7e-m/fpu/crt0.o (__libc_init_array)
c:/users/artur/.p2/pool/plugins/fr.ac6.mcu.externaltools.arm-none.win32_1.13.2.201703061525/tools/compiler/bin/../lib/gcc/arm-none-eabi/5.4.1/../../../../arm-none-eabi/lib/armv7e-m/fpu\libc_nano.a(lib_a-memset.o)
                              c:/users/artur/.p2/pool/plugins/fr.ac6.mcu.externaltools.arm-none.win32_1.13.2.201703061525/tools/compiler/bin/../lib/gcc/arm-none-eabi/5.4.1/../../../../arm-none-eabi/lib/armv7e-m/fpu/crt0.o (memset)
c:/users/artur/.p2/pool/plugins/fr.ac6.mcu.externaltools.arm-none.win32_1.13.2.201703061525/tools/compiler/bin/../lib/gcc/arm-none-eabi/5.4.1/../../../../arm-none-eabi/lib/armv7e-m/fpu\libc_nano.a(lib_a-sprintf.o)
                              Application/User/Core/ESP8266_HAL.o (sprintf)
c:/users/artur/.p2/pool/plugins/fr.ac6.mcu.externaltools.arm-none.win32_1.13.2.201703061525/tools/compiler/bin/../lib/gcc/arm-none-eabi/5.4.1/../../../../arm-none-eabi/lib/armv7e-m/fpu\libc_nano.a(lib_a-strcat.o)
                              Application/User/Core/ESP8266_HAL.o (strcat)
c:/users/artur/.p2/pool/plugins/fr.ac6.mcu.externaltools.arm-none.win32_1.13.2.201703061525/tools/compiler/bin/../lib/gcc/arm-none-eabi/5.4.1/../../../../arm-none-eabi/lib/armv7e-m/fpu\libc_nano.a(lib_a-strcmp.o)
                              Application/User/Core/ESP8266_HAL.o (strcmp)
c:/users/artur/.p2/pool/plugins/fr.ac6.mcu.externaltools.arm-none.win32_1.13.2.201703061525/tools/compiler/bin/../lib/gcc/arm-none-eabi/5.4.1/../../../../arm-none-eabi/lib/armv7e-m/fpu\libc_nano.a(lib_a-strlen.o)
                              Application/User/Core/ESP8266_HAL.o (strlen)
c:/users/artur/.p2/pool/plugins/fr.ac6.mcu.externaltools.arm-none.win32_1.13.2.201703061525/tools/compiler/bin/../lib/gcc/arm-none-eabi/5.4.1/../../../../arm-none-eabi/lib/armv7e-m/fpu\libc_nano.a(lib_a-nano-svfprintf.o)
                              c:/users/artur/.p2/pool/plugins/fr.ac6.mcu.externaltools.arm-none.win32_1.13.2.201703061525/tools/compiler/bin/../lib/gcc/arm-none-eabi/5.4.1/../../../../arm-none-eabi/lib/armv7e-m/fpu\libc_nano.a(lib_a-sprintf.o) (_svfprintf_r)
[...]
Memory Configuration

Name             Origin             Length             Attributes
RAM              0x20000000         0x00030000         xrw
CCMRAM           0x10000000         0x00010000         xrw
FLASH            0x08000000         0x00200000         xr
*default*        0x00000000         0xffffffff

Linker script and memory map

LOAD c:/users/artur/.p2/pool/plugins/fr.ac6.mcu.externaltools.arm-none.win32_1.13.2.201703061525/tools/compiler/bin/../lib/gcc/arm-none-eabi/5.4.1/armv7e-m/fpu/crti.o
LOAD c:/users/artur/.p2/pool/plugins/fr.ac6.mcu.externaltools.arm-none.win32_1.13.2.201703061525/tools/compiler/bin/../lib/gcc/arm-none-eabi/5.4.1/armv7e-m/fpu/crtbegin.o
LOAD c:/users/artur/.p2/pool/plugins/fr.ac6.mcu.externaltools.arm-none.win32_1.13.2.201703061525/tools/compiler/bin/../lib/gcc/arm-none-eabi/5.4.1/../../../../arm-none-eabi/lib/armv7e-m/fpu/crt0.o
LOAD c:/users/artur/.p2/pool/plugins/fr.ac6.mcu.externaltools.arm-none.win32_1.13.2.201703061525/tools/compiler/bin/../lib/gcc/arm-none-eabi/5.4.1/../../../../arm-none-eabi/lib/armv7e-m/fpu\libm.a
LOAD Application/SW4STM32/startup_stm32f429xx.o
LOAD Application/SW4STM32/syscalls.o
LOAD Application/User/Core/ESP8266_HAL.o
LOAD Application/User/Core/UartRingbuffer_multi.o
LOAD Application/User/Core/main.o
LOAD Application/User/Core/stm32f4xx_hal_msp.o
LOAD Application/User/Core/stm32f4xx_it.o
LOAD Drivers/CMSIS/system_stm32f4xx.o
LOAD Drivers/STM32F4xx_HAL_Driver/stm32f4xx_hal.o
LOAD Drivers/STM32F4xx_HAL_Driver/stm32f4xx_hal_cortex.o
LOAD Drivers/STM32F4xx_HAL_Driver/stm32f4xx_hal_dma.o
LOAD Drivers/STM32F4xx_HAL_Driver/stm32f4xx_hal_dma2d.o
LOAD Drivers/STM32F4xx_HAL_Driver/stm32f4xx_hal_dma_ex.o
LOAD Drivers/STM32F4xx_HAL_Driver/stm32f4xx_hal_dsi.o
LOAD Drivers/STM32F4xx_HAL_Driver/stm32f4xx_hal_exti.o
LOAD Drivers/STM32F4xx_HAL_Driver/stm32f4xx_hal_flash.o
LOAD Drivers/STM32F4xx_HAL_Driver/stm32f4xx_hal_flash_ex.o
LOAD Drivers/STM32F4xx_HAL_Driver/stm32f4xx_hal_flash_ramfunc.o
LOAD Drivers/STM32F4xx_HAL_Driver/stm32f4xx_hal_gpio.o
LOAD Drivers/STM32F4xx_HAL_Driver/stm32f4xx_hal_i2c.o
LOAD Drivers/STM32F4xx_HAL_Driver/stm32f4xx_hal_i2c_ex.o
LOAD Drivers/STM32F4xx_HAL_Driver/stm32f4xx_hal_ltdc.o
LOAD Drivers/STM32F4xx_HAL_Driver/stm32f4xx_hal_ltdc_ex.o
LOAD Drivers/STM32F4xx_HAL_Driver/stm32f4xx_hal_pwr.o
LOAD Drivers/STM32F4xx_HAL_Driver/stm32f4xx_hal_pwr_ex.o
LOAD Drivers/STM32F4xx_HAL_Driver/stm32f4xx_hal_rcc.o
LOAD Drivers/STM32F4xx_HAL_Driver/stm32f4xx_hal_rcc_ex.o
LOAD Drivers/STM32F4xx_HAL_Driver/stm32f4xx_hal_sdram.o
LOAD Drivers/STM32F4xx_HAL_Driver/stm32f4xx_hal_spi.o
LOAD Drivers/STM32F4xx_HAL_Driver/stm32f4xx_hal_tim.o
LOAD Drivers/STM32F4xx_HAL_Driver/stm32f4xx_hal_tim_ex.o
LOAD Drivers/STM32F4xx_HAL_Driver/stm32f4xx_hal_uart.o
LOAD Drivers/STM32F4xx_HAL_Driver/stm32f4xx_ll_fmc.o
LOAD STM32F429I-Discovery/stm32f429i_discovery.o
LOAD STM32F429I-Discovery/stm32f429i_discovery_eeprom.o
LOAD STM32F429I-Discovery/stm32f429i_discovery_gyroscope.o
LOAD STM32F429I-Discovery/stm32f429i_discovery_io.o
LOAD STM32F429I-Discovery/stm32f429i_discovery_lcd.o
LOAD STM32F429I-Discovery/stm32f429i_discovery_sdram.o
LOAD STM32F429I-Discovery/stm32f429i_discovery_ts.o
LOAD ili9341/ili9341.o
START GROUP
LOAD c:/users/artur/.p2/pool/plugins/fr.ac6.mcu.externaltools.arm-none.win32_1.13.2.201703061525/tools/compiler/bin/../lib/gcc/arm-none-eabi/5.4.1/armv7e-m/fpu\libgcc.a
LOAD c:/users/artur/.p2/pool/plugins/fr.ac6.mcu.externaltools.arm-none.win32_1.13.2.201703061525/tools/compiler/bin/../lib/gcc/arm-none-eabi/5.4.1/../../../../arm-none-eabi/lib/armv7e-m/fpu\libc_nano.a
END GROUP
START GROUP
LOAD c:/users/artur/.p2/pool/plugins/fr.ac6.mcu.externaltools.arm-none.win32_1.13.2.201703061525/tools/compiler/bin/../lib/gcc/arm-none-eabi/5.4.1/armv7e-m/fpu\libgcc.a
LOAD c:/users/artur/.p2/pool/plugins/fr.ac6.mcu.externaltools.arm-none.win32_1.13.2.201703061525/tools/compiler/bin/../lib/gcc/arm-none-eabi/5.4.1/../../../../arm-none-eabi/lib/armv7e-m/fpu\libc_nano.a
LOAD c:/users/artur/.p2/pool/plugins/fr.ac6.mcu.externaltools.arm-none.win32_1.13.2.201703061525/tools/compiler/bin/../lib/gcc/arm-none-eabi/5.4.1/../../../../arm-none-eabi/lib/armv7e-m/fpu\libnosys.a
END GROUP
START GROUP
LOAD c:/users/artur/.p2/pool/plugins/fr.ac6.mcu.externaltools.arm-none.win32_1.13.2.201703061525/tools/compiler/bin/../lib/gcc/arm-none-eabi/5.4.1/armv7e-m/fpu\libgcc.a
LOAD c:/users/artur/.p2/pool/plugins/fr.ac6.mcu.externaltools.arm-none.win32_1.13.2.201703061525/tools/compiler/bin/../lib/gcc/arm-none-eabi/5.4.1/../../../../arm-none-eabi/lib/armv7e-m/fpu\libc_nano.a
LOAD c:/users/artur/.p2/pool/plugins/fr.ac6.mcu.externaltools.arm-none.win32_1.13.2.201703061525/tools/compiler/bin/../lib/gcc/arm-none-eabi/5.4.1/../../../../arm-none-eabi/lib/armv7e-m/fpu\libnosys.a
END GROUP
LOAD c:/users/artur/.p2/pool/plugins/fr.ac6.mcu.externaltools.arm-none.win32_1.13.2.201703061525/tools/compiler/bin/../lib/gcc/arm-none-eabi/5.4.1/armv7e-m/fpu/crtend.o
LOAD c:/users/artur/.p2/pool/plugins/fr.ac6.mcu.externaltools.arm-none.win32_1.13.2.201703061525/tools/compiler/bin/../lib/gcc/arm-none-eabi/5.4.1/armv7e-m/fpu/crtn.o
                0x20030000                _estack = 0x20030000
                0x00000200                _Min_Heap_Size = 0x200
                0x00000400                _Min_Stack_Size = 0x400

.isr_vector     0x08000000      0x1ac
                0x08000000                . = ALIGN (0x4)
 *(.isr_vector)
 .isr_vector    0x08000000      0x1ac Application/SW4STM32/startup_stm32f429xx.o
                0x08000000                g_pfnVectors
                0x080001ac                . = ALIGN (0x4)

.text           0x080001ac     0x2fe0
                0x080001ac                . = ALIGN (0x4)
 *(.text)
 .text          0x080001ac       0x5c c:/users/artur/.p2/pool/plugins/fr.ac6.mcu.externaltools.arm-none.win32_1.13.2.201703061525/tools/compiler/bin/../lib/gcc/arm-none-eabi/5.4.1/armv7e-m/fpu/crtbegin.o
 .text          0x08000208       0x30 c:/users/artur/.p2/pool/plugins/fr.ac6.mcu.externaltools.arm-none.win32_1.13.2.201703061525/tools/compiler/bin/../lib/gcc/arm-none-eabi/5.4.1/armv7e-m/fpu\libgcc.a(_aeabi_uldivmod.o)
                0x08000208                __aeabi_uldivmod
 .text          0x08000238      0x2e4 c:/users/artur/.p2/pool/plugins/fr.ac6.mcu.externaltools.arm-none.win32_1.13.2.201703061525/tools/compiler/bin/../lib/gcc/arm-none-eabi/5.4.1/armv7e-m/fpu\libgcc.a(_udivmoddi4.o)
                0x08000238                __udivmoddi4
 .text          0x0800051c        0x4 c:/users/artur/.p2/pool/plugins/fr.ac6.mcu.externaltools.arm-none.win32_1.13.2.201703061525/tools/compiler/bin/../lib/gcc/arm-none-eabi/5.4.1/armv7e-m/fpu\libgcc.a(_dvmd_tls.o)
                0x0800051c                __aeabi_idiv0
                0x0800051c                __aeabi_ldiv0
 *(.text*)
 .text.Reset_Handler
                0x08000520       0x50 Application/SW4STM32/startup_stm32f429xx.o
                0x08000520                Reset_Handler
 .text.Default_Handler
                0x08000570        0x2 Application/SW4STM32/startup_stm32f429xx.o
                0x08000570                RTC_Alarm_IRQHandler
                0x08000570                HASH_RNG_IRQHandler
                0x08000570                EXTI2_IRQHandler
                0x08000570                TIM8_CC_IRQHandler
                0x08000570                UART8_IRQHandler
                0x08000570                SPI4_IRQHandler
                0x08000570                TIM1_CC_IRQHandler
                0x08000570                DMA2_Stream5_IRQHandler
                0x08000570                DMA1_Stream5_IRQHandler
                0x08000570                PVD_IRQHandler
                0x08000570                SDIO_IRQHandler
                0x08000570                TAMP_STAMP_IRQHandler
                0x08000570                CAN2_RX1_IRQHandler
                0x08000570                EXTI3_IRQHandler
                0x08000570                TIM8_TRG_COM_TIM14_IRQHandler
                0x08000570                TIM1_UP_TIM10_IRQHandler
                0x08000570                TIM8_UP_TIM13_IRQHandler
                0x08000570                I2C3_ER_IRQHandler
                0x08000570                EXTI0_IRQHandler
                0x08000570                I2C2_EV_IRQHandler
                0x08000570                DMA1_Stream2_IRQHandler
                0x08000570                CAN1_RX0_IRQHandler
                0x08000570                FPU_IRQHandler
                0x08000570                OTG_HS_WKUP_IRQHandler
                0x08000570                LTDC_ER_IRQHandler
                0x08000570                CAN2_SCE_IRQHandler
                0x08000570                DMA2_Stream2_IRQHandler
                0x08000570                SPI1_IRQHandler
                0x08000570                TIM6_DAC_IRQHandler
                0x08000570                DCMI_IRQHandler
                0x08000570                CAN2_RX0_IRQHandler
                0x08000570                DMA2_Stream3_IRQHandler
                0x08000570                USART3_IRQHandler
                0x08000570                CAN1_RX1_IRQHandler
                0x08000570                UART5_IRQHandler
                0x08000570                DMA2_Stream0_IRQHandler
                0x08000570                TIM4_IRQHandler
                0x08000570                I2C1_EV_IRQHandler
                0x08000570                DMA1_Stream6_IRQHandler
                0x08000570                DMA1_Stream1_IRQHandler
                0x08000570                UART4_IRQHandler
                0x08000570                TIM3_IRQHandler
                0x08000570                RCC_IRQHandler
                0x08000570                TIM8_BRK_TIM12_IRQHandler
                0x08000570                Default_Handler
                0x08000570                EXTI15_10_IRQHandler
                0x08000570                ADC_IRQHandler
                0x08000570                DMA1_Stream7_IRQHandler
                0x08000570                SPI5_IRQHandler
                0x08000570                TIM7_IRQHandler
                0x08000570                CAN2_TX_IRQHandler
                0x08000570                TIM5_IRQHandler
                0x08000570                DMA2_Stream7_IRQHandler
                0x08000570                I2C3_EV_IRQHandler
                0x08000570                EXTI9_5_IRQHandler
                0x08000570                RTC_WKUP_IRQHandler
                0x08000570                LTDC_IRQHandler
                0x08000570                ETH_WKUP_IRQHandler
                0x08000570                SPI2_IRQHandler
                0x08000570                OTG_HS_EP1_IN_IRQHandler
                0x08000570                DMA1_Stream0_IRQHandler
                0x08000570                CAN1_TX_IRQHandler
                0x08000570                EXTI4_IRQHandler
                0x08000570                ETH_IRQHandler
                0x08000570                OTG_HS_EP1_OUT_IRQHandler
                0x08000570                WWDG_IRQHandler
                0x08000570                SPI6_IRQHandler
                0x08000570                TIM2_IRQHandler
                0x08000570                OTG_FS_WKUP_IRQHandler
                0x08000570                OTG_HS_IRQHandler
                0x08000570                DMA2D_IRQHandler
                0x08000570                EXTI1_IRQHandler
                0x08000570                UART7_IRQHandler
                0x08000570                USART2_IRQHandler
                0x08000570                I2C2_ER_IRQHandler
                0x08000570                DMA2_Stream1_IRQHandler
                0x08000570                CAN1_SCE_IRQHandler
                0x08000570                FLASH_IRQHandler
                0x08000570                DMA2_Stream4_IRQHandler
                0x08000570                OTG_FS_IRQHandler
                0x08000570                SPI3_IRQHandler
                0x08000570                DMA1_Stream4_IRQHandler
                0x08000570                I2C1_ER_IRQHandler
                0x08000570                FMC_IRQHandler
                0x08000570                DMA2_Stream6_IRQHandler
                0x08000570                SAI1_IRQHandler
                0x08000570                DMA1_Stream3_IRQHandler
 *fill*         0x08000572        0x2 
 .text.Ringbuf_init
                0x08000574       0x64 Application/User/Core/UartRingbuffer_multi.o
                0x08000574                Ringbuf_init
 .text.store_char
                0x080005d8       0x18 Application/User/Core/UartRingbuffer_multi.o
                0x080005d8                store_char
 .text.Uart_read
                0x080005f0       0x68 Application/User/Core/UartRingbuffer_multi.o
                0x080005f0                Uart_read
 .text.Uart_write
                0x08000658       0x80 Application/User/Core/UartRingbuffer_multi.o
                0x08000658                Uart_write
 .text.IsDataAvailable
                0x080006d8       0x44 Application/User/Core/UartRingbuffer_multi.o
                0x080006d8                IsDataAvailable
 .text.Uart_isr
                0x0800071c       0xe0 Application/User/Core/UartRingbuffer_multi.o
                0x0800071c                Uart_isr
 .text.MX_GPIO_Init
                0x080007fc       0xe0 Application/User/Core/main.o
 .text.MX_DMA2D_Init
                0x080008dc       0x34 Application/User/Core/main.o
 .text.MX_FMC_Init
                0x08000910       0x4c Application/User/Core/main.o
 .text.MX_I2C3_Init
                0x0800095c       0x44 Application/User/Core/main.o
 .text.MX_LTDC_Init
                0x080009a0       0xd0 Application/User/Core/main.o
 .text.MX_SPI5_Init
                0x08000a70       0x38 Application/User/Core/main.o
 .text.MX_TIM11_Init
                0x08000aa8       0x2c Application/User/Core/main.o
 .text.MX_TIM9_Init
                0x08000ad4       0x74 Application/User/Core/main.o
 .text.MX_USART1_UART_Init
                0x08000b48       0x2c Application/User/Core/main.o
 .text.MX_USART6_UART_Init
                0x08000b74       0x2c Application/User/Core/main.o
 .text.SystemClock_Config
                0x08000ba0       0xbc Application/User/Core/main.o
                0x08000ba0                SystemClock_Config
 .text.main     0x08000c5c       0x7c Application/User/Core/main.o
                0x08000c5c                main
 .text.HAL_FMC_MspInit
                0x08000cd8       0xe8 Application/User/Core/stm32f4xx_hal_msp.o
 .text.HAL_MspInit
                0x08000dc0       0x38 Application/User/Core/stm32f4xx_hal_msp.o
                0x08000dc0                HAL_MspInit
 .text.HAL_DMA2D_MspInit
                0x08000df8       0x30 Application/User/Core/stm32f4xx_hal_msp.o
                0x08000df8                HAL_DMA2D_MspInit
 .text.HAL_I2C_MspInit
                0x08000e28       0xb0 Application/User/Core/stm32f4xx_hal_msp.o
                0x08000e28                HAL_I2C_MspInit
 .text.HAL_LTDC_MspInit
                0x08000ed8      0x188 Application/User/Core/stm32f4xx_hal_msp.o
                0x08000ed8                HAL_LTDC_MspInit
 .text.HAL_SPI_MspInit
                0x08001060       0x70 Application/User/Core/stm32f4xx_hal_msp.o
                0x08001060                HAL_SPI_MspInit
 .text.HAL_TIM_Base_MspInit
                0x080010d0       0x74 Application/User/Core/stm32f4xx_hal_msp.o
                0x080010d0                HAL_TIM_Base_MspInit
 .text.HAL_TIM_MspPostInit
                0x08001144       0x58 Application/User/Core/stm32f4xx_hal_msp.o
                0x08001144                HAL_TIM_MspPostInit
 .text.HAL_UART_MspInit
                0x0800119c       0xe4 Application/User/Core/stm32f4xx_hal_msp.o
                0x0800119c                HAL_UART_MspInit
 .text.HAL_SDRAM_MspInit
                0x08001280        0x8 Application/User/Core/stm32f4xx_hal_msp.o
                0x08001280                HAL_SDRAM_MspInit
 .text.NMI_Handler
                0x08001288        0x4 Application/User/Core/stm32f4xx_it.o
                0x08001288                NMI_Handler
 .text.HardFault_Handler
                0x0800128c        0x4 Application/User/Core/stm32f4xx_it.o
                0x0800128c                HardFault_Handler
 .text.MemManage_Handler
                0x08001290        0x4 Application/User/Core/stm32f4xx_it.o
                0x08001290                MemManage_Handler
 .text.BusFault_Handler
                0x08001294        0x4 Application/User/Core/stm32f4xx_it.o
                0x08001294                BusFault_Handler
 .text.UsageFault_Handler
                0x08001298        0x4 Application/User/Core/stm32f4xx_it.o
                0x08001298                UsageFault_Handler
 .text.SVC_Handler
                0x0800129c        0x4 Application/User/Core/stm32f4xx_it.o
                0x0800129c                SVC_Handler
 .text.DebugMon_Handler
                0x080012a0        0x4 Application/User/Core/stm32f4xx_it.o
                0x080012a0                DebugMon_Handler
 .text.PendSV_Handler
                0x080012a4        0x4 Application/User/Core/stm32f4xx_it.o
                0x080012a4                PendSV_Handler
 .text.SysTick_Handler
                0x080012a8        0x8 Application/User/Core/stm32f4xx_it.o
                0x080012a8                SysTick_Handler
 .text.TIM1_BRK_TIM9_IRQHandler
                0x080012b0       0x10 Application/User/Core/stm32f4xx_it.o
                0x080012b0                TIM1_BRK_TIM9_IRQHandler
 .text.TIM1_TRG_COM_TIM11_IRQHandler
                0x080012c0       0x10 Application/User/Core/stm32f4xx_it.o
                0x080012c0                TIM1_TRG_COM_TIM11_IRQHandler
 .text.USART1_IRQHandler
                0x080012d0       0x10 Application/User/Core/stm32f4xx_it.o
                0x080012d0                USART1_IRQHandler
 .text.USART6_IRQHandler
                0x080012e0       0x10 Application/User/Core/stm32f4xx_it.o
                0x080012e0                USART6_IRQHandler
 .text.SystemInit
                0x080012f0       0x1c Drivers/CMSIS/system_stm32f4xx.o
                0x080012f0                SystemInit
 .text.HAL_InitTick
                0x0800130c       0x48 Drivers/STM32F4xx_HAL_Driver/stm32f4xx_hal.o
                0x0800130c                HAL_InitTick
 .text.HAL_Init
                0x08001354       0x34 Drivers/STM32F4xx_HAL_Driver/stm32f4xx_hal.o
                0x08001354                HAL_Init
 .text.HAL_IncTick
                0x08001388       0x18 Drivers/STM32F4xx_HAL_Driver/stm32f4xx_hal.o
                0x08001388                HAL_IncTick
 .text.HAL_GetTick
                0x080013a0        0xc Drivers/STM32F4xx_HAL_Driver/stm32f4xx_hal.o
                0x080013a0                HAL_GetTick
 .text.HAL_NVIC_SetPriorityGrouping
                0x080013ac       0x24 Drivers/STM32F4xx_HAL_Driver/stm32f4xx_hal_cortex.o
                0x080013ac                HAL_NVIC_SetPriorityGrouping
 .text.HAL_NVIC_SetPriority
                0x080013d0       0x64 Drivers/STM32F4xx_HAL_Driver/stm32f4xx_hal_cortex.o
                0x080013d0                HAL_NVIC_SetPriority
 .text.HAL_NVIC_EnableIRQ
                0x08001434       0x1c Drivers/STM32F4xx_HAL_Driver/stm32f4xx_hal_cortex.o
                0x08001434                HAL_NVIC_EnableIRQ
 .text.HAL_SYSTICK_Config
                0x08001450       0x2c Drivers/STM32F4xx_HAL_Driver/stm32f4xx_hal_cortex.o
                0x08001450                HAL_SYSTICK_Config
 .text.HAL_DMA2D_Init
                0x0800147c       0x60 Drivers/STM32F4xx_HAL_Driver/stm32f4xx_hal_dma2d.o
                0x0800147c                HAL_DMA2D_Init
 .text.HAL_DMA2D_ConfigLayer
                0x080014dc       0xc4 Drivers/STM32F4xx_HAL_Driver/stm32f4xx_hal_dma2d.o
                0x080014dc                HAL_DMA2D_ConfigLayer
 .text.HAL_GPIO_Init
                0x080015a0      0x1e8 Drivers/STM32F4xx_HAL_Driver/stm32f4xx_hal_gpio.o
                0x080015a0                HAL_GPIO_Init
 .text.HAL_GPIO_WritePin
                0x08001788        0xc Drivers/STM32F4xx_HAL_Driver/stm32f4xx_hal_gpio.o
                0x08001788                HAL_GPIO_WritePin
 .text.HAL_I2C_Init
                0x08001794      0x1b4 Drivers/STM32F4xx_HAL_Driver/stm32f4xx_hal_i2c.o
                0x08001794                HAL_I2C_Init
 .text.HAL_I2CEx_ConfigAnalogFilter
                0x08001948       0x44 Drivers/STM32F4xx_HAL_Driver/stm32f4xx_hal_i2c_ex.o
                0x08001948                HAL_I2CEx_ConfigAnalogFilter
 .text.HAL_I2CEx_ConfigDigitalFilter
                0x0800198c       0x44 Drivers/STM32F4xx_HAL_Driver/stm32f4xx_hal_i2c_ex.o
                0x0800198c                HAL_I2CEx_ConfigDigitalFilter
 .text.LTDC_SetConfig
                0x080019d0      0x198 Drivers/STM32F4xx_HAL_Driver/stm32f4xx_hal_ltdc.o
 .text.HAL_LTDC_Init
                0x08001b68       0xf4 Drivers/STM32F4xx_HAL_Driver/stm32f4xx_hal_ltdc.o
                0x08001b68                HAL_LTDC_Init
 .text.HAL_LTDC_ConfigLayer
                0x08001c5c       0x5c Drivers/STM32F4xx_HAL_Driver/stm32f4xx_hal_ltdc.o
                0x08001c5c                HAL_LTDC_ConfigLayer
 .text.HAL_PWREx_EnableOverDrive
                0x08001cb8       0x84 Drivers/STM32F4xx_HAL_Driver/stm32f4xx_hal_pwr_ex.o
                0x08001cb8                HAL_PWREx_EnableOverDrive
 .text.HAL_RCC_OscConfig
                0x08001d3c      0x418 Drivers/STM32F4xx_HAL_Driver/stm32f4xx_hal_rcc.o
                0x08001d3c                HAL_RCC_OscConfig
 .text.HAL_RCC_GetSysClockFreq
                0x08002154       0xcc Drivers/STM32F4xx_HAL_Driver/stm32f4xx_hal_rcc.o
                0x08002154                HAL_RCC_GetSysClockFreq
 .text.HAL_RCC_ClockConfig
                0x08002220      0x168 Drivers/STM32F4xx_HAL_Driver/stm32f4xx_hal_rcc.o
                0x08002220                HAL_RCC_ClockConfig
 .text.HAL_RCC_GetHCLKFreq
                0x08002388        0xc Drivers/STM32F4xx_HAL_Driver/stm32f4xx_hal_rcc.o
                0x08002388                HAL_RCC_GetHCLKFreq
 .text.HAL_RCC_GetPCLK1Freq
                0x08002394       0x20 Drivers/STM32F4xx_HAL_Driver/stm32f4xx_hal_rcc.o
                0x08002394                HAL_RCC_GetPCLK1Freq
 .text.HAL_RCC_GetPCLK2Freq
                0x080023b4       0x20 Drivers/STM32F4xx_HAL_Driver/stm32f4xx_hal_rcc.o
                0x080023b4                HAL_RCC_GetPCLK2Freq
 .text.HAL_RCCEx_PeriphCLKConfig
                0x080023d4      0x290 Drivers/STM32F4xx_HAL_Driver/stm32f4xx_hal_rcc_ex.o
                0x080023d4                HAL_RCCEx_PeriphCLKConfig
 .text.HAL_SDRAM_Init
                0x08002664       0x44 Drivers/STM32F4xx_HAL_Driver/stm32f4xx_hal_sdram.o
                0x08002664                HAL_SDRAM_Init
 .text.HAL_SPI_Init
                0x080026a8       0x84 Drivers/STM32F4xx_HAL_Driver/stm32f4xx_hal_spi.o
                0x080026a8                HAL_SPI_Init
 .text.TIM_OC1_SetConfig
                0x0800272c       0x68 Drivers/STM32F4xx_HAL_Driver/stm32f4xx_hal_tim.o
 .text.TIM_OC3_SetConfig
                0x08002794       0x70 Drivers/STM32F4xx_HAL_Driver/stm32f4xx_hal_tim.o
 .text.TIM_OC4_SetConfig
                0x08002804       0x50 Drivers/STM32F4xx_HAL_Driver/stm32f4xx_hal_tim.o
 .text.TIM_TI1_ConfigInputStage
                0x08002854       0x28 Drivers/STM32F4xx_HAL_Driver/stm32f4xx_hal_tim.o
 .text.TIM_TI2_ConfigInputStage
                0x0800287c       0x28 Drivers/STM32F4xx_HAL_Driver/stm32f4xx_hal_tim.o
 .text.TIM_ITRx_SetConfig
                0x080028a4       0x10 Drivers/STM32F4xx_HAL_Driver/stm32f4xx_hal_tim.o
 .text.HAL_TIM_PWM_MspInit
                0x080028b4        0x4 Drivers/STM32F4xx_HAL_Driver/stm32f4xx_hal_tim.o
                0x080028b4                HAL_TIM_PWM_MspInit
 .text.HAL_TIM_PeriodElapsedCallback
                0x080028b8        0x4 Drivers/STM32F4xx_HAL_Driver/stm32f4xx_hal_tim.o
                0x080028b8                HAL_TIM_PeriodElapsedCallback
 .text.HAL_TIM_OC_DelayElapsedCallback
                0x080028bc        0x4 Drivers/STM32F4xx_HAL_Driver/stm32f4xx_hal_tim.o
                0x080028bc                HAL_TIM_OC_DelayElapsedCallback
 .text.HAL_TIM_IC_CaptureCallback
                0x080028c0        0x4 Drivers/STM32F4xx_HAL_Driver/stm32f4xx_hal_tim.o
                0x080028c0                HAL_TIM_IC_CaptureCallback
 .text.HAL_TIM_PWM_PulseFinishedCallback
                0x080028c4        0x4 Drivers/STM32F4xx_HAL_Driver/stm32f4xx_hal_tim.o
                0x080028c4                HAL_TIM_PWM_PulseFinishedCallback
 .text.HAL_TIM_TriggerCallback
                0x080028c8        0x4 Drivers/STM32F4xx_HAL_Driver/stm32f4xx_hal_tim.o
                0x080028c8                HAL_TIM_TriggerCallback
 .text.HAL_TIM_IRQHandler
                0x080028cc      0x174 Drivers/STM32F4xx_HAL_Driver/stm32f4xx_hal_tim.o
                0x080028cc                HAL_TIM_IRQHandler
 .text.TIM_Base_SetConfig
                0x08002a40       0xc8 Drivers/STM32F4xx_HAL_Driver/stm32f4xx_hal_tim.o
                0x08002a40                TIM_Base_SetConfig
 .text.HAL_TIM_Base_Init
                0x08002b08       0x38 Drivers/STM32F4xx_HAL_Driver/stm32f4xx_hal_tim.o
                0x08002b08                HAL_TIM_Base_Init
 .text.HAL_TIM_PWM_Init
                0x08002b40       0x38 Drivers/STM32F4xx_HAL_Driver/stm32f4xx_hal_tim.o
                0x08002b40                HAL_TIM_PWM_Init
 .text.TIM_OC2_SetConfig
                0x08002b78       0x70 Drivers/STM32F4xx_HAL_Driver/stm32f4xx_hal_tim.o
                0x08002b78                TIM_OC2_SetConfig
 .text.HAL_TIM_PWM_ConfigChannel
                0x08002be8       0xdc Drivers/STM32F4xx_HAL_Driver/stm32f4xx_hal_tim.o
                0x08002be8                HAL_TIM_PWM_ConfigChannel
 .text.TIM_ETR_SetConfig
                0x08002cc4       0x1c Drivers/STM32F4xx_HAL_Driver/stm32f4xx_hal_tim.o
                0x08002cc4                TIM_ETR_SetConfig
 .text.HAL_TIM_ConfigClockSource
                0x08002ce0       0xe4 Drivers/STM32F4xx_HAL_Driver/stm32f4xx_hal_tim.o
                0x08002ce0                HAL_TIM_ConfigClockSource
 .text.HAL_TIMEx_CommutCallback
                0x08002dc4        0x4 Drivers/STM32F4xx_HAL_Driver/stm32f4xx_hal_tim_ex.o
                0x08002dc4                HAL_TIMEx_CommutCallback
 .text.HAL_TIMEx_BreakCallback
                0x08002dc8        0x4 Drivers/STM32F4xx_HAL_Driver/stm32f4xx_hal_tim_ex.o
                0x08002dc8                HAL_TIMEx_BreakCallback
 .text.UART_SetConfig
                0x08002dcc      0x1d0 Drivers/STM32F4xx_HAL_Driver/stm32f4xx_hal_uart.o
 .text.HAL_UART_Init
                0x08002f9c       0x64 Drivers/STM32F4xx_HAL_Driver/stm32f4xx_hal_uart.o
                0x08002f9c                HAL_UART_Init
 .text.FMC_SDRAM_Init
                0x08003000       0x7c Drivers/STM32F4xx_HAL_Driver/stm32f4xx_ll_fmc.o
                0x08003000                FMC_SDRAM_Init
 .text.FMC_SDRAM_Timing_Init
                0x0800307c       0x9c Drivers/STM32F4xx_HAL_Driver/stm32f4xx_ll_fmc.o
                0x0800307c                FMC_SDRAM_Timing_Init
 .text.__libc_init_array
                0x08003118       0x4c c:/users/artur/.p2/pool/plugins/fr.ac6.mcu.externaltools.arm-none.win32_1.13.2.201703061525/tools/compiler/bin/../lib/gcc/arm-none-eabi/5.4.1/../../../../arm-none-eabi/lib/armv7e-m/fpu\libc_nano.a(lib_a-init.o)
                0x08003118                __libc_init_array
 .text.memset   0x08003164       0x10 c:/users/artur/.p2/pool/plugins/fr.ac6.mcu.externaltools.arm-none.win32_1.13.2.201703061525/tools/compiler/bin/../lib/gcc/arm-none-eabi/5.4.1/../../../../arm-none-eabi/lib/armv7e-m/fpu\libc_nano.a(lib_a-memset.o)
                0x08003164                memset
 *(.glue_7)
 .glue_7        0x08003174        0x0 linker stubs
 *(.glue_7t)
 .glue_7t       0x08003174        0x0 linker stubs
 *(.eh_frame)
 .eh_frame      0x08003174        0x0 c:/users/artur/.p2/pool/plugins/fr.ac6.mcu.externaltools.arm-none.win32_1.13.2.201703061525/tools/compiler/bin/../lib/gcc/arm-none-eabi/5.4.1/armv7e-m/fpu/crtbegin.o
 *(.init)
 .init          0x08003174        0x4 c:/users/artur/.p2/pool/plugins/fr.ac6.mcu.externaltools.arm-none.win32_1.13.2.201703061525/tools/compiler/bin/../lib/gcc/arm-none-eabi/5.4.1/armv7e-m/fpu/crti.o
                0x08003174                _init
 .init          0x08003178        0x8 c:/users/artur/.p2/pool/plugins/fr.ac6.mcu.externaltools.arm-none.win32_1.13.2.201703061525/tools/compiler/bin/../lib/gcc/arm-none-eabi/5.4.1/armv7e-m/fpu/crtn.o
 *(.fini)
 .fini          0x08003180        0x4 c:/users/artur/.p2/pool/plugins/fr.ac6.mcu.externaltools.arm-none.win32_1.13.2.201703061525/tools/compiler/bin/../lib/gcc/arm-none-eabi/5.4.1/armv7e-m/fpu/crti.o
                0x08003180                _fini
 .fini          0x08003184        0x8 c:/users/artur/.p2/pool/plugins/fr.ac6.mcu.externaltools.arm-none.win32_1.13.2.201703061525/tools/compiler/bin/../lib/gcc/arm-none-eabi/5.4.1/armv7e-m/fpu/crtn.o
                0x0800318c                . = ALIGN (0x4)
                0x0800318c                _etext = .

.vfp11_veneer   0x0800318c        0x0
 .vfp11_veneer  0x0800318c        0x0 linker stubs

.v4_bx          0x0800318c        0x0
 .v4_bx         0x0800318c        0x0 linker stubs

.iplt           0x0800318c        0x0
 .iplt          0x0800318c        0x0 c:/users/artur/.p2/pool/plugins/fr.ac6.mcu.externaltools.arm-none.win32_1.13.2.201703061525/tools/compiler/bin/../lib/gcc/arm-none-eabi/5.4.1/armv7e-m/fpu/crtbegin.o

.rodata         0x0800318c       0x18
                0x0800318c                . = ALIGN (0x4)
 *(.rodata)
 .rodata        0x0800318c       0x18 Drivers/CMSIS/system_stm32f4xx.o
                0x0800318c                AHBPrescTable
                0x0800319c                APBPrescTable
 *(.rodata*)
                0x080031a4                . = ALIGN (0x4)

.ARM.extab
 *(.ARM.extab* .gnu.linkonce.armextab.*)

.ARM            0x080031a4        0x8
                0x080031a4                __exidx_start = .
 *(.ARM.exidx*)
 .ARM.exidx     0x080031a4        0x8 c:/users/artur/.p2/pool/plugins/fr.ac6.mcu.externaltools.arm-none.win32_1.13.2.201703061525/tools/compiler/bin/../lib/gcc/arm-none-eabi/5.4.1/armv7e-m/fpu\libgcc.a(_udivmoddi4.o)
                0x080031ac                __exidx_end = .

.rel.dyn        0x080031ac        0x0
 .rel.iplt      0x080031ac        0x0 c:/users/artur/.p2/pool/plugins/fr.ac6.mcu.externaltools.arm-none.win32_1.13.2.201703061525/tools/compiler/bin/../lib/gcc/arm-none-eabi/5.4.1/armv7e-m/fpu/crtbegin.o

.preinit_array  0x080031ac        0x0
                0x080031ac                PROVIDE (__preinit_array_start, .)
 *(.preinit_array*)
                0x080031ac                PROVIDE (__preinit_array_end, .)

.init_array     0x080031ac        0x4
                0x080031ac                PROVIDE (__init_array_start, .)
 *(SORT(.init_array.*))
 *(.init_array*)
 .init_array    0x080031ac        0x4 c:/users/artur/.p2/pool/plugins/fr.ac6.mcu.externaltools.arm-none.win32_1.13.2.201703061525/tools/compiler/bin/../lib/gcc/arm-none-eabi/5.4.1/armv7e-m/fpu/crtbegin.o
                0x080031b0                PROVIDE (__init_array_end, .)

.fini_array     0x080031b0        0x4
                [!provide]                PROVIDE (__fini_array_start, .)
 *(SORT(.fini_array.*))
 *(.fini_array*)
 .fini_array    0x080031b0        0x4 c:/users/artur/.p2/pool/plugins/fr.ac6.mcu.externaltools.arm-none.win32_1.13.2.201703061525/tools/compiler/bin/../lib/gcc/arm-none-eabi/5.4.1/armv7e-m/fpu/crtbegin.o
                [!provide]                PROVIDE (__fini_array_end, .)
                0x080031b4                _sidata = LOADADDR (.data)

.data           0x20000000        0xc load address 0x080031b4
                0x20000000                . = ALIGN (0x4)
                0x20000000                _sdata = .
 *(.data)
 .data          0x20000000        0x4 Drivers/CMSIS/system_stm32f4xx.o
                0x20000000                SystemCoreClock
 .data          0x20000004        0x8 Drivers/STM32F4xx_HAL_Driver/stm32f4xx_hal.o
                0x20000004                uwTickFreq
                0x20000008                uwTickPrio
 *(.data*)
                0x2000000c                . = ALIGN (0x4)
                0x2000000c                _edata = .
                0x080031c0                _siccmram = LOADADDR (.ccmram)

.jcr            0x2000000c        0x0 load address 0x080031c0
 .jcr           0x2000000c        0x0 c:/users/artur/.p2/pool/plugins/fr.ac6.mcu.externaltools.arm-none.win32_1.13.2.201703061525/tools/compiler/bin/../lib/gcc/arm-none-eabi/5.4.1/armv7e-m/fpu/crtbegin.o

.igot.plt       0x2000000c        0x0 load address 0x080031c0
 .igot.plt      0x2000000c        0x0 c:/users/artur/.p2/pool/plugins/fr.ac6.mcu.externaltools.arm-none.win32_1.13.2.201703061525/tools/compiler/bin/../lib/gcc/arm-none-eabi/5.4.1/armv7e-m/fpu/crtbegin.o

.ccmram         0x10000000        0x0 load address 0x080031c0
                0x10000000                . = ALIGN (0x4)
                0x10000000                _sccmram = .
 *(.ccmram)
 *(.ccmram*)
                0x10000000                . = ALIGN (0x4)
                0x10000000                _eccmram = .
                0x10000000                . = ALIGN (0x4)

.bss            0x2000000c      0x420
                0x2000000c                _sbss = .
                0x2000000c                __bss_start__ = _sbss
 *(.bss)
 .bss           0x2000000c       0x1c c:/users/artur/.p2/pool/plugins/fr.ac6.mcu.externaltools.arm-none.win32_1.13.2.201703061525/tools/compiler/bin/../lib/gcc/arm-none-eabi/5.4.1/armv7e-m/fpu/crtbegin.o
 .bss           0x20000028      0x120 Application/User/Core/UartRingbuffer_multi.o
                0x20000028                rx_buffer1
                0x20000070                tx_buffer1
                0x200000b8                rx_buffer2
                0x20000100                tx_buffer2
 .bss           0x20000148        0x8 Application/User/Core/stm32f4xx_hal_msp.o
 *(.bss*)
 *(COMMON)
 COMMON         0x20000150       0x10 Application/User/Core/UartRingbuffer_multi.o
                0x20000150                _tx_buffer2
                0x20000154                _rx_buffer1
                0x20000158                _tx_buffer1
                0x2000015c                _rx_buffer2
 COMMON         0x20000160      0x2c8 Application/User/Core/main.o
                0x20000160                hi2c3
                0x200001b4                hspi5
                0x2000020c                hltdc
                0x200002b4                huart1
                0x200002f4                htim11
                0x20000334                htim9
                0x20000374                huart6
                0x200003b4                hdma2d
                0x200003f4                hsdram1
 COMMON         0x20000428        0x4 Drivers/STM32F4xx_HAL_Driver/stm32f4xx_hal.o
                0x20000428                uwTick
                0x2000042c                . = ALIGN (0x4)
                0x2000042c                _ebss = .
                0x2000042c                __bss_end__ = _ebss

._user_heap_stack
                0x2000042c      0x604
                0x20000430                . = ALIGN (0x8)
 *fill*         0x2000042c        0x4 
                0x20000430                PROVIDE (end, .)
                [!provide]                PROVIDE (_end, .)
                0x20000630                . = (. + _Min_Heap_Size)
 *fill*         0x20000430      0x200 
                0x20000a30                . = (. + _Min_Stack_Size)
 *fill*         0x20000630      0x400 
                0x20000a30                . = ALIGN (0x8)

/DISCARD/
 libc.a(*)
 libm.a(*)
 libgcc.a(*)

.ARM.attributes
                0x00000000       0x30
 *(.ARM.attributes)
 .ARM.attributes
                0x00000000       0x22 c:/users/artur/.p2/pool/plugins/fr.ac6.mcu.externaltools.arm-none.win32_1.13.2.201703061525/tools/compiler/bin/../lib/gcc/arm-none-eabi/5.4.1/armv7e-m/fpu/crti.o
 .ARM.attributes
                0x00000022       0x34 c:/users/artur/.p2/pool/plugins/fr.ac6.mcu.externaltools.arm-none.win32_1.13.2.201703061525/tools/compiler/bin/../lib/gcc/arm-none-eabi/5.4.1/armv7e-m/fpu/crtbegin.o
 .ARM.attributes
                0x00000056       0x21 Application/SW4STM32/startup_stm32f429xx.o
 .ARM.attributes
                0x00000077       0x39 Application/User/Core/UartRingbuffer_multi.o
 .ARM.attributes
                0x000000b0       0x39 Application/User/Core/main.o
 .ARM.attributes
                0x000000e9       0x39 Application/User/Core/stm32f4xx_hal_msp.o
 .ARM.attributes
                0x00000122       0x39 Application/User/Core/stm32f4xx_it.o
 .ARM.attributes
                0x0000015b       0x39 Drivers/CMSIS/system_stm32f4xx.o
 .ARM.attributes
                0x00000194       0x39 Drivers/STM32F4xx_HAL_Driver/stm32f4xx_hal.o
 .ARM.attributes
                0x000001cd       0x39 Drivers/STM32F4xx_HAL_Driver/stm32f4xx_hal_cortex.o
 .ARM.attributes
                0x00000206       0x39 Drivers/STM32F4xx_HAL_Driver/stm32f4xx_hal_dma2d.o
 .ARM.attributes
                0x0000023f       0x39 Drivers/STM32F4xx_HAL_Driver/stm32f4xx_hal_gpio.o
 .ARM.attributes
                0x00000278       0x39 Drivers/STM32F4xx_HAL_Driver/stm32f4xx_hal_i2c.o
 .ARM.attributes
                0x000002b1       0x39 Drivers/STM32F4xx_HAL_Driver/stm32f4xx_hal_i2c_ex.o
 .ARM.attributes
                0x000002ea       0x39 Drivers/STM32F4xx_HAL_Driver/stm32f4xx_hal_ltdc.o
 .ARM.attributes
                0x00000323       0x39 Drivers/STM32F4xx_HAL_Driver/stm32f4xx_hal_pwr_ex.o
 .ARM.attributes
                0x0000035c       0x39 Drivers/STM32F4xx_HAL_Driver/stm32f4xx_hal_rcc.o
 .ARM.attributes
                0x00000395       0x39 Drivers/STM32F4xx_HAL_Driver/stm32f4xx_hal_rcc_ex.o
 .ARM.attributes
                0x000003ce       0x39 Drivers/STM32F4xx_HAL_Driver/stm32f4xx_hal_sdram.o
 .ARM.attributes
                0x00000407       0x39 Drivers/STM32F4xx_HAL_Driver/stm32f4xx_hal_spi.o
 .ARM.attributes
                0x00000440       0x39 Drivers/STM32F4xx_HAL_Driver/stm32f4xx_hal_tim.o
 .ARM.attributes
                0x00000479       0x39 Drivers/STM32F4xx_HAL_Driver/stm32f4xx_hal_tim_ex.o
 .ARM.attributes
                0x000004b2       0x39 Drivers/STM32F4xx_HAL_Driver/stm32f4xx_hal_uart.o
 .ARM.attributes
                0x000004eb       0x39 Drivers/STM32F4xx_HAL_Driver/stm32f4xx_ll_fmc.o
 .ARM.attributes
                0x00000524       0x22 c:/users/artur/.p2/pool/plugins/fr.ac6.mcu.externaltools.arm-none.win32_1.13.2.201703061525/tools/compiler/bin/../lib/gcc/arm-none-eabi/5.4.1/armv7e-m/fpu\libgcc.a(_aeabi_uldivmod.o)
 .ARM.attributes
                0x00000546       0x34 c:/users/artur/.p2/pool/plugins/fr.ac6.mcu.externaltools.arm-none.win32_1.13.2.201703061525/tools/compiler/bin/../lib/gcc/arm-none-eabi/5.4.1/armv7e-m/fpu\libgcc.a(_udivmoddi4.o)
 .ARM.attributes
                0x0000057a       0x22 c:/users/artur/.p2/pool/plugins/fr.ac6.mcu.externaltools.arm-none.win32_1.13.2.201703061525/tools/compiler/bin/../lib/gcc/arm-none-eabi/5.4.1/armv7e-m/fpu\libgcc.a(_dvmd_tls.o)
 .ARM.attributes
                0x0000059c       0x34 c:/users/artur/.p2/pool/plugins/fr.ac6.mcu.externaltools.arm-none.win32_1.13.2.201703061525/tools/compiler/bin/../lib/gcc/arm-none-eabi/5.4.1/../../../../arm-none-eabi/lib/armv7e-m/fpu\libc_nano.a(lib_a-init.o)
 .ARM.attributes
                0x000005d0       0x34 c:/users/artur/.p2/pool/plugins/fr.ac6.mcu.externaltools.arm-none.win32_1.13.2.201703061525/tools/compiler/bin/../lib/gcc/arm-none-eabi/5.4.1/../../../../arm-none-eabi/lib/armv7e-m/fpu\libc_nano.a(lib_a-memset.o)
 .ARM.attributes
                0x00000604       0x22 c:/users/artur/.p2/pool/plugins/fr.ac6.mcu.externaltools.arm-none.win32_1.13.2.201703061525/tools/compiler/bin/../lib/gcc/arm-none-eabi/5.4.1/armv7e-m/fpu/crtn.o
OUTPUT(LCD_Control_via_ESP8266.elf elf32-littlearm)

.debug_line     0x00000000    0x1184f
 .debug_line    0x00000000       0xc3 Application/SW4STM32/startup_stm32f429xx.o
 .debug_line    0x000000c3      0xaf0 Application/User/Core/UartRingbuffer_multi.o
 .debug_line    0x00000bb3      0xc28 Application/User/Core/main.o
 .debug_line    0x000017db      0xa4e Application/User/Core/stm32f4xx_hal_msp.o
 .debug_line    0x00002229      0x934 Application/User/Core/stm32f4xx_it.o
 .debug_line    0x00002b5d      0x87b Drivers/CMSIS/system_stm32f4xx.o
 .debug_line    0x000033d8      0xa78 Drivers/STM32F4xx_HAL_Driver/stm32f4xx_hal.o
 .debug_line    0x00003e50      0xa74 Drivers/STM32F4xx_HAL_Driver/stm32f4xx_hal_cortex.o
 .debug_line    0x000048c4      0xe0e Drivers/STM32F4xx_HAL_Driver/stm32f4xx_hal_dma2d.o
 .debug_line    0x000056d2      0x9f0 Drivers/STM32F4xx_HAL_Driver/stm32f4xx_hal_gpio.o
 .debug_line    0x000060c2     0x1c9a Drivers/STM32F4xx_HAL_Driver/stm32f4xx_hal_i2c.o
 .debug_line    0x00007d5c      0x898 Drivers/STM32F4xx_HAL_Driver/stm32f4xx_hal_i2c_ex.o
 .debug_line    0x000085f4     0x113d Drivers/STM32F4xx_HAL_Driver/stm32f4xx_hal_ltdc.o
 .debug_line    0x00009731      0x962 Drivers/STM32F4xx_HAL_Driver/stm32f4xx_hal_pwr_ex.o
 .debug_line    0x0000a093      0xafc Drivers/STM32F4xx_HAL_Driver/stm32f4xx_hal_rcc.o
 .debug_line    0x0000ab8f      0xa14 Drivers/STM32F4xx_HAL_Driver/stm32f4xx_hal_rcc_ex.o
 .debug_line    0x0000b5a3      0xb67 Drivers/STM32F4xx_HAL_Driver/stm32f4xx_hal_sdram.o
 .debug_line    0x0000c10a     0x1228 Drivers/STM32F4xx_HAL_Driver/stm32f4xx_hal_spi.o
 .debug_line    0x0000d332     0x19c4 Drivers/STM32F4xx_HAL_Driver/stm32f4xx_hal_tim.o
 .debug_line    0x0000ecf6      0xe6d Drivers/STM32F4xx_HAL_Driver/stm32f4xx_hal_tim_ex.o
 .debug_line    0x0000fb63     0x1131 Drivers/STM32F4xx_HAL_Driver/stm32f4xx_hal_uart.o
 .debug_line    0x00010c94      0xbbb Drivers/STM32F4xx_HAL_Driver/stm32f4xx_ll_fmc.o

.debug_info     0x00000000    0x18e3f
 .debug_info    0x00000000       0xf8 Application/SW4STM32/startup_stm32f429xx.o
 .debug_info    0x000000f8      0xcbc Application/User/Core/UartRingbuffer_multi.o
 .debug_info    0x00000db4     0x22f7 Application/User/Core/main.o
 .debug_info    0x000030ab     0x2442 Application/User/Core/stm32f4xx_hal_msp.o
 .debug_info    0x000054ed      0x90f Application/User/Core/stm32f4xx_it.o
 .debug_info    0x00005dfc      0x50f Drivers/CMSIS/system_stm32f4xx.o
 .debug_info    0x0000630b      0x9f4 Drivers/STM32F4xx_HAL_Driver/stm32f4xx_hal.o
 .debug_info    0x00006cff      0xf3f Drivers/STM32F4xx_HAL_Driver/stm32f4xx_hal_cortex.o
 .debug_info    0x00007c3e     0x10f9 Drivers/STM32F4xx_HAL_Driver/stm32f4xx_hal_dma2d.o
 .debug_info    0x00008d37      0x738 Drivers/STM32F4xx_HAL_Driver/stm32f4xx_hal_gpio.o
 .debug_info    0x0000946f     0x3352 Drivers/STM32F4xx_HAL_Driver/stm32f4xx_hal_i2c.o
 .debug_info    0x0000c7c1      0x67e Drivers/STM32F4xx_HAL_Driver/stm32f4xx_hal_i2c_ex.o
 .debug_info    0x0000ce3f     0x12d7 Drivers/STM32F4xx_HAL_Driver/stm32f4xx_hal_ltdc.o
 .debug_info    0x0000e116      0x769 Drivers/STM32F4xx_HAL_Driver/stm32f4xx_hal_pwr_ex.o
 .debug_info    0x0000e87f      0xa67 Drivers/STM32F4xx_HAL_Driver/stm32f4xx_hal_rcc.o
 .debug_info    0x0000f2e6      0x7a8 Drivers/STM32F4xx_HAL_Driver/stm32f4xx_hal_rcc_ex.o
 .debug_info    0x0000fa8e      0xd99 Drivers/STM32F4xx_HAL_Driver/stm32f4xx_hal_sdram.o
 .debug_info    0x00010827     0x1ba1 Drivers/STM32F4xx_HAL_Driver/stm32f4xx_hal_spi.o
 .debug_info    0x000123c8     0x312b Drivers/STM32F4xx_HAL_Driver/stm32f4xx_hal_tim.o
 .debug_info    0x000154f3     0x1426 Drivers/STM32F4xx_HAL_Driver/stm32f4xx_hal_tim_ex.o
 .debug_info    0x00016919     0x167a Drivers/STM32F4xx_HAL_Driver/stm32f4xx_hal_uart.o
 .debug_info    0x00017f93      0xeac Drivers/STM32F4xx_HAL_Driver/stm32f4xx_ll_fmc.o

.debug_abbrev   0x00000000     0x2a3c
 .debug_abbrev  0x00000000       0x12 Application/SW4STM32/startup_stm32f429xx.o
 .debug_abbrev  0x00000012      0x2c8 Application/User/Core/UartRingbuffer_multi.o
 .debug_abbrev  0x000002da      0x247 Application/User/Core/main.o
 .debug_abbrev  0x00000521      0x23c Application/User/Core/stm32f4xx_hal_msp.o
 .debug_abbrev  0x0000075d      0x197 Application/User/Core/stm32f4xx_it.o
 .debug_abbrev  0x000008f4      0x102 Drivers/CMSIS/system_stm32f4xx.o
 .debug_abbrev  0x000009f6      0x1ed Drivers/STM32F4xx_HAL_Driver/stm32f4xx_hal.o
 .debug_abbrev  0x00000be3      0x2fc Drivers/STM32F4xx_HAL_Driver/stm32f4xx_hal_cortex.o
 .debug_abbrev  0x00000edf      0x231 Drivers/STM32F4xx_HAL_Driver/stm32f4xx_hal_dma2d.o
 .debug_abbrev  0x00001110      0x1da Drivers/STM32F4xx_HAL_Driver/stm32f4xx_hal_gpio.o
 .debug_abbrev  0x000012ea      0x258 Drivers/STM32F4xx_HAL_Driver/stm32f4xx_hal_i2c.o
 .debug_abbrev  0x00001542      0x125 Drivers/STM32F4xx_HAL_Driver/stm32f4xx_hal_i2c_ex.o
 .debug_abbrev  0x00001667      0x1fb Drivers/STM32F4xx_HAL_Driver/stm32f4xx_hal_ltdc.o
 .debug_abbrev  0x00001862      0x1a7 Drivers/STM32F4xx_HAL_Driver/stm32f4xx_hal_pwr_ex.o
 .debug_abbrev  0x00001a09      0x26f Drivers/STM32F4xx_HAL_Driver/stm32f4xx_hal_rcc.o
 .debug_abbrev  0x00001c78      0x16e Drivers/STM32F4xx_HAL_Driver/stm32f4xx_hal_rcc_ex.o
 .debug_abbrev  0x00001de6      0x212 Drivers/STM32F4xx_HAL_Driver/stm32f4xx_hal_sdram.o
 .debug_abbrev  0x00001ff8      0x22c Drivers/STM32F4xx_HAL_Driver/stm32f4xx_hal_spi.o
 .debug_abbrev  0x00002224      0x208 Drivers/STM32F4xx_HAL_Driver/stm32f4xx_hal_tim.o
 .debug_abbrev  0x0000242c      0x219 Drivers/STM32F4xx_HAL_Driver/stm32f4xx_hal_tim_ex.o
 .debug_abbrev  0x00002645      0x25a Drivers/STM32F4xx_HAL_Driver/stm32f4xx_hal_uart.o
 .debug_abbrev  0x0000289f      0x19d Drivers/STM32F4xx_HAL_Driver/stm32f4xx_ll_fmc.o

.debug_aranges  0x00000000     0x1550
 .debug_aranges
                0x00000000       0x28 Application/SW4STM32/startup_stm32f429xx.o
 .debug_aranges
                0x00000028       0x88 Application/User/Core/UartRingbuffer_multi.o
 .debug_aranges
                0x000000b0       0x80 Application/User/Core/main.o
 .debug_aranges
                0x00000130       0xa8 Application/User/Core/stm32f4xx_hal_msp.o
 .debug_aranges
                0x000001d8       0x80 Application/User/Core/stm32f4xx_it.o
 .debug_aranges
                0x00000258       0x28 Drivers/CMSIS/system_stm32f4xx.o
 .debug_aranges
                0x00000280      0x100 Drivers/STM32F4xx_HAL_Driver/stm32f4xx_hal.o
 .debug_aranges
                0x00000380       0xa8 Drivers/STM32F4xx_HAL_Driver/stm32f4xx_hal_cortex.o
 .debug_aranges
                0x00000428      0x118 Drivers/STM32F4xx_HAL_Driver/stm32f4xx_hal_dma2d.o
 .debug_aranges
                0x00000540       0x58 Drivers/STM32F4xx_HAL_Driver/stm32f4xx_hal_gpio.o
 .debug_aranges
                0x00000598      0x2a0 Drivers/STM32F4xx_HAL_Driver/stm32f4xx_hal_i2c.o
 .debug_aranges
                0x00000838       0x28 Drivers/STM32F4xx_HAL_Driver/stm32f4xx_hal_i2c_ex.o
 .debug_aranges
                0x00000860      0x158 Drivers/STM32F4xx_HAL_Driver/stm32f4xx_hal_ltdc.o
 .debug_aranges
                0x000009b8       0x60 Drivers/STM32F4xx_HAL_Driver/stm32f4xx_hal_pwr_ex.o
 .debug_aranges
                0x00000a18       0x88 Drivers/STM32F4xx_HAL_Driver/stm32f4xx_hal_rcc.o
 .debug_aranges
                0x00000aa0       0x58 Drivers/STM32F4xx_HAL_Driver/stm32f4xx_hal_rcc_ex.o
 .debug_aranges
                0x00000af8       0xd0 Drivers/STM32F4xx_HAL_Driver/stm32f4xx_hal_sdram.o
 .debug_aranges
                0x00000bc8      0x1d0 Drivers/STM32F4xx_HAL_Driver/stm32f4xx_hal_spi.o
 .debug_aranges
                0x00000d98      0x3a8 Drivers/STM32F4xx_HAL_Driver/stm32f4xx_hal_tim.o
 .debug_aranges
                0x00001140      0x150 Drivers/STM32F4xx_HAL_Driver/stm32f4xx_hal_tim_ex.o
 .debug_aranges
                0x00001290      0x1d0 Drivers/STM32F4xx_HAL_Driver/stm32f4xx_hal_uart.o
 .debug_aranges
                0x00001460       0xf0 Drivers/STM32F4xx_HAL_Driver/stm32f4xx_ll_fmc.o

.debug_ranges   0x00000000     0x1428
 .debug_ranges  0x00000000       0x20 Application/SW4STM32/startup_stm32f429xx.o
 .debug_ranges  0x00000020       0x78 Application/User/Core/UartRingbuffer_multi.o
 .debug_ranges  0x00000098       0x70 Application/User/Core/main.o
 .debug_ranges  0x00000108       0x98 Application/User/Core/stm32f4xx_hal_msp.o
 .debug_ranges  0x000001a0       0x70 Application/User/Core/stm32f4xx_it.o
 .debug_ranges  0x00000210       0x18 Drivers/CMSIS/system_stm32f4xx.o
 .debug_ranges  0x00000228       0xf0 Drivers/STM32F4xx_HAL_Driver/stm32f4xx_hal.o
 .debug_ranges  0x00000318       0x98 Drivers/STM32F4xx_HAL_Driver/stm32f4xx_hal_cortex.o
 .debug_ranges  0x000003b0      0x108 Drivers/STM32F4xx_HAL_Driver/stm32f4xx_hal_dma2d.o
 .debug_ranges  0x000004b8       0x48 Drivers/STM32F4xx_HAL_Driver/stm32f4xx_hal_gpio.o
 .debug_ranges  0x00000500      0x2a8 Drivers/STM32F4xx_HAL_Driver/stm32f4xx_hal_i2c.o
 .debug_ranges  0x000007a8       0x18 Drivers/STM32F4xx_HAL_Driver/stm32f4xx_hal_i2c_ex.o
 .debug_ranges  0x000007c0      0x148 Drivers/STM32F4xx_HAL_Driver/stm32f4xx_hal_ltdc.o
 .debug_ranges  0x00000908       0x50 Drivers/STM32F4xx_HAL_Driver/stm32f4xx_hal_pwr_ex.o
 .debug_ranges  0x00000958       0x90 Drivers/STM32F4xx_HAL_Driver/stm32f4xx_hal_rcc.o
 .debug_ranges  0x000009e8       0x48 Drivers/STM32F4xx_HAL_Driver/stm32f4xx_hal_rcc_ex.o
 .debug_ranges  0x00000a30       0xc0 Drivers/STM32F4xx_HAL_Driver/stm32f4xx_hal_sdram.o
 .debug_ranges  0x00000af0      0x1c0 Drivers/STM32F4xx_HAL_Driver/stm32f4xx_hal_spi.o
 .debug_ranges  0x00000cb0      0x398 Drivers/STM32F4xx_HAL_Driver/stm32f4xx_hal_tim.o
 .debug_ranges  0x00001048      0x140 Drivers/STM32F4xx_HAL_Driver/stm32f4xx_hal_tim_ex.o
 .debug_ranges  0x00001188      0x1c0 Drivers/STM32F4xx_HAL_Driver/stm32f4xx_hal_uart.o
 .debug_ranges  0x00001348       0xe0 Drivers/STM32F4xx_HAL_Driver/stm32f4xx_ll_fmc.o

.debug_loc      0x00000000    0x105c9
 .debug_loc     0x00000000      0x735 Application/User/Core/UartRingbuffer_multi.o
 .debug_loc     0x00000735       0x31 Application/User/Core/main.o
 .debug_loc     0x00000766      0x211 Application/User/Core/stm32f4xx_hal_msp.o
 .debug_loc     0x00000977      0x132 Drivers/CMSIS/system_stm32f4xx.o
 .debug_loc     0x00000aa9      0x11b Drivers/STM32F4xx_HAL_Driver/stm32f4xx_hal.o
 .debug_loc     0x00000bc4      0x548 Drivers/STM32F4xx_HAL_Driver/stm32f4xx_hal_cortex.o
 .debug_loc     0x0000110c      0xf9f Drivers/STM32F4xx_HAL_Driver/stm32f4xx_hal_dma2d.o
 .debug_loc     0x000020ab      0x388 Drivers/STM32F4xx_HAL_Driver/stm32f4xx_hal_gpio.o
 .debug_loc     0x00002433     0x3621 Drivers/STM32F4xx_HAL_Driver/stm32f4xx_hal_i2c.o
 .debug_loc     0x00005a54      0x102 Drivers/STM32F4xx_HAL_Driver/stm32f4xx_hal_i2c_ex.o
 .debug_loc     0x00005b56     0x16a2 Drivers/STM32F4xx_HAL_Driver/stm32f4xx_hal_ltdc.o
 .debug_loc     0x000071f8      0x1e7 Drivers/STM32F4xx_HAL_Driver/stm32f4xx_hal_pwr_ex.o
 .debug_loc     0x000073df      0x4c3 Drivers/STM32F4xx_HAL_Driver/stm32f4xx_hal_rcc.o
 .debug_loc     0x000078a2      0x440 Drivers/STM32F4xx_HAL_Driver/stm32f4xx_hal_rcc_ex.o
 .debug_loc     0x00007ce2      0xc11 Drivers/STM32F4xx_HAL_Driver/stm32f4xx_hal_sdram.o
 .debug_loc     0x000088f3     0x188e Drivers/STM32F4xx_HAL_Driver/stm32f4xx_hal_spi.o
 .debug_loc     0x0000a181     0x379e Drivers/STM32F4xx_HAL_Driver/stm32f4xx_hal_tim.o
 .debug_loc     0x0000d91f      0xfe6 Drivers/STM32F4xx_HAL_Driver/stm32f4xx_hal_tim_ex.o
 .debug_loc     0x0000e905     0x1330 Drivers/STM32F4xx_HAL_Driver/stm32f4xx_hal_uart.o
 .debug_loc     0x0000fc35      0x994 Drivers/STM32F4xx_HAL_Driver/stm32f4xx_ll_fmc.o

.debug_macro    0x00000000     0x3793
 .debug_macro   0x00000000      0x2ff Application/User/Core/UartRingbuffer_multi.o
 .debug_macro   0x000002ff       0x10 Application/User/Core/UartRingbuffer_multi.o
 .debug_macro   0x0000030f      0x2a1 Application/User/Core/main.o
 .debug_macro   0x000005b0       0x28 Application/User/Core/main.o
 .debug_macro   0x000005d8      0x265 Application/User/Core/main.o
 .debug_macro   0x0000083d       0xb0 Application/User/Core/main.o
 .debug_macro   0x000008ed       0x10 Application/User/Core/main.o
 .debug_macro   0x000008fd      0x26d Application/User/Core/main.o
 .debug_macro   0x00000b6a      0x121 Application/User/Core/main.o
 .debug_macro   0x00000c8b       0x10 Application/User/Core/main.o
 .debug_macro   0x00000c9b      0x23f Application/User/Core/stm32f4xx_hal_msp.o
 .debug_macro   0x00000eda      0x249 Application/User/Core/stm32f4xx_it.o
 .debug_macro   0x00001123      0x236 Drivers/CMSIS/system_stm32f4xx.o
 .debug_macro   0x00001359      0x290 Drivers/STM32F4xx_HAL_Driver/stm32f4xx_hal.o
 .debug_macro   0x000015e9      0x230 Drivers/STM32F4xx_HAL_Driver/stm32f4xx_hal_cortex.o
 .debug_macro   0x00001819      0x23f Drivers/STM32F4xx_HAL_Driver/stm32f4xx_hal_dma2d.o
 .debug_macro   0x00001a58      0x266 Drivers/STM32F4xx_HAL_Driver/stm32f4xx_hal_gpio.o
 .debug_macro   0x00001cbe      0x277 Drivers/STM32F4xx_HAL_Driver/stm32f4xx_hal_i2c.o
 .debug_macro   0x00001f35      0x230 Drivers/STM32F4xx_HAL_Driver/stm32f4xx_hal_i2c_ex.o
 .debug_macro   0x00002165      0x231 Drivers/STM32F4xx_HAL_Driver/stm32f4xx_hal_ltdc.o
 .debug_macro   0x00002396      0x248 Drivers/STM32F4xx_HAL_Driver/stm32f4xx_hal_pwr_ex.o
 .debug_macro   0x000025de      0x254 Drivers/STM32F4xx_HAL_Driver/stm32f4xx_hal_rcc.o
 .debug_macro   0x00002832      0x230 Drivers/STM32F4xx_HAL_Driver/stm32f4xx_hal_rcc_ex.o
 .debug_macro   0x00002a62      0x230 Drivers/STM32F4xx_HAL_Driver/stm32f4xx_hal_sdram.o
 .debug_macro   0x00002c92      0x23f Drivers/STM32F4xx_HAL_Driver/stm32f4xx_hal_spi.o
 .debug_macro   0x00002ed1      0x231 Drivers/STM32F4xx_HAL_Driver/stm32f4xx_hal_tim.o
 .debug_macro   0x00003102      0x230 Drivers/STM32F4xx_HAL_Driver/stm32f4xx_hal_tim_ex.o
 .debug_macro   0x00003332      0x231 Drivers/STM32F4xx_HAL_Driver/stm32f4xx_hal_uart.o
 .debug_macro   0x00003563      0x230 Drivers/STM32F4xx_HAL_Driver/stm32f4xx_ll_fmc.o

.debug_str      0x00000000    0xe43a2
 .debug_str     0x00000000    0xdbb69 Application/User/Core/UartRingbuffer_multi.o
                              0xdbee8 (size before relaxing)
 .debug_str     0x000dbb69     0x340b Application/User/Core/main.o
                              0xdcb94 (size before relaxing)
 .debug_str     0x000def74      0x707 Application/User/Core/stm32f4xx_hal_msp.o
                              0xdaac7 (size before relaxing)
 .debug_str     0x000df67b      0x17b Application/User/Core/stm32f4xx_it.o
                              0xd99a5 (size before relaxing)
 .debug_str     0x000df7f6      0x134 Drivers/CMSIS/system_stm32f4xx.o
                              0xd93df (size before relaxing)
 .debug_str     0x000df92a      0x6a8 Drivers/STM32F4xx_HAL_Driver/stm32f4xx_hal.o
                              0xd9fe3 (size before relaxing)
 .debug_str     0x000dffd2      0x36a Drivers/STM32F4xx_HAL_Driver/stm32f4xx_hal_cortex.o
                              0xd9cc0 (size before relaxing)
 .debug_str     0x000e033c      0x3c7 Drivers/STM32F4xx_HAL_Driver/stm32f4xx_hal_dma2d.o
                              0xd99a6 (size before relaxing)
 .debug_str     0x000e0703      0x220 Drivers/STM32F4xx_HAL_Driver/stm32f4xx_hal_gpio.o
                              0xd95f2 (size before relaxing)
 .debug_str     0x000e0923      0xb3a Drivers/STM32F4xx_HAL_Driver/stm32f4xx_hal_i2c.o
                              0xda387 (size before relaxing)
 .debug_str     0x000e145d       0x7f Drivers/STM32F4xx_HAL_Driver/stm32f4xx_hal_i2c_ex.o
                              0xd9799 (size before relaxing)
 .debug_str     0x000e14dc      0x4a1 Drivers/STM32F4xx_HAL_Driver/stm32f4xx_hal_ltdc.o
                              0xd99f4 (size before relaxing)
 .debug_str     0x000e197d      0x179 Drivers/STM32F4xx_HAL_Driver/stm32f4xx_hal_pwr_ex.o
                              0xd95a2 (size before relaxing)
 .debug_str     0x000e1af6      0x257 Drivers/STM32F4xx_HAL_Driver/stm32f4xx_hal_rcc.o
                              0xd97fe (size before relaxing)
 .debug_str     0x000e1d4d      0x16f Drivers/STM32F4xx_HAL_Driver/stm32f4xx_hal_rcc_ex.o
                              0xd95c5 (size before relaxing)
 .debug_str     0x000e1ebc      0x3c1 Drivers/STM32F4xx_HAL_Driver/stm32f4xx_hal_sdram.o
                              0xd9a88 (size before relaxing)
 .debug_str     0x000e227d      0x58a Drivers/STM32F4xx_HAL_Driver/stm32f4xx_hal_spi.o
                              0xd9c5a (size before relaxing)
 .debug_str     0x000e2807      0xc9f Drivers/STM32F4xx_HAL_Driver/stm32f4xx_hal_tim.o
                              0xda4ed (size before relaxing)
 .debug_str     0x000e34a6      0x518 Drivers/STM32F4xx_HAL_Driver/stm32f4xx_hal_tim_ex.o
                              0xd9d05 (size before relaxing)
 .debug_str     0x000e39be      0x52d Drivers/STM32F4xx_HAL_Driver/stm32f4xx_hal_uart.o
                              0xd9c63 (size before relaxing)
 .debug_str     0x000e3eeb      0x4b7 Drivers/STM32F4xx_HAL_Driver/stm32f4xx_ll_fmc.o
                              0xd99ef (size before relaxing)

.comment        0x00000000       0x6e
 .comment       0x00000000       0x6e Application/User/Core/UartRingbuffer_multi.o
                                 0x6f (size before relaxing)
 .comment       0x0000006e       0x6f Application/User/Core/main.o
 .comment       0x0000006e       0x6f Application/User/Core/stm32f4xx_hal_msp.o
 .comment       0x0000006e       0x6f Application/User/Core/stm32f4xx_it.o
 .comment       0x0000006e       0x6f Drivers/CMSIS/system_stm32f4xx.o
 .comment       0x0000006e       0x6f Drivers/STM32F4xx_HAL_Driver/stm32f4xx_hal.o
 .comment       0x0000006e       0x6f Drivers/STM32F4xx_HAL_Driver/stm32f4xx_hal_cortex.o
 .comment       0x0000006e       0x6f Drivers/STM32F4xx_HAL_Driver/stm32f4xx_hal_dma2d.o
 .comment       0x0000006e       0x6f Drivers/STM32F4xx_HAL_Driver/stm32f4xx_hal_gpio.o
 .comment       0x0000006e       0x6f Drivers/STM32F4xx_HAL_Driver/stm32f4xx_hal_i2c.o
 .comment       0x0000006e       0x6f Drivers/STM32F4xx_HAL_Driver/stm32f4xx_hal_i2c_ex.o
 .comment       0x0000006e       0x6f Drivers/STM32F4xx_HAL_Driver/stm32f4xx_hal_ltdc.o
 .comment       0x0000006e       0x6f Drivers/STM32F4xx_HAL_Driver/stm32f4xx_hal_pwr_ex.o
 .comment       0x0000006e       0x6f Drivers/STM32F4xx_HAL_Driver/stm32f4xx_hal_rcc.o
 .comment       0x0000006e       0x6f Drivers/STM32F4xx_HAL_Driver/stm32f4xx_hal_rcc_ex.o
 .comment       0x0000006e       0x6f Drivers/STM32F4xx_HAL_Driver/stm32f4xx_hal_sdram.o
 .comment       0x0000006e       0x6f Drivers/STM32F4xx_HAL_Driver/stm32f4xx_hal_spi.o
 .comment       0x0000006e       0x6f Drivers/STM32F4xx_HAL_Driver/stm32f4xx_hal_tim.o
 .comment       0x0000006e       0x6f Drivers/STM32F4xx_HAL_Driver/stm32f4xx_hal_tim_ex.o
 .comment       0x0000006e       0x6f Drivers/STM32F4xx_HAL_Driver/stm32f4xx_hal_uart.o
 .comment       0x0000006e       0x6f Drivers/STM32F4xx_HAL_Driver/stm32f4xx_ll_fmc.o

.debug_frame    0x00000000     0x3c48
 .debug_frame   0x00000000      0x164 Application/User/Core/UartRingbuffer_multi.o
 .debug_frame   0x00000164      0x174 Application/User/Core/main.o
 .debug_frame   0x000002d8      0x200 Application/User/Core/stm32f4xx_hal_msp.o
 .debug_frame   0x000004d8      0x108 Application/User/Core/stm32f4xx_it.o
 .debug_frame   0x000005e0       0x30 Drivers/CMSIS/system_stm32f4xx.o
 .debug_frame   0x00000610      0x20c Drivers/STM32F4xx_HAL_Driver/stm32f4xx_hal.o
 .debug_frame   0x0000081c      0x154 Drivers/STM32F4xx_HAL_Driver/stm32f4xx_hal_cortex.o
 .debug_frame   0x00000970      0x370 Drivers/STM32F4xx_HAL_Driver/stm32f4xx_hal_dma2d.o
 .debug_frame   0x00000ce0       0xc8 Drivers/STM32F4xx_HAL_Driver/stm32f4xx_hal_gpio.o
 .debug_frame   0x00000da8      0x8fc Drivers/STM32F4xx_HAL_Driver/stm32f4xx_hal_i2c.o
 .debug_frame   0x000016a4       0x30 Drivers/STM32F4xx_HAL_Driver/stm32f4xx_hal_i2c_ex.o
 .debug_frame   0x000016d4      0x410 Drivers/STM32F4xx_HAL_Driver/stm32f4xx_hal_ltdc.o
 .debug_frame   0x00001ae4       0xe8 Drivers/STM32F4xx_HAL_Driver/stm32f4xx_hal_pwr_ex.o
 .debug_frame   0x00001bcc      0x170 Drivers/STM32F4xx_HAL_Driver/stm32f4xx_hal_rcc.o
 .debug_frame   0x00001d3c       0xd8 Drivers/STM32F4xx_HAL_Driver/stm32f4xx_hal_rcc_ex.o
 .debug_frame   0x00001e14      0x24c Drivers/STM32F4xx_HAL_Driver/stm32f4xx_hal_sdram.o
 .debug_frame   0x00002060      0x578 Drivers/STM32F4xx_HAL_Driver/stm32f4xx_hal_spi.o
 .debug_frame   0x000025d8      0xa8c Drivers/STM32F4xx_HAL_Driver/stm32f4xx_hal_tim.o
 .debug_frame   0x00003064      0x3e0 Drivers/STM32F4xx_HAL_Driver/stm32f4xx_hal_tim_ex.o
 .debug_frame   0x00003444      0x4e4 Drivers/STM32F4xx_HAL_Driver/stm32f4xx_hal_uart.o
 .debug_frame   0x00003928      0x274 Drivers/STM32F4xx_HAL_Driver/stm32f4xx_ll_fmc.o
 .debug_frame   0x00003b9c       0x2c c:/users/artur/.p2/pool/plugins/fr.ac6.mcu.externaltools.arm-none.win32_1.13.2.201703061525/tools/compiler/bin/../lib/gcc/arm-none-eabi/5.4.1/armv7e-m/fpu\libgcc.a(_aeabi_uldivmod.o)
 .debug_frame   0x00003bc8       0x34 c:/users/artur/.p2/pool/plugins/fr.ac6.mcu.externaltools.arm-none.win32_1.13.2.201703061525/tools/compiler/bin/../lib/gcc/arm-none-eabi/5.4.1/armv7e-m/fpu\libgcc.a(_udivmoddi4.o)
 .debug_frame   0x00003bfc       0x2c c:/users/artur/.p2/pool/plugins/fr.ac6.mcu.externaltools.arm-none.win32_1.13.2.201703061525/tools/compiler/bin/../lib/gcc/arm-none-eabi/5.4.1/../../../../arm-none-eabi/lib/armv7e-m/fpu\libc_nano.a(lib_a-init.o)
 .debug_frame   0x00003c28       0x20 c:/users/artur/.p2/pool/plugins/fr.ac6.mcu.externaltools.arm-none.win32_1.13.2.201703061525/tools/compiler/bin/../lib/gcc/arm-none-eabi/5.4.1/../../../../arm-none-eabi/lib/armv7e-m/fpu\libc_nano.a(lib_a-memset.o)
