Archive member included to satisfy reference by file (symbol)

c:/users/artur/.p2/pool/plugins/fr.ac6.mcu.externaltools.arm-none.win32_1.13.2.201703061525/tools/compiler/bin/../lib/gcc/arm-none-eabi/5.4.1/armv7e-m/fpu\libgcc.a(_aeabi_uldivmod.o)
                              Drivers/STM32F4xx_HAL_Driver/stm32f4xx_hal_rcc.o (__aeabi_uldivmod)
c:/users/artur/.p2/pool/plugins/fr.ac6.mcu.externaltools.arm-none.win32_1.13.2.201703061525/tools/compiler/bin/../lib/gcc/arm-none-eabi/5.4.1/armv7e-m/fpu\libgcc.a(_udivmoddi4.o)
                              c:/users/artur/.p2/pool/plugins/fr.ac6.mcu.externaltools.arm-none.win32_1.13.2.201703061525/tools/compiler/bin/../lib/gcc/arm-none-eabi/5.4.1/armv7e-m/fpu\libgcc.a(_aeabi_uldivmod.o) (__udivmoddi4)
c:/users/artur/.p2/pool/plugins/fr.ac6.mcu.externaltools.arm-none.win32_1.13.2.201703061525/tools/compiler/bin/../lib/gcc/arm-none-eabi/5.4.1/armv7e-m/fpu\libgcc.a(_dvmd_tls.o)
                              c:/users/artur/.p2/pool/plugins/fr.ac6.mcu.externaltools.arm-none.win32_1.13.2.201703061525/tools/compiler/bin/../lib/gcc/arm-none-eabi/5.4.1/armv7e-m/fpu\libgcc.a(_aeabi_uldivmod.o) (__aeabi_ldiv0)
c:/users/artur/.p2/pool/plugins/fr.ac6.mcu.externaltools.arm-none.win32_1.13.2.201703061525/tools/compiler/bin/../lib/gcc/arm-none-eabi/5.4.1/../../../../arm-none-eabi/lib/armv7e-m/fpu\libc_nano.a(lib_a-errno.o)
                              Application/SW4STM32/syscalls.o (__errno)
c:/users/artur/.p2/pool/plugins/fr.ac6.mcu.externaltools.arm-none.win32_1.13.2.201703061525/tools/compiler/bin/../lib/gcc/arm-none-eabi/5.4.1/../../../../arm-none-eabi/lib/armv7e-m/fpu\libc_nano.a(lib_a-exit.o)
                              c:/users/artur/.p2/pool/plugins/fr.ac6.mcu.externaltools.arm-none.win32_1.13.2.201703061525/tools/compiler/bin/../lib/gcc/arm-none-eabi/5.4.1/../../../../arm-none-eabi/lib/armv7e-m/fpu/crt0.o (exit)
c:/users/artur/.p2/pool/plugins/fr.ac6.mcu.externaltools.arm-none.win32_1.13.2.201703061525/tools/compiler/bin/../lib/gcc/arm-none-eabi/5.4.1/../../../../arm-none-eabi/lib/armv7e-m/fpu\libc_nano.a(lib_a-impure.o)
                              c:/users/artur/.p2/pool/plugins/fr.ac6.mcu.externaltools.arm-none.win32_1.13.2.201703061525/tools/compiler/bin/../lib/gcc/arm-none-eabi/5.4.1/../../../../arm-none-eabi/lib/armv7e-m/fpu\libc_nano.a(lib_a-exit.o) (_global_impure_ptr)
c:/users/artur/.p2/pool/plugins/fr.ac6.mcu.externaltools.arm-none.win32_1.13.2.201703061525/tools/compiler/bin/../lib/gcc/arm-none-eabi/5.4.1/../../../../arm-none-eabi/lib/armv7e-m/fpu\libc_nano.a(lib_a-init.o)
                              c:/users/artur/.p2/pool/plugins/fr.ac6.mcu.externaltools.arm-none.win32_1.13.2.201703061525/tools/compiler/bin/../lib/gcc/arm-none-eabi/5.4.1/../../../../arm-none-eabi/lib/armv7e-m/fpu/crt0.o (__libc_init_array)
c:/users/artur/.p2/pool/plugins/fr.ac6.mcu.externaltools.arm-none.win32_1.13.2.201703061525/tools/compiler/bin/../lib/gcc/arm-none-eabi/5.4.1/../../../../arm-none-eabi/lib/armv7e-m/fpu\libc_nano.a(lib_a-memset.o)
                              c:/users/artur/.p2/pool/plugins/fr.ac6.mcu.externaltools.arm-none.win32_1.13.2.201703061525/tools/compiler/bin/../lib/gcc/arm-none-eabi/5.4.1/../../../../arm-none-eabi/lib/armv7e-m/fpu/crt0.o (memset)
c:/users/artur/.p2/pool/plugins/fr.ac6.mcu.externaltools.arm-none.win32_1.13.2.201703061525/tools/compiler/bin/../lib/gcc/arm-none-eabi/5.4.1/../../../../arm-none-eabi/lib/armv7e-m/fpu\libc_nano.a(lib_a-sprintf.o)
                              Application/User/Core/ESP8266_HAL.o (sprintf)
c:/users/artur/.p2/pool/plugins/fr.ac6.mcu.externaltools.arm-none.win32_1.13.2.201703061525/tools/compiler/bin/../lib/gcc/arm-none-eabi/5.4.1/../../../../arm-none-eabi/lib/armv7e-m/fpu\libc_nano.a(lib_a-strcat.o)
                              Application/User/Core/ESP8266_HAL.o (strcat)
c:/users/artur/.p2/pool/plugins/fr.ac6.mcu.externaltools.arm-none.win32_1.13.2.201703061525/tools/compiler/bin/../lib/gcc/arm-none-eabi/5.4.1/../../../../arm-none-eabi/lib/armv7e-m/fpu\libc_nano.a(lib_a-strcmp.o)
                              Application/User/Core/ESP8266_HAL.o (strcmp)
c:/users/artur/.p2/pool/plugins/fr.ac6.mcu.externaltools.arm-none.win32_1.13.2.201703061525/tools/compiler/bin/../lib/gcc/arm-none-eabi/5.4.1/../../../../arm-none-eabi/lib/armv7e-m/fpu\libc_nano.a(lib_a-strlen.o)
                              Application/User/Core/ESP8266_HAL.o (strlen)
c:/users/artur/.p2/pool/plugins/fr.ac6.mcu.externaltools.arm-none.win32_1.13.2.201703061525/tools/compiler/bin/../lib/gcc/arm-none-eabi/5.4.1/../../../../arm-none-eabi/lib/armv7e-m/fpu\libc_nano.a(lib_a-nano-svfprintf.o)
                              c:/users/artur/.p2/pool/plugins/fr.ac6.mcu.externaltools.arm-none.win32_1.13.2.201703061525/tools/compiler/bin/../lib/gcc/arm-none-eabi/5.4.1/../../../../arm-none-eabi/lib/armv7e-m/fpu\libc_nano.a(lib_a-sprintf.o) (_svfprintf_r)
[...]
Memory Configuration

Name             Origin             Length             Attributes
RAM              0x20000000         0x00030000         xrw
CCMRAM           0x10000000         0x00010000         xrw
FLASH            0x08000000         0x00200000         xr
*default*        0x00000000         0xffffffff

Linker script and memory map

LOAD c:/users/artur/.p2/pool/plugins/fr.ac6.mcu.externaltools.arm-none.win32_1.13.2.201703061525/tools/compiler/bin/../lib/gcc/arm-none-eabi/5.4.1/armv7e-m/fpu/crti.o
LOAD c:/users/artur/.p2/pool/plugins/fr.ac6.mcu.externaltools.arm-none.win32_1.13.2.201703061525/tools/compiler/bin/../lib/gcc/arm-none-eabi/5.4.1/armv7e-m/fpu/crtbegin.o
LOAD c:/users/artur/.p2/pool/plugins/fr.ac6.mcu.externaltools.arm-none.win32_1.13.2.201703061525/tools/compiler/bin/../lib/gcc/arm-none-eabi/5.4.1/../../../../arm-none-eabi/lib/armv7e-m/fpu/crt0.o
LOAD c:/users/artur/.p2/pool/plugins/fr.ac6.mcu.externaltools.arm-none.win32_1.13.2.201703061525/tools/compiler/bin/../lib/gcc/arm-none-eabi/5.4.1/../../../../arm-none-eabi/lib/armv7e-m/fpu\libm.a
LOAD Application/SW4STM32/startup_stm32f429xx.o
LOAD Application/SW4STM32/syscalls.o
LOAD Application/User/Core/ESP8266_HAL.o
LOAD Application/User/Core/UartRingbuffer_multi.o
LOAD Application/User/Core/main.o
LOAD Application/User/Core/stm32f4xx_hal_msp.o
LOAD Application/User/Core/stm32f4xx_it.o
LOAD Drivers/CMSIS/system_stm32f4xx.o
LOAD Drivers/STM32F4xx_HAL_Driver/stm32f4xx_hal.o
LOAD Drivers/STM32F4xx_HAL_Driver/stm32f4xx_hal_cortex.o
LOAD Drivers/STM32F4xx_HAL_Driver/stm32f4xx_hal_dma.o
LOAD Drivers/STM32F4xx_HAL_Driver/stm32f4xx_hal_dma2d.o
LOAD Drivers/STM32F4xx_HAL_Driver/stm32f4xx_hal_dma_ex.o
LOAD Drivers/STM32F4xx_HAL_Driver/stm32f4xx_hal_dsi.o
LOAD Drivers/STM32F4xx_HAL_Driver/stm32f4xx_hal_exti.o
LOAD Drivers/STM32F4xx_HAL_Driver/stm32f4xx_hal_flash.o
LOAD Drivers/STM32F4xx_HAL_Driver/stm32f4xx_hal_flash_ex.o
LOAD Drivers/STM32F4xx_HAL_Driver/stm32f4xx_hal_flash_ramfunc.o
LOAD Drivers/STM32F4xx_HAL_Driver/stm32f4xx_hal_gpio.o
LOAD Drivers/STM32F4xx_HAL_Driver/stm32f4xx_hal_i2c.o
LOAD Drivers/STM32F4xx_HAL_Driver/stm32f4xx_hal_i2c_ex.o
LOAD Drivers/STM32F4xx_HAL_Driver/stm32f4xx_hal_ltdc.o
LOAD Drivers/STM32F4xx_HAL_Driver/stm32f4xx_hal_ltdc_ex.o
LOAD Drivers/STM32F4xx_HAL_Driver/stm32f4xx_hal_pwr.o
LOAD Drivers/STM32F4xx_HAL_Driver/stm32f4xx_hal_pwr_ex.o
LOAD Drivers/STM32F4xx_HAL_Driver/stm32f4xx_hal_rcc.o
LOAD Drivers/STM32F4xx_HAL_Driver/stm32f4xx_hal_rcc_ex.o
LOAD Drivers/STM32F4xx_HAL_Driver/stm32f4xx_hal_sdram.o
LOAD Drivers/STM32F4xx_HAL_Driver/stm32f4xx_hal_spi.o
LOAD Drivers/STM32F4xx_HAL_Driver/stm32f4xx_hal_tim.o
LOAD Drivers/STM32F4xx_HAL_Driver/stm32f4xx_hal_tim_ex.o
LOAD Drivers/STM32F4xx_HAL_Driver/stm32f4xx_hal_uart.o
LOAD Drivers/STM32F4xx_HAL_Driver/stm32f4xx_ll_fmc.o
LOAD STM32F429I-Discovery/stm32f429i_discovery.o
LOAD STM32F429I-Discovery/stm32f429i_discovery_eeprom.o
LOAD STM32F429I-Discovery/stm32f429i_discovery_gyroscope.o
LOAD STM32F429I-Discovery/stm32f429i_discovery_io.o
LOAD STM32F429I-Discovery/stm32f429i_discovery_lcd.o
LOAD STM32F429I-Discovery/stm32f429i_discovery_sdram.o
LOAD STM32F429I-Discovery/stm32f429i_discovery_ts.o
LOAD ili9341/ili9341.o
START GROUP
LOAD c:/users/artur/.p2/pool/plugins/fr.ac6.mcu.externaltools.arm-none.win32_1.13.2.201703061525/tools/compiler/bin/../lib/gcc/arm-none-eabi/5.4.1/armv7e-m/fpu\libgcc.a
LOAD c:/users/artur/.p2/pool/plugins/fr.ac6.mcu.externaltools.arm-none.win32_1.13.2.201703061525/tools/compiler/bin/../lib/gcc/arm-none-eabi/5.4.1/../../../../arm-none-eabi/lib/armv7e-m/fpu\libc_nano.a
END GROUP
START GROUP
LOAD c:/users/artur/.p2/pool/plugins/fr.ac6.mcu.externaltools.arm-none.win32_1.13.2.201703061525/tools/compiler/bin/../lib/gcc/arm-none-eabi/5.4.1/armv7e-m/fpu\libgcc.a
LOAD c:/users/artur/.p2/pool/plugins/fr.ac6.mcu.externaltools.arm-none.win32_1.13.2.201703061525/tools/compiler/bin/../lib/gcc/arm-none-eabi/5.4.1/../../../../arm-none-eabi/lib/armv7e-m/fpu\libc_nano.a
LOAD c:/users/artur/.p2/pool/plugins/fr.ac6.mcu.externaltools.arm-none.win32_1.13.2.201703061525/tools/compiler/bin/../lib/gcc/arm-none-eabi/5.4.1/../../../../arm-none-eabi/lib/armv7e-m/fpu\libnosys.a
END GROUP
START GROUP
LOAD c:/users/artur/.p2/pool/plugins/fr.ac6.mcu.externaltools.arm-none.win32_1.13.2.201703061525/tools/compiler/bin/../lib/gcc/arm-none-eabi/5.4.1/armv7e-m/fpu\libgcc.a
LOAD c:/users/artur/.p2/pool/plugins/fr.ac6.mcu.externaltools.arm-none.win32_1.13.2.201703061525/tools/compiler/bin/../lib/gcc/arm-none-eabi/5.4.1/../../../../arm-none-eabi/lib/armv7e-m/fpu\libc_nano.a
LOAD c:/users/artur/.p2/pool/plugins/fr.ac6.mcu.externaltools.arm-none.win32_1.13.2.201703061525/tools/compiler/bin/../lib/gcc/arm-none-eabi/5.4.1/../../../../arm-none-eabi/lib/armv7e-m/fpu\libnosys.a
END GROUP
LOAD c:/users/artur/.p2/pool/plugins/fr.ac6.mcu.externaltools.arm-none.win32_1.13.2.201703061525/tools/compiler/bin/../lib/gcc/arm-none-eabi/5.4.1/armv7e-m/fpu/crtend.o
LOAD c:/users/artur/.p2/pool/plugins/fr.ac6.mcu.externaltools.arm-none.win32_1.13.2.201703061525/tools/compiler/bin/../lib/gcc/arm-none-eabi/5.4.1/armv7e-m/fpu/crtn.o
                0x20030000                _estack = 0x20030000
                0x00000200                _Min_Heap_Size = 0x200
                0x00000400                _Min_Stack_Size = 0x400

.isr_vector     0x08000000      0x1ac
                0x08000000                . = ALIGN (0x4)
 *(.isr_vector)
 .isr_vector    0x08000000      0x1ac Application/SW4STM32/startup_stm32f429xx.o
                0x08000000                g_pfnVectors
                0x080001ac                . = ALIGN (0x4)

.text           0x080001b0     0x5b60
                0x080001b0                . = ALIGN (0x4)
 *(.text)
 .text          0x080001b0       0x5c c:/users/artur/.p2/pool/plugins/fr.ac6.mcu.externaltools.arm-none.win32_1.13.2.201703061525/tools/compiler/bin/../lib/gcc/arm-none-eabi/5.4.1/armv7e-m/fpu/crtbegin.o
 .text          0x0800020c       0x30 c:/users/artur/.p2/pool/plugins/fr.ac6.mcu.externaltools.arm-none.win32_1.13.2.201703061525/tools/compiler/bin/../lib/gcc/arm-none-eabi/5.4.1/armv7e-m/fpu\libgcc.a(_aeabi_uldivmod.o)
                0x0800020c                __aeabi_uldivmod
 .text          0x0800023c      0x2e4 c:/users/artur/.p2/pool/plugins/fr.ac6.mcu.externaltools.arm-none.win32_1.13.2.201703061525/tools/compiler/bin/../lib/gcc/arm-none-eabi/5.4.1/armv7e-m/fpu\libgcc.a(_udivmoddi4.o)
                0x0800023c                __udivmoddi4
 .text          0x08000520        0x4 c:/users/artur/.p2/pool/plugins/fr.ac6.mcu.externaltools.arm-none.win32_1.13.2.201703061525/tools/compiler/bin/../lib/gcc/arm-none-eabi/5.4.1/armv7e-m/fpu\libgcc.a(_dvmd_tls.o)
                0x08000520                __aeabi_idiv0
                0x08000520                __aeabi_ldiv0
 .text          0x08000524       0x14 c:/users/artur/.p2/pool/plugins/fr.ac6.mcu.externaltools.arm-none.win32_1.13.2.201703061525/tools/compiler/bin/../lib/gcc/arm-none-eabi/5.4.1/../../../../arm-none-eabi/lib/armv7e-m/fpu\libc_nano.a(lib_a-strcmp.o)
                0x08000524                strcmp
 .text          0x08000538       0x10 c:/users/artur/.p2/pool/plugins/fr.ac6.mcu.externaltools.arm-none.win32_1.13.2.201703061525/tools/compiler/bin/../lib/gcc/arm-none-eabi/5.4.1/../../../../arm-none-eabi/lib/armv7e-m/fpu\libc_nano.a(lib_a-strlen.o)
                0x08000538                strlen
 *fill*         0x08000548        0x8 
 .text          0x08000550       0xa0 c:/users/artur/.p2/pool/plugins/fr.ac6.mcu.externaltools.arm-none.win32_1.13.2.201703061525/tools/compiler/bin/../lib/gcc/arm-none-eabi/5.4.1/../../../../arm-none-eabi/lib/armv7e-m/fpu\libc_nano.a(lib_a-memchr.o)
                0x08000550                memchr
 *(.text*)
 .text.Reset_Handler
                0x080005f0       0x50 Application/SW4STM32/startup_stm32f429xx.o
                0x080005f0                Reset_Handler
 .text.Default_Handler
                0x08000640        0x2 Application/SW4STM32/startup_stm32f429xx.o
                0x08000640                RTC_Alarm_IRQHandler
                0x08000640                HASH_RNG_IRQHandler
                0x08000640                EXTI2_IRQHandler
                0x08000640                TIM8_CC_IRQHandler
                0x08000640                UART8_IRQHandler
                0x08000640                SPI4_IRQHandler
                0x08000640                TIM1_CC_IRQHandler
                0x08000640                DMA2_Stream5_IRQHandler
                0x08000640                DMA1_Stream5_IRQHandler
                0x08000640                PVD_IRQHandler
                0x08000640                SDIO_IRQHandler
                0x08000640                TAMP_STAMP_IRQHandler
                0x08000640                CAN2_RX1_IRQHandler
                0x08000640                EXTI3_IRQHandler
                0x08000640                TIM8_TRG_COM_TIM14_IRQHandler
                0x08000640                TIM1_UP_TIM10_IRQHandler
                0x08000640                TIM8_UP_TIM13_IRQHandler
                0x08000640                I2C3_ER_IRQHandler
                0x08000640                EXTI0_IRQHandler
                0x08000640                I2C2_EV_IRQHandler
                0x08000640                DMA1_Stream2_IRQHandler
                0x08000640                CAN1_RX0_IRQHandler
                0x08000640                FPU_IRQHandler
                0x08000640                OTG_HS_WKUP_IRQHandler
                0x08000640                LTDC_ER_IRQHandler
                0x08000640                CAN2_SCE_IRQHandler
                0x08000640                DMA2_Stream2_IRQHandler
                0x08000640                SPI1_IRQHandler
                0x08000640                TIM6_DAC_IRQHandler
                0x08000640                DCMI_IRQHandler
                0x08000640                CAN2_RX0_IRQHandler
                0x08000640                DMA2_Stream3_IRQHandler
                0x08000640                USART3_IRQHandler
                0x08000640                CAN1_RX1_IRQHandler
                0x08000640                UART5_IRQHandler
                0x08000640                DMA2_Stream0_IRQHandler
                0x08000640                TIM4_IRQHandler
                0x08000640                I2C1_EV_IRQHandler
                0x08000640                DMA1_Stream6_IRQHandler
                0x08000640                DMA1_Stream1_IRQHandler
                0x08000640                UART4_IRQHandler
                0x08000640                TIM3_IRQHandler
                0x08000640                RCC_IRQHandler
                0x08000640                TIM8_BRK_TIM12_IRQHandler
                0x08000640                Default_Handler
                0x08000640                EXTI15_10_IRQHandler
                0x08000640                ADC_IRQHandler
                0x08000640                DMA1_Stream7_IRQHandler
                0x08000640                SPI5_IRQHandler
                0x08000640                TIM7_IRQHandler
                0x08000640                CAN2_TX_IRQHandler
                0x08000640                TIM5_IRQHandler
                0x08000640                DMA2_Stream7_IRQHandler
                0x08000640                I2C3_EV_IRQHandler
                0x08000640                EXTI9_5_IRQHandler
                0x08000640                RTC_WKUP_IRQHandler
                0x08000640                LTDC_IRQHandler
                0x08000640                ETH_WKUP_IRQHandler
                0x08000640                SPI2_IRQHandler
                0x08000640                OTG_HS_EP1_IN_IRQHandler
                0x08000640                DMA1_Stream0_IRQHandler
                0x08000640                CAN1_TX_IRQHandler
                0x08000640                EXTI4_IRQHandler
                0x08000640                ETH_IRQHandler
                0x08000640                OTG_HS_EP1_OUT_IRQHandler
                0x08000640                WWDG_IRQHandler
                0x08000640                SPI6_IRQHandler
                0x08000640                TIM2_IRQHandler
                0x08000640                OTG_FS_WKUP_IRQHandler
                0x08000640                OTG_HS_IRQHandler
                0x08000640                DMA2D_IRQHandler
                0x08000640                EXTI1_IRQHandler
                0x08000640                UART7_IRQHandler
                0x08000640                USART2_IRQHandler
                0x08000640                I2C2_ER_IRQHandler
                0x08000640                DMA2_Stream1_IRQHandler
                0x08000640                CAN1_SCE_IRQHandler
                0x08000640                FLASH_IRQHandler
                0x08000640                DMA2_Stream4_IRQHandler
                0x08000640                OTG_FS_IRQHandler
                0x08000640                SPI3_IRQHandler
                0x08000640                DMA1_Stream4_IRQHandler
                0x08000640                I2C1_ER_IRQHandler
                0x08000640                FMC_IRQHandler
                0x08000640                DMA2_Stream6_IRQHandler
                0x08000640                SAI1_IRQHandler
                0x08000640                DMA1_Stream3_IRQHandler
 *fill*         0x08000642        0x2 
 .text._sbrk    0x08000644       0x38 Application/SW4STM32/syscalls.o
                0x08000644                _sbrk
 .text.ESP_Init
                0x0800067c      0x1b8 Application/User/Core/ESP8266_HAL.o
                0x0800067c                ESP_Init
 .text.Server_Send
                0x08000834       0x7c Application/User/Core/ESP8266_HAL.o
                0x08000834                Server_Send
 .text.Server_Handle
                0x080008b0       0xa8 Application/User/Core/ESP8266_HAL.o
                0x080008b0                Server_Handle
 .text.Server_Start
                0x08000958       0xb8 Application/User/Core/ESP8266_HAL.o
                0x08000958                Server_Start
 .text.Ringbuf_init
                0x08000a10       0x64 Application/User/Core/UartRingbuffer_multi.o
                0x08000a10                Ringbuf_init
 .text.store_char
                0x08000a74       0x18 Application/User/Core/UartRingbuffer_multi.o
                0x08000a74                store_char
 .text.Look_for
                0x08000a8c       0x50 Application/User/Core/UartRingbuffer_multi.o
                0x08000a8c                Look_for
 .text.Uart_peek
                0x08000adc       0x54 Application/User/Core/UartRingbuffer_multi.o
                0x08000adc                Uart_peek
 .text.Uart_read
                0x08000b30       0x68 Application/User/Core/UartRingbuffer_multi.o
                0x08000b30                Uart_read
 .text.Uart_write
                0x08000b98       0x80 Application/User/Core/UartRingbuffer_multi.o
                0x08000b98                Uart_write
 .text.IsDataAvailable
                0x08000c18       0x44 Application/User/Core/UartRingbuffer_multi.o
                0x08000c18                IsDataAvailable
 .text.Uart_sendstring
                0x08000c5c       0x18 Application/User/Core/UartRingbuffer_multi.o
                0x08000c5c                Uart_sendstring
 .text.Copy_upto
                0x08000c74       0xa4 Application/User/Core/UartRingbuffer_multi.o
                0x08000c74                Copy_upto
 .text.Wait_for
                0x08000d18       0xb4 Application/User/Core/UartRingbuffer_multi.o
                0x08000d18                Wait_for
 .text.Get_after
                0x08000dcc       0x38 Application/User/Core/UartRingbuffer_multi.o
                0x08000dcc                Get_after
 .text.Uart_isr
                0x08000e04       0xe0 Application/User/Core/UartRingbuffer_multi.o
                0x08000e04                Uart_isr
 .text.MX_GPIO_Init
                0x08000ee4       0xe0 Application/User/Core/main.o
 .text.MX_DMA2D_Init
                0x08000fc4       0x34 Application/User/Core/main.o
 .text.MX_FMC_Init
                0x08000ff8       0x4c Application/User/Core/main.o
 .text.MX_I2C3_Init
                0x08001044       0x44 Application/User/Core/main.o
 .text.MX_LTDC_Init
                0x08001088       0xd0 Application/User/Core/main.o
 .text.MX_SPI5_Init
                0x08001158       0x38 Application/User/Core/main.o
 .text.MX_TIM11_Init
                0x08001190       0x2c Application/User/Core/main.o
 .text.MX_TIM9_Init
                0x080011bc       0x74 Application/User/Core/main.o
 .text.MX_USART1_UART_Init
                0x08001230       0x2c Application/User/Core/main.o
 .text.MX_USART6_UART_Init
                0x0800125c       0x2c Application/User/Core/main.o
 .text.SystemClock_Config
                0x08001288       0xbc Application/User/Core/main.o
                0x08001288                SystemClock_Config
 .text.main     0x08001344       0xd0 Application/User/Core/main.o
                0x08001344                main
 .text.HAL_FMC_MspInit
                0x08001414       0xe8 Application/User/Core/stm32f4xx_hal_msp.o
 .text.HAL_MspInit
                0x080014fc       0x38 Application/User/Core/stm32f4xx_hal_msp.o
                0x080014fc                HAL_MspInit
 .text.HAL_DMA2D_MspInit
                0x08001534       0x30 Application/User/Core/stm32f4xx_hal_msp.o
                0x08001534                HAL_DMA2D_MspInit
 .text.HAL_I2C_MspInit
                0x08001564       0xb0 Application/User/Core/stm32f4xx_hal_msp.o
                0x08001564                HAL_I2C_MspInit
 .text.HAL_LTDC_MspInit
                0x08001614      0x188 Application/User/Core/stm32f4xx_hal_msp.o
                0x08001614                HAL_LTDC_MspInit
 .text.HAL_SPI_MspInit
                0x0800179c       0x70 Application/User/Core/stm32f4xx_hal_msp.o
                0x0800179c                HAL_SPI_MspInit
 .text.HAL_SPI_MspDeInit
                0x0800180c       0x2c Application/User/Core/stm32f4xx_hal_msp.o
                0x0800180c                HAL_SPI_MspDeInit
 .text.HAL_TIM_Base_MspInit
                0x08001838       0x74 Application/User/Core/stm32f4xx_hal_msp.o
                0x08001838                HAL_TIM_Base_MspInit
 .text.HAL_TIM_MspPostInit
                0x080018ac       0x58 Application/User/Core/stm32f4xx_hal_msp.o
                0x080018ac                HAL_TIM_MspPostInit
 .text.HAL_UART_MspInit
                0x08001904       0xe4 Application/User/Core/stm32f4xx_hal_msp.o
                0x08001904                HAL_UART_MspInit
 .text.HAL_SDRAM_MspInit
                0x080019e8        0x8 Application/User/Core/stm32f4xx_hal_msp.o
                0x080019e8                HAL_SDRAM_MspInit
 .text.NMI_Handler
                0x080019f0        0x4 Application/User/Core/stm32f4xx_it.o
                0x080019f0                NMI_Handler
 .text.HardFault_Handler
                0x080019f4        0x4 Application/User/Core/stm32f4xx_it.o
                0x080019f4                HardFault_Handler
 .text.MemManage_Handler
                0x080019f8        0x4 Application/User/Core/stm32f4xx_it.o
                0x080019f8                MemManage_Handler
 .text.BusFault_Handler
                0x080019fc        0x4 Application/User/Core/stm32f4xx_it.o
                0x080019fc                BusFault_Handler
 .text.UsageFault_Handler
                0x08001a00        0x4 Application/User/Core/stm32f4xx_it.o
                0x08001a00                UsageFault_Handler
 .text.SVC_Handler
                0x08001a04        0x4 Application/User/Core/stm32f4xx_it.o
                0x08001a04                SVC_Handler
 .text.DebugMon_Handler
                0x08001a08        0x4 Application/User/Core/stm32f4xx_it.o
                0x08001a08                DebugMon_Handler
 .text.PendSV_Handler
                0x08001a0c        0x4 Application/User/Core/stm32f4xx_it.o
                0x08001a0c                PendSV_Handler
 .text.SysTick_Handler
                0x08001a10        0x8 Application/User/Core/stm32f4xx_it.o
                0x08001a10                SysTick_Handler
 .text.TIM1_BRK_TIM9_IRQHandler
                0x08001a18       0x10 Application/User/Core/stm32f4xx_it.o
                0x08001a18                TIM1_BRK_TIM9_IRQHandler
 .text.TIM1_TRG_COM_TIM11_IRQHandler
                0x08001a28       0x10 Application/User/Core/stm32f4xx_it.o
                0x08001a28                TIM1_TRG_COM_TIM11_IRQHandler
 .text.USART1_IRQHandler
                0x08001a38       0x10 Application/User/Core/stm32f4xx_it.o
                0x08001a38                USART1_IRQHandler
 .text.USART6_IRQHandler
                0x08001a48       0x10 Application/User/Core/stm32f4xx_it.o
                0x08001a48                USART6_IRQHandler
 .text.SystemInit
                0x08001a58       0x1c Drivers/CMSIS/system_stm32f4xx.o
                0x08001a58                SystemInit
 .text.HAL_InitTick
                0x08001a74       0x48 Drivers/STM32F4xx_HAL_Driver/stm32f4xx_hal.o
                0x08001a74                HAL_InitTick
 .text.HAL_Init
                0x08001abc       0x34 Drivers/STM32F4xx_HAL_Driver/stm32f4xx_hal.o
                0x08001abc                HAL_Init
 .text.HAL_IncTick
                0x08001af0       0x18 Drivers/STM32F4xx_HAL_Driver/stm32f4xx_hal.o
                0x08001af0                HAL_IncTick
 .text.HAL_GetTick
                0x08001b08        0xc Drivers/STM32F4xx_HAL_Driver/stm32f4xx_hal.o
                0x08001b08                HAL_GetTick
 .text.HAL_Delay
                0x08001b14       0x28 Drivers/STM32F4xx_HAL_Driver/stm32f4xx_hal.o
                0x08001b14                HAL_Delay
 .text.HAL_NVIC_SetPriorityGrouping
                0x08001b3c       0x24 Drivers/STM32F4xx_HAL_Driver/stm32f4xx_hal_cortex.o
                0x08001b3c                HAL_NVIC_SetPriorityGrouping
 .text.HAL_NVIC_SetPriority
                0x08001b60       0x64 Drivers/STM32F4xx_HAL_Driver/stm32f4xx_hal_cortex.o
                0x08001b60                HAL_NVIC_SetPriority
 .text.HAL_NVIC_EnableIRQ
                0x08001bc4       0x1c Drivers/STM32F4xx_HAL_Driver/stm32f4xx_hal_cortex.o
                0x08001bc4                HAL_NVIC_EnableIRQ
 .text.HAL_SYSTICK_Config
                0x08001be0       0x2c Drivers/STM32F4xx_HAL_Driver/stm32f4xx_hal_cortex.o
                0x08001be0                HAL_SYSTICK_Config
 .text.DMA_CalcBaseAndBitshift
                0x08001c0c       0x3c Drivers/STM32F4xx_HAL_Driver/stm32f4xx_hal_dma.o
 .text.DMA_CheckFifoParam
                0x08001c48       0x90 Drivers/STM32F4xx_HAL_Driver/stm32f4xx_hal_dma.o
 .text.HAL_DMA_Init
                0x08001cd8       0xd0 Drivers/STM32F4xx_HAL_Driver/stm32f4xx_hal_dma.o
                0x08001cd8                HAL_DMA_Init
 .text.HAL_DMA_DeInit
                0x08001da8       0x68 Drivers/STM32F4xx_HAL_Driver/stm32f4xx_hal_dma.o
                0x08001da8                HAL_DMA_DeInit
 .text.DMA2D_SetConfig
                0x08001e10       0x98 Drivers/STM32F4xx_HAL_Driver/stm32f4xx_hal_dma2d.o
 .text.HAL_DMA2D_Init
                0x08001ea8       0x60 Drivers/STM32F4xx_HAL_Driver/stm32f4xx_hal_dma2d.o
                0x08001ea8                HAL_DMA2D_Init
 .text.HAL_DMA2D_Start
                0x08001f08       0x38 Drivers/STM32F4xx_HAL_Driver/stm32f4xx_hal_dma2d.o
                0x08001f08                HAL_DMA2D_Start
 .text.HAL_DMA2D_PollForTransfer
                0x08001f40      0x140 Drivers/STM32F4xx_HAL_Driver/stm32f4xx_hal_dma2d.o
                0x08001f40                HAL_DMA2D_PollForTransfer
 .text.HAL_DMA2D_ConfigLayer
                0x08002080       0xc4 Drivers/STM32F4xx_HAL_Driver/stm32f4xx_hal_dma2d.o
                0x08002080                HAL_DMA2D_ConfigLayer
 .text.HAL_GPIO_Init
                0x08002144      0x1e8 Drivers/STM32F4xx_HAL_Driver/stm32f4xx_hal_gpio.o
                0x08002144                HAL_GPIO_Init
 .text.HAL_GPIO_DeInit
                0x0800232c      0x14c Drivers/STM32F4xx_HAL_Driver/stm32f4xx_hal_gpio.o
                0x0800232c                HAL_GPIO_DeInit
 .text.HAL_GPIO_WritePin
                0x08002478        0xc Drivers/STM32F4xx_HAL_Driver/stm32f4xx_hal_gpio.o
                0x08002478                HAL_GPIO_WritePin
 .text.HAL_I2C_Init
                0x08002484      0x1b4 Drivers/STM32F4xx_HAL_Driver/stm32f4xx_hal_i2c.o
                0x08002484                HAL_I2C_Init
 .text.HAL_I2CEx_ConfigAnalogFilter
                0x08002638       0x44 Drivers/STM32F4xx_HAL_Driver/stm32f4xx_hal_i2c_ex.o
                0x08002638                HAL_I2CEx_ConfigAnalogFilter
 .text.HAL_I2CEx_ConfigDigitalFilter
                0x0800267c       0x44 Drivers/STM32F4xx_HAL_Driver/stm32f4xx_hal_i2c_ex.o
                0x0800267c                HAL_I2CEx_ConfigDigitalFilter
 .text.LTDC_SetConfig
                0x080026c0      0x198 Drivers/STM32F4xx_HAL_Driver/stm32f4xx_hal_ltdc.o
 .text.HAL_LTDC_Init
                0x08002858       0xf4 Drivers/STM32F4xx_HAL_Driver/stm32f4xx_hal_ltdc.o
                0x08002858                HAL_LTDC_Init
 .text.HAL_LTDC_ConfigLayer
                0x0800294c       0x5c Drivers/STM32F4xx_HAL_Driver/stm32f4xx_hal_ltdc.o
                0x0800294c                HAL_LTDC_ConfigLayer
 .text.HAL_LTDC_EnableDither
                0x080029a8       0x34 Drivers/STM32F4xx_HAL_Driver/stm32f4xx_hal_ltdc.o
                0x080029a8                HAL_LTDC_EnableDither
 .text.HAL_PWREx_EnableOverDrive
                0x080029dc       0x84 Drivers/STM32F4xx_HAL_Driver/stm32f4xx_hal_pwr_ex.o
                0x080029dc                HAL_PWREx_EnableOverDrive
 .text.HAL_RCC_OscConfig
                0x08002a60      0x418 Drivers/STM32F4xx_HAL_Driver/stm32f4xx_hal_rcc.o
                0x08002a60                HAL_RCC_OscConfig
 .text.HAL_RCC_GetSysClockFreq
                0x08002e78       0xcc Drivers/STM32F4xx_HAL_Driver/stm32f4xx_hal_rcc.o
                0x08002e78                HAL_RCC_GetSysClockFreq
 .text.HAL_RCC_ClockConfig
                0x08002f44      0x168 Drivers/STM32F4xx_HAL_Driver/stm32f4xx_hal_rcc.o
                0x08002f44                HAL_RCC_ClockConfig
 .text.HAL_RCC_GetHCLKFreq
                0x080030ac        0xc Drivers/STM32F4xx_HAL_Driver/stm32f4xx_hal_rcc.o
                0x080030ac                HAL_RCC_GetHCLKFreq
 .text.HAL_RCC_GetPCLK1Freq
                0x080030b8       0x20 Drivers/STM32F4xx_HAL_Driver/stm32f4xx_hal_rcc.o
                0x080030b8                HAL_RCC_GetPCLK1Freq
 .text.HAL_RCC_GetPCLK2Freq
                0x080030d8       0x20 Drivers/STM32F4xx_HAL_Driver/stm32f4xx_hal_rcc.o
                0x080030d8                HAL_RCC_GetPCLK2Freq
 .text.HAL_RCCEx_PeriphCLKConfig
                0x080030f8      0x290 Drivers/STM32F4xx_HAL_Driver/stm32f4xx_hal_rcc_ex.o
                0x080030f8                HAL_RCCEx_PeriphCLKConfig
 .text.HAL_SDRAM_Init
                0x08003388       0x44 Drivers/STM32F4xx_HAL_Driver/stm32f4xx_hal_sdram.o
                0x08003388                HAL_SDRAM_Init
 .text.HAL_SDRAM_SendCommand
                0x080033cc       0x3c Drivers/STM32F4xx_HAL_Driver/stm32f4xx_hal_sdram.o
                0x080033cc                HAL_SDRAM_SendCommand
 .text.HAL_SDRAM_ProgramRefreshRate
                0x08003408       0x28 Drivers/STM32F4xx_HAL_Driver/stm32f4xx_hal_sdram.o
                0x08003408                HAL_SDRAM_ProgramRefreshRate
 .text.SPI_WaitFlagStateUntilTimeout
                0x08003430       0x8c Drivers/STM32F4xx_HAL_Driver/stm32f4xx_hal_spi.o
 .text.SPI_EndRxTxTransaction
                0x080034bc       0x68 Drivers/STM32F4xx_HAL_Driver/stm32f4xx_hal_spi.o
 .text.SPI_EndRxTransaction
                0x08003524       0x94 Drivers/STM32F4xx_HAL_Driver/stm32f4xx_hal_spi.o
 .text.HAL_SPI_Init
                0x080035b8       0x84 Drivers/STM32F4xx_HAL_Driver/stm32f4xx_hal_spi.o
                0x080035b8                HAL_SPI_Init
 .text.HAL_SPI_DeInit
                0x0800363c       0x2c Drivers/STM32F4xx_HAL_Driver/stm32f4xx_hal_spi.o
                0x0800363c                HAL_SPI_DeInit
 .text.HAL_SPI_Transmit
                0x08003668      0x1a4 Drivers/STM32F4xx_HAL_Driver/stm32f4xx_hal_spi.o
                0x08003668                HAL_SPI_Transmit
 .text.HAL_SPI_TransmitReceive
                0x0800380c      0x238 Drivers/STM32F4xx_HAL_Driver/stm32f4xx_hal_spi.o
                0x0800380c                HAL_SPI_TransmitReceive
 .text.HAL_SPI_Receive
                0x08003a44      0x168 Drivers/STM32F4xx_HAL_Driver/stm32f4xx_hal_spi.o
                0x08003a44                HAL_SPI_Receive
 .text.HAL_SPI_GetState
                0x08003bac        0x8 Drivers/STM32F4xx_HAL_Driver/stm32f4xx_hal_spi.o
                0x08003bac                HAL_SPI_GetState
 .text.TIM_OC1_SetConfig
                0x08003bb4       0x68 Drivers/STM32F4xx_HAL_Driver/stm32f4xx_hal_tim.o
 .text.TIM_OC3_SetConfig
                0x08003c1c       0x70 Drivers/STM32F4xx_HAL_Driver/stm32f4xx_hal_tim.o
 .text.TIM_OC4_SetConfig
                0x08003c8c       0x50 Drivers/STM32F4xx_HAL_Driver/stm32f4xx_hal_tim.o
 .text.TIM_TI1_ConfigInputStage
                0x08003cdc       0x28 Drivers/STM32F4xx_HAL_Driver/stm32f4xx_hal_tim.o
 .text.TIM_TI2_ConfigInputStage
                0x08003d04       0x28 Drivers/STM32F4xx_HAL_Driver/stm32f4xx_hal_tim.o
 .text.TIM_ITRx_SetConfig
                0x08003d2c       0x10 Drivers/STM32F4xx_HAL_Driver/stm32f4xx_hal_tim.o
 .text.HAL_TIM_PWM_MspInit
                0x08003d3c        0x4 Drivers/STM32F4xx_HAL_Driver/stm32f4xx_hal_tim.o
                0x08003d3c                HAL_TIM_PWM_MspInit
 .text.HAL_TIM_PeriodElapsedCallback
                0x08003d40        0x4 Drivers/STM32F4xx_HAL_Driver/stm32f4xx_hal_tim.o
                0x08003d40                HAL_TIM_PeriodElapsedCallback
 .text.HAL_TIM_OC_DelayElapsedCallback
                0x08003d44        0x4 Drivers/STM32F4xx_HAL_Driver/stm32f4xx_hal_tim.o
                0x08003d44                HAL_TIM_OC_DelayElapsedCallback
 .text.HAL_TIM_IC_CaptureCallback
                0x08003d48        0x4 Drivers/STM32F4xx_HAL_Driver/stm32f4xx_hal_tim.o
                0x08003d48                HAL_TIM_IC_CaptureCallback
 .text.HAL_TIM_PWM_PulseFinishedCallback
                0x08003d4c        0x4 Drivers/STM32F4xx_HAL_Driver/stm32f4xx_hal_tim.o
                0x08003d4c                HAL_TIM_PWM_PulseFinishedCallback
 .text.HAL_TIM_TriggerCallback
                0x08003d50        0x4 Drivers/STM32F4xx_HAL_Driver/stm32f4xx_hal_tim.o
                0x08003d50                HAL_TIM_TriggerCallback
 .text.HAL_TIM_IRQHandler
                0x08003d54      0x174 Drivers/STM32F4xx_HAL_Driver/stm32f4xx_hal_tim.o
                0x08003d54                HAL_TIM_IRQHandler
 .text.TIM_Base_SetConfig
                0x08003ec8       0xc8 Drivers/STM32F4xx_HAL_Driver/stm32f4xx_hal_tim.o
                0x08003ec8                TIM_Base_SetConfig
 .text.HAL_TIM_Base_Init
                0x08003f90       0x38 Drivers/STM32F4xx_HAL_Driver/stm32f4xx_hal_tim.o
                0x08003f90                HAL_TIM_Base_Init
 .text.HAL_TIM_PWM_Init
                0x08003fc8       0x38 Drivers/STM32F4xx_HAL_Driver/stm32f4xx_hal_tim.o
                0x08003fc8                HAL_TIM_PWM_Init
 .text.TIM_OC2_SetConfig
                0x08004000       0x70 Drivers/STM32F4xx_HAL_Driver/stm32f4xx_hal_tim.o
                0x08004000                TIM_OC2_SetConfig
 .text.HAL_TIM_PWM_ConfigChannel
                0x08004070       0xdc Drivers/STM32F4xx_HAL_Driver/stm32f4xx_hal_tim.o
                0x08004070                HAL_TIM_PWM_ConfigChannel
 .text.TIM_ETR_SetConfig
                0x0800414c       0x1c Drivers/STM32F4xx_HAL_Driver/stm32f4xx_hal_tim.o
                0x0800414c                TIM_ETR_SetConfig
 .text.HAL_TIM_ConfigClockSource
                0x08004168       0xe4 Drivers/STM32F4xx_HAL_Driver/stm32f4xx_hal_tim.o
                0x08004168                HAL_TIM_ConfigClockSource
 .text.HAL_TIMEx_CommutCallback
                0x0800424c        0x4 Drivers/STM32F4xx_HAL_Driver/stm32f4xx_hal_tim_ex.o
                0x0800424c                HAL_TIMEx_CommutCallback
 .text.HAL_TIMEx_BreakCallback
                0x08004250        0x4 Drivers/STM32F4xx_HAL_Driver/stm32f4xx_hal_tim_ex.o
                0x08004250                HAL_TIMEx_BreakCallback
 .text.UART_SetConfig
                0x08004254      0x1d0 Drivers/STM32F4xx_HAL_Driver/stm32f4xx_hal_uart.o
 .text.HAL_UART_Init
                0x08004424       0x64 Drivers/STM32F4xx_HAL_Driver/stm32f4xx_hal_uart.o
                0x08004424                HAL_UART_Init
 .text.HAL_UART_Receive_IT
                0x08004488       0x5c Drivers/STM32F4xx_HAL_Driver/stm32f4xx_hal_uart.o
                0x08004488                HAL_UART_Receive_IT
 .text.FMC_SDRAM_Init
                0x080044e4       0x7c Drivers/STM32F4xx_HAL_Driver/stm32f4xx_ll_fmc.o
                0x080044e4                FMC_SDRAM_Init
 .text.FMC_SDRAM_Timing_Init
                0x08004560       0x9c Drivers/STM32F4xx_HAL_Driver/stm32f4xx_ll_fmc.o
                0x08004560                FMC_SDRAM_Timing_Init
 .text.FMC_SDRAM_SendCommand
                0x080045fc       0x58 Drivers/STM32F4xx_HAL_Driver/stm32f4xx_ll_fmc.o
                0x080045fc                FMC_SDRAM_SendCommand
 .text.FMC_SDRAM_ProgramRefreshRate
                0x08004654        0xc Drivers/STM32F4xx_HAL_Driver/stm32f4xx_ll_fmc.o
                0x08004654                FMC_SDRAM_ProgramRefreshRate
 .text.SPIx_MspInit
                0x08004660       0x5c STM32F429I-Discovery/stm32f429i_discovery.o
 .text.SPIx_Init
                0x080046bc       0x4c STM32F429I-Discovery/stm32f429i_discovery.o
 .text.SPIx_Error
                0x08004708       0x14 STM32F429I-Discovery/stm32f429i_discovery.o
 .text.SPIx_Write
                0x0800471c       0x2c STM32F429I-Discovery/stm32f429i_discovery.o
 .text.SPIx_Read
                0x08004748       0x28 STM32F429I-Discovery/stm32f429i_discovery.o
 .text.LCD_IO_Init
                0x08004770       0xd0 STM32F429I-Discovery/stm32f429i_discovery.o
                0x08004770                LCD_IO_Init
 .text.LCD_IO_WriteData
                0x08004840       0x38 STM32F429I-Discovery/stm32f429i_discovery.o
                0x08004840                LCD_IO_WriteData
 .text.LCD_IO_WriteReg
                0x08004878       0x38 STM32F429I-Discovery/stm32f429i_discovery.o
                0x08004878                LCD_IO_WriteReg
 .text.LCD_IO_ReadData
                0x080048b0       0x50 STM32F429I-Discovery/stm32f429i_discovery.o
                0x080048b0                LCD_IO_ReadData
 .text.LCD_Delay
                0x08004900        0x8 STM32F429I-Discovery/stm32f429i_discovery.o
                0x08004900                LCD_Delay
 .text.FillBuffer
                0x08004908       0x54 STM32F429I-Discovery/stm32f429i_discovery_lcd.o
 .text.BSP_LCD_GetXSize
                0x0800495c       0x10 STM32F429I-Discovery/stm32f429i_discovery_lcd.o
                0x0800495c                BSP_LCD_GetXSize
 .text.BSP_LCD_GetYSize
                0x0800496c       0x10 STM32F429I-Discovery/stm32f429i_discovery_lcd.o
                0x0800496c                BSP_LCD_GetYSize
 .text.BSP_LCD_LayerDefaultInit
                0x0800497c       0x88 STM32F429I-Discovery/stm32f429i_discovery_lcd.o
                0x0800497c                BSP_LCD_LayerDefaultInit
 .text.BSP_LCD_SelectLayer
                0x08004a04        0xc STM32F429I-Discovery/stm32f429i_discovery_lcd.o
                0x08004a04                BSP_LCD_SelectLayer
 .text.BSP_LCD_SetTextColor
                0x08004a10       0x14 STM32F429I-Discovery/stm32f429i_discovery_lcd.o
                0x08004a10                BSP_LCD_SetTextColor
 .text.BSP_LCD_SetFont
                0x08004a24       0x14 STM32F429I-Discovery/stm32f429i_discovery_lcd.o
                0x08004a24                BSP_LCD_SetFont
 .text.BSP_LCD_GetFont
                0x08004a38       0x14 STM32F429I-Discovery/stm32f429i_discovery_lcd.o
                0x08004a38                BSP_LCD_GetFont
 .text.BSP_LCD_Clear
                0x08004a4c       0x3c STM32F429I-Discovery/stm32f429i_discovery_lcd.o
                0x08004a4c                BSP_LCD_Clear
 .text.BSP_LCD_DisplayOn
                0x08004a88       0x14 STM32F429I-Discovery/stm32f429i_discovery_lcd.o
                0x08004a88                BSP_LCD_DisplayOn
 .text.BSP_LCD_MspInit
                0x08004a9c      0x148 STM32F429I-Discovery/stm32f429i_discovery_lcd.o
                0x08004a9c                BSP_LCD_MspInit
 .text.BSP_LCD_Init
                0x08004be4       0x9c STM32F429I-Discovery/stm32f429i_discovery_lcd.o
                0x08004be4                BSP_LCD_Init
 .text.BSP_LCD_DrawPixel
                0x08004c80       0x2c STM32F429I-Discovery/stm32f429i_discovery_lcd.o
                0x08004c80                BSP_LCD_DrawPixel
 .text.DrawChar
                0x08004cac       0xd8 STM32F429I-Discovery/stm32f429i_discovery_lcd.o
 .text.BSP_LCD_DisplayChar
                0x08004d84       0x30 STM32F429I-Discovery/stm32f429i_discovery_lcd.o
                0x08004d84                BSP_LCD_DisplayChar
 .text.BSP_LCD_DisplayStringAt
                0x08004db4       0xbc STM32F429I-Discovery/stm32f429i_discovery_lcd.o
                0x08004db4                BSP_LCD_DisplayStringAt
 .text.BSP_LCD_DisplayStringAtLine
                0x08004e70       0x20 STM32F429I-Discovery/stm32f429i_discovery_lcd.o
                0x08004e70                BSP_LCD_DisplayStringAtLine
 .text.BSP_SDRAM_Initialization_sequence
                0x08004e90       0x9c STM32F429I-Discovery/stm32f429i_discovery_sdram.o
                0x08004e90                BSP_SDRAM_Initialization_sequence
 .text.BSP_SDRAM_MspInit
                0x08004f2c      0x194 STM32F429I-Discovery/stm32f429i_discovery_sdram.o
                0x08004f2c                BSP_SDRAM_MspInit
 .text.BSP_SDRAM_Init
                0x080050c0       0x90 STM32F429I-Discovery/stm32f429i_discovery_sdram.o
                0x080050c0                BSP_SDRAM_Init
 .text.ili9341_GetLcdPixelWidth
                0x08005150        0x4 ili9341/ili9341.o
                0x08005150                ili9341_GetLcdPixelWidth
 .text.ili9341_GetLcdPixelHeight
                0x08005154        0x8 ili9341/ili9341.o
                0x08005154                ili9341_GetLcdPixelHeight
 .text.ili9341_WriteReg
                0x0800515c        0x8 ili9341/ili9341.o
                0x0800515c                ili9341_WriteReg
 .text.ili9341_DisplayOn
                0x08005164        0xc ili9341/ili9341.o
                0x08005164                ili9341_DisplayOn
 .text.ili9341_DisplayOff
                0x08005170        0xc ili9341/ili9341.o
                0x08005170                ili9341_DisplayOff
 .text.ili9341_WriteData
                0x0800517c        0x8 ili9341/ili9341.o
                0x0800517c                ili9341_WriteData
 .text.ili9341_Init
                0x08005184      0x290 ili9341/ili9341.o
                0x08005184                ili9341_Init
 .text.ili9341_ReadData
                0x08005414        0x8 ili9341/ili9341.o
                0x08005414                ili9341_ReadData
 .text.ili9341_ReadID
                0x0800541c       0x14 ili9341/ili9341.o
                0x0800541c                ili9341_ReadID
 .text.__errno  0x08005430        0xc c:/users/artur/.p2/pool/plugins/fr.ac6.mcu.externaltools.arm-none.win32_1.13.2.201703061525/tools/compiler/bin/../lib/gcc/arm-none-eabi/5.4.1/../../../../arm-none-eabi/lib/armv7e-m/fpu\libc_nano.a(lib_a-errno.o)
                0x08005430                __errno
 .text.__libc_init_array
                0x0800543c       0x4c c:/users/artur/.p2/pool/plugins/fr.ac6.mcu.externaltools.arm-none.win32_1.13.2.201703061525/tools/compiler/bin/../lib/gcc/arm-none-eabi/5.4.1/../../../../arm-none-eabi/lib/armv7e-m/fpu\libc_nano.a(lib_a-init.o)
                0x0800543c                __libc_init_array
 .text.memset   0x08005488       0x10 c:/users/artur/.p2/pool/plugins/fr.ac6.mcu.externaltools.arm-none.win32_1.13.2.201703061525/tools/compiler/bin/../lib/gcc/arm-none-eabi/5.4.1/../../../../arm-none-eabi/lib/armv7e-m/fpu\libc_nano.a(lib_a-memset.o)
                0x08005488                memset
 .text.sprintf  0x08005498       0x48 c:/users/artur/.p2/pool/plugins/fr.ac6.mcu.externaltools.arm-none.win32_1.13.2.201703061525/tools/compiler/bin/../lib/gcc/arm-none-eabi/5.4.1/../../../../arm-none-eabi/lib/armv7e-m/fpu\libc_nano.a(lib_a-sprintf.o)
                0x08005498                siprintf
                0x08005498                sprintf
 .text.strcat   0x080054e0       0x1e c:/users/artur/.p2/pool/plugins/fr.ac6.mcu.externaltools.arm-none.win32_1.13.2.201703061525/tools/compiler/bin/../lib/gcc/arm-none-eabi/5.4.1/../../../../arm-none-eabi/lib/armv7e-m/fpu\libc_nano.a(lib_a-strcat.o)
                0x080054e0                strcat
 .text.__ssputs_r
                0x080054fe       0xb2 c:/users/artur/.p2/pool/plugins/fr.ac6.mcu.externaltools.arm-none.win32_1.13.2.201703061525/tools/compiler/bin/../lib/gcc/arm-none-eabi/5.4.1/../../../../arm-none-eabi/lib/armv7e-m/fpu\libc_nano.a(lib_a-nano-svfprintf.o)
                0x080054fe                __ssputs_r
 .text._svfprintf_r
                0x080055b0      0x1e8 c:/users/artur/.p2/pool/plugins/fr.ac6.mcu.externaltools.arm-none.win32_1.13.2.201703061525/tools/compiler/bin/../lib/gcc/arm-none-eabi/5.4.1/../../../../arm-none-eabi/lib/armv7e-m/fpu\libc_nano.a(lib_a-nano-svfprintf.o)
                0x080055b0                _svfiprintf_r
                0x080055b0                _svfprintf_r
 .text._printf_common
                0x08005798       0xec c:/users/artur/.p2/pool/plugins/fr.ac6.mcu.externaltools.arm-none.win32_1.13.2.201703061525/tools/compiler/bin/../lib/gcc/arm-none-eabi/5.4.1/../../../../arm-none-eabi/lib/armv7e-m/fpu\libc_nano.a(lib_a-nano-vfprintf_i.o)
                0x08005798                _printf_common
 .text._printf_i
                0x08005884      0x24c c:/users/artur/.p2/pool/plugins/fr.ac6.mcu.externaltools.arm-none.win32_1.13.2.201703061525/tools/compiler/bin/../lib/gcc/arm-none-eabi/5.4.1/../../../../arm-none-eabi/lib/armv7e-m/fpu\libc_nano.a(lib_a-nano-vfprintf_i.o)
                0x08005884                _printf_i
 .text.memcpy   0x08005ad0       0x16 c:/users/artur/.p2/pool/plugins/fr.ac6.mcu.externaltools.arm-none.win32_1.13.2.201703061525/tools/compiler/bin/../lib/gcc/arm-none-eabi/5.4.1/../../../../arm-none-eabi/lib/armv7e-m/fpu\libc_nano.a(lib_a-memcpy-stub.o)
                0x08005ad0                memcpy
 .text.memmove  0x08005ae6       0x36 c:/users/artur/.p2/pool/plugins/fr.ac6.mcu.externaltools.arm-none.win32_1.13.2.201703061525/tools/compiler/bin/../lib/gcc/arm-none-eabi/5.4.1/../../../../arm-none-eabi/lib/armv7e-m/fpu\libc_nano.a(lib_a-memmove.o)
                0x08005ae6                memmove
 .text._free_r  0x08005b1c       0x9c c:/users/artur/.p2/pool/plugins/fr.ac6.mcu.externaltools.arm-none.win32_1.13.2.201703061525/tools/compiler/bin/../lib/gcc/arm-none-eabi/5.4.1/../../../../arm-none-eabi/lib/armv7e-m/fpu\libc_nano.a(lib_a-nano-freer.o)
                0x08005b1c                _free_r
 .text._malloc_r
                0x08005bb8       0xbc c:/users/artur/.p2/pool/plugins/fr.ac6.mcu.externaltools.arm-none.win32_1.13.2.201703061525/tools/compiler/bin/../lib/gcc/arm-none-eabi/5.4.1/../../../../arm-none-eabi/lib/armv7e-m/fpu\libc_nano.a(lib_a-nano-mallocr.o)
                0x08005bb8                _malloc_r
 .text._realloc_r
                0x08005c74       0x4c c:/users/artur/.p2/pool/plugins/fr.ac6.mcu.externaltools.arm-none.win32_1.13.2.201703061525/tools/compiler/bin/../lib/gcc/arm-none-eabi/5.4.1/../../../../arm-none-eabi/lib/armv7e-m/fpu\libc_nano.a(lib_a-nano-reallocr.o)
                0x08005c74                _realloc_r
 .text._sbrk_r  0x08005cc0       0x20 c:/users/artur/.p2/pool/plugins/fr.ac6.mcu.externaltools.arm-none.win32_1.13.2.201703061525/tools/compiler/bin/../lib/gcc/arm-none-eabi/5.4.1/../../../../arm-none-eabi/lib/armv7e-m/fpu\libc_nano.a(lib_a-sbrkr.o)
                0x08005cc0                _sbrk_r
 .text.__malloc_lock
                0x08005ce0        0x2 c:/users/artur/.p2/pool/plugins/fr.ac6.mcu.externaltools.arm-none.win32_1.13.2.201703061525/tools/compiler/bin/../lib/gcc/arm-none-eabi/5.4.1/../../../../arm-none-eabi/lib/armv7e-m/fpu\libc_nano.a(lib_a-mlock.o)
                0x08005ce0                __malloc_lock
 .text.__malloc_unlock
                0x08005ce2        0x2 c:/users/artur/.p2/pool/plugins/fr.ac6.mcu.externaltools.arm-none.win32_1.13.2.201703061525/tools/compiler/bin/../lib/gcc/arm-none-eabi/5.4.1/../../../../arm-none-eabi/lib/armv7e-m/fpu\libc_nano.a(lib_a-mlock.o)
                0x08005ce2                __malloc_unlock
 .text._malloc_usable_size_r
                0x08005ce4       0x14 c:/users/artur/.p2/pool/plugins/fr.ac6.mcu.externaltools.arm-none.win32_1.13.2.201703061525/tools/compiler/bin/../lib/gcc/arm-none-eabi/5.4.1/../../../../arm-none-eabi/lib/armv7e-m/fpu\libc_nano.a(lib_a-nano-msizer.o)
                0x08005ce4                _malloc_usable_size_r
 *(.glue_7)
 .glue_7        0x08005cf8        0x0 linker stubs
 *(.glue_7t)
 .glue_7t       0x08005cf8        0x0 linker stubs
 *(.eh_frame)
 .eh_frame      0x08005cf8        0x0 c:/users/artur/.p2/pool/plugins/fr.ac6.mcu.externaltools.arm-none.win32_1.13.2.201703061525/tools/compiler/bin/../lib/gcc/arm-none-eabi/5.4.1/armv7e-m/fpu/crtbegin.o
 *(.init)
 .init          0x08005cf8        0x4 c:/users/artur/.p2/pool/plugins/fr.ac6.mcu.externaltools.arm-none.win32_1.13.2.201703061525/tools/compiler/bin/../lib/gcc/arm-none-eabi/5.4.1/armv7e-m/fpu/crti.o
                0x08005cf8                _init
 .init          0x08005cfc        0x8 c:/users/artur/.p2/pool/plugins/fr.ac6.mcu.externaltools.arm-none.win32_1.13.2.201703061525/tools/compiler/bin/../lib/gcc/arm-none-eabi/5.4.1/armv7e-m/fpu/crtn.o
 *(.fini)
 .fini          0x08005d04        0x4 c:/users/artur/.p2/pool/plugins/fr.ac6.mcu.externaltools.arm-none.win32_1.13.2.201703061525/tools/compiler/bin/../lib/gcc/arm-none-eabi/5.4.1/armv7e-m/fpu/crti.o
                0x08005d04                _fini
 .fini          0x08005d08        0x8 c:/users/artur/.p2/pool/plugins/fr.ac6.mcu.externaltools.arm-none.win32_1.13.2.201703061525/tools/compiler/bin/../lib/gcc/arm-none-eabi/5.4.1/armv7e-m/fpu/crtn.o
                0x08005d10                . = ALIGN (0x4)
                0x08005d10                _etext = .

.vfp11_veneer   0x08005d10        0x0
 .vfp11_veneer  0x08005d10        0x0 linker stubs

.v4_bx          0x08005d10        0x0
 .v4_bx         0x08005d10        0x0 linker stubs

.iplt           0x08005d10        0x0
 .iplt          0x08005d10        0x0 c:/users/artur/.p2/pool/plugins/fr.ac6.mcu.externaltools.arm-none.win32_1.13.2.201703061525/tools/compiler/bin/../lib/gcc/arm-none-eabi/5.4.1/armv7e-m/fpu/crtbegin.o

.rodata         0x08005d10     0x4368
                0x08005d10                . = ALIGN (0x4)
 *(.rodata)
 .rodata        0x08005d10       0x18 Drivers/CMSIS/system_stm32f4xx.o
                0x08005d10                AHBPrescTable
                0x08005d20                APBPrescTable
 .rodata        0x08005d28        0x8 Drivers/STM32F4xx_HAL_Driver/stm32f4xx_hal_dma.o
 .rodata        0x08005d30     0x3cdc STM32F429I-Discovery/stm32f429i_discovery_lcd.o
                0x08005d30                Font8_Table
                0x08006028                Font12_Table
                0x0800649c                Font16_Table
                0x0800707c                Font20_Table
                0x08007f54                Font24_Table
 *(.rodata*)
 .rodata.str1.4
                0x08009a0c      0x5ff Application/User/Core/ESP8266_HAL.o
                                0x60f (size before relaxing)
 *fill*         0x0800a00b        0x1 
 .rodata.str1.4
                0x0800a00c       0x38 Application/User/Core/main.o
                                 0x37 (size before relaxing)
 .rodata.str1.1
                0x0800a044       0x11 c:/users/artur/.p2/pool/plugins/fr.ac6.mcu.externaltools.arm-none.win32_1.13.2.201703061525/tools/compiler/bin/../lib/gcc/arm-none-eabi/5.4.1/../../../../arm-none-eabi/lib/armv7e-m/fpu\libc_nano.a(lib_a-nano-svfprintf.o)
 .rodata.str1.1
                0x0800a055       0x22 c:/users/artur/.p2/pool/plugins/fr.ac6.mcu.externaltools.arm-none.win32_1.13.2.201703061525/tools/compiler/bin/../lib/gcc/arm-none-eabi/5.4.1/../../../../arm-none-eabi/lib/armv7e-m/fpu\libc_nano.a(lib_a-nano-vfprintf_i.o)
                0x0800a078                . = ALIGN (0x4)
 *fill*         0x0800a077        0x1 

.ARM.extab
 *(.ARM.extab* .gnu.linkonce.armextab.*)

.ARM            0x0800a078        0x8
                0x0800a078                __exidx_start = .
 *(.ARM.exidx*)
 .ARM.exidx     0x0800a078        0x8 c:/users/artur/.p2/pool/plugins/fr.ac6.mcu.externaltools.arm-none.win32_1.13.2.201703061525/tools/compiler/bin/../lib/gcc/arm-none-eabi/5.4.1/armv7e-m/fpu\libgcc.a(_udivmoddi4.o)
                0x0800a080                __exidx_end = .

.rel.dyn        0x0800a080        0x0
 .rel.iplt      0x0800a080        0x0 c:/users/artur/.p2/pool/plugins/fr.ac6.mcu.externaltools.arm-none.win32_1.13.2.201703061525/tools/compiler/bin/../lib/gcc/arm-none-eabi/5.4.1/armv7e-m/fpu/crtbegin.o

.preinit_array  0x0800a080        0x0
                0x0800a080                PROVIDE (__preinit_array_start, .)
 *(.preinit_array*)
                0x0800a080                PROVIDE (__preinit_array_end, .)

.init_array     0x0800a080        0x4
                0x0800a080                PROVIDE (__init_array_start, .)
 *(SORT(.init_array.*))
 *(.init_array*)
 .init_array    0x0800a080        0x4 c:/users/artur/.p2/pool/plugins/fr.ac6.mcu.externaltools.arm-none.win32_1.13.2.201703061525/tools/compiler/bin/../lib/gcc/arm-none-eabi/5.4.1/armv7e-m/fpu/crtbegin.o
                0x0800a084                PROVIDE (__init_array_end, .)

.fini_array     0x0800a084        0x4
                [!provide]                PROVIDE (__fini_array_start, .)
 *(SORT(.fini_array.*))
 *(.fini_array*)
 .fini_array    0x0800a084        0x4 c:/users/artur/.p2/pool/plugins/fr.ac6.mcu.externaltools.arm-none.win32_1.13.2.201703061525/tools/compiler/bin/../lib/gcc/arm-none-eabi/5.4.1/armv7e-m/fpu/crtbegin.o
                [!provide]                PROVIDE (__fini_array_end, .)
                0x0800a088                _sidata = LOADADDR (.data)

.data           0x20000000       0xf8 load address 0x0800a088
                0x20000000                . = ALIGN (0x4)
                0x20000000                _sdata = .
 *(.data)
 .data          0x20000000       0x10 Application/User/Core/ESP8266_HAL.o
                0x20000000                Basic_inclusion
                0x20000004                LCD_RED
                0x20000008                Terminate
                0x2000000c                LCD_GREEN
 .data          0x20000010        0x4 Drivers/CMSIS/system_stm32f4xx.o
                0x20000010                SystemCoreClock
 .data          0x20000014        0x8 Drivers/STM32F4xx_HAL_Driver/stm32f4xx_hal.o
                0x20000014                uwTickFreq
                0x20000018                uwTickPrio
 .data          0x2000001c       0x14 STM32F429I-Discovery/stm32f429i_discovery.o
                0x2000001c                SpixTimeout
                0x20000020                I2cxTimeout
                0x20000024                GPIO_PORT
                0x2000002c                BUTTON_PORT
 .data          0x20000030       0x28 STM32F429I-Discovery/stm32f429i_discovery_lcd.o
                0x20000030                Font24
                0x20000038                Font8
                0x20000040                Font12
                0x20000048                Font16
                0x20000050                Font20
 .data          0x20000058        0x1 STM32F429I-Discovery/stm32f429i_discovery_sdram.o
 *fill*         0x20000059        0x3 
 .data          0x2000005c       0x38 ili9341/ili9341.o
                0x2000005c                ili9341_drv
 *(.data*)
 .data.impure_data
                0x20000094       0x60 c:/users/artur/.p2/pool/plugins/fr.ac6.mcu.externaltools.arm-none.win32_1.13.2.201703061525/tools/compiler/bin/../lib/gcc/arm-none-eabi/5.4.1/../../../../arm-none-eabi/lib/armv7e-m/fpu\libc_nano.a(lib_a-impure.o)
 .data._impure_ptr
                0x200000f4        0x4 c:/users/artur/.p2/pool/plugins/fr.ac6.mcu.externaltools.arm-none.win32_1.13.2.201703061525/tools/compiler/bin/../lib/gcc/arm-none-eabi/5.4.1/../../../../arm-none-eabi/lib/armv7e-m/fpu\libc_nano.a(lib_a-impure.o)
                0x200000f4                _impure_ptr
                0x200000f8                . = ALIGN (0x4)
                0x200000f8                _edata = .
                0x0800a180                _siccmram = LOADADDR (.ccmram)

.jcr            0x200000f8        0x0 load address 0x0800a180
 .jcr           0x200000f8        0x0 c:/users/artur/.p2/pool/plugins/fr.ac6.mcu.externaltools.arm-none.win32_1.13.2.201703061525/tools/compiler/bin/../lib/gcc/arm-none-eabi/5.4.1/armv7e-m/fpu/crtbegin.o

.igot.plt       0x200000f8        0x0 load address 0x0800a180
 .igot.plt      0x200000f8        0x0 c:/users/artur/.p2/pool/plugins/fr.ac6.mcu.externaltools.arm-none.win32_1.13.2.201703061525/tools/compiler/bin/../lib/gcc/arm-none-eabi/5.4.1/armv7e-m/fpu/crtbegin.o

.ccmram         0x10000000        0x0 load address 0x0800a180
                0x10000000                . = ALIGN (0x4)
                0x10000000                _sccmram = .
 *(.ccmram)
 *(.ccmram*)
                0x10000000                . = ALIGN (0x4)
                0x10000000                _eccmram = .
                0x10000000                . = ALIGN (0x4)

.bss            0x200000f8      0x704
                0x200000f8                _sbss = .
                0x200000f8                __bss_start__ = _sbss
 *(.bss)
 .bss           0x200000f8       0x1c c:/users/artur/.p2/pool/plugins/fr.ac6.mcu.externaltools.arm-none.win32_1.13.2.201703061525/tools/compiler/bin/../lib/gcc/arm-none-eabi/5.4.1/armv7e-m/fpu/crtbegin.o
 .bss           0x20000114        0x8 Application/SW4STM32/syscalls.o
                0x20000118                __env
 .bss           0x2000011c      0x120 Application/User/Core/UartRingbuffer_multi.o
                0x2000011c                rx_buffer1
                0x20000164                tx_buffer1
                0x200001ac                rx_buffer2
                0x200001f4                tx_buffer2
 .bss           0x2000023c        0x8 Application/User/Core/stm32f4xx_hal_msp.o
 .bss           0x20000244       0x59 STM32F429I-Discovery/stm32f429i_discovery.o
 *fill*         0x2000029d        0x3 
 .bss           0x200002a0       0x8c STM32F429I-Discovery/stm32f429i_discovery_lcd.o
 .bss           0x2000032c      0x120 STM32F429I-Discovery/stm32f429i_discovery_sdram.o
 *(.bss*)
 .bss.__malloc_sbrk_start
                0x2000044c        0x4 c:/users/artur/.p2/pool/plugins/fr.ac6.mcu.externaltools.arm-none.win32_1.13.2.201703061525/tools/compiler/bin/../lib/gcc/arm-none-eabi/5.4.1/../../../../arm-none-eabi/lib/armv7e-m/fpu\libc_nano.a(lib_a-nano-mallocr.o)
                0x2000044c                __malloc_sbrk_start
 .bss.__malloc_free_list
                0x20000450        0x4 c:/users/artur/.p2/pool/plugins/fr.ac6.mcu.externaltools.arm-none.win32_1.13.2.201703061525/tools/compiler/bin/../lib/gcc/arm-none-eabi/5.4.1/../../../../arm-none-eabi/lib/armv7e-m/fpu\libc_nano.a(lib_a-nano-mallocr.o)
                0x20000450                __malloc_free_list
 *(COMMON)
 COMMON         0x20000454       0x14 Application/User/Core/ESP8266_HAL.o
                0x20000454                buffer
 COMMON         0x20000468       0x10 Application/User/Core/UartRingbuffer_multi.o
                0x20000468                _tx_buffer2
                0x2000046c                _rx_buffer1
                0x20000470                _tx_buffer1
                0x20000474                _rx_buffer2
 COMMON         0x20000478      0x2d0 Application/User/Core/main.o
                0x20000478                Received
                0x2000047c                hi2c3
                0x200004d0                hspi5
                0x20000528                hltdc
                0x200005d0                huart1
                0x20000610                htim11
                0x20000650                Received1
                0x20000654                htim9
                0x20000694                huart6
                0x200006d4                hdma2d
                0x20000714                hsdram1
 COMMON         0x20000748        0x4 Drivers/STM32F4xx_HAL_Driver/stm32f4xx_hal.o
                0x20000748                uwTick
 COMMON         0x2000074c       0xac STM32F429I-Discovery/stm32f429i_discovery_lcd.o
                0x2000074c                LtdcHandler
                0x200007f4                LcdDrv
 COMMON         0x200007f8        0x4 c:/users/artur/.p2/pool/plugins/fr.ac6.mcu.externaltools.arm-none.win32_1.13.2.201703061525/tools/compiler/bin/../lib/gcc/arm-none-eabi/5.4.1/../../../../arm-none-eabi/lib/armv7e-m/fpu\libc_nano.a(lib_a-reent.o)
                0x200007f8                errno
                0x200007fc                . = ALIGN (0x4)
                0x200007fc                _ebss = .
                0x200007fc                __bss_end__ = _ebss

._user_heap_stack
                0x200007fc      0x604
                0x20000800                . = ALIGN (0x8)
 *fill*         0x200007fc        0x4 
                0x20000800                PROVIDE (end, .)
                [!provide]                PROVIDE (_end, .)
                0x20000a00                . = (. + _Min_Heap_Size)
 *fill*         0x20000800      0x200 
                0x20000e00                . = (. + _Min_Stack_Size)
 *fill*         0x20000a00      0x400 
                0x20000e00                . = ALIGN (0x8)

/DISCARD/
 libc.a(*)
 libm.a(*)
 libgcc.a(*)

.ARM.attributes
                0x00000000       0x30
 *(.ARM.attributes)
 .ARM.attributes
                0x00000000       0x22 c:/users/artur/.p2/pool/plugins/fr.ac6.mcu.externaltools.arm-none.win32_1.13.2.201703061525/tools/compiler/bin/../lib/gcc/arm-none-eabi/5.4.1/armv7e-m/fpu/crti.o
 .ARM.attributes
                0x00000022       0x34 c:/users/artur/.p2/pool/plugins/fr.ac6.mcu.externaltools.arm-none.win32_1.13.2.201703061525/tools/compiler/bin/../lib/gcc/arm-none-eabi/5.4.1/armv7e-m/fpu/crtbegin.o
 .ARM.attributes
                0x00000056       0x21 Application/SW4STM32/startup_stm32f429xx.o
 .ARM.attributes
                0x00000077       0x39 Application/SW4STM32/syscalls.o
 .ARM.attributes
                0x000000b0       0x39 Application/User/Core/ESP8266_HAL.o
 .ARM.attributes
                0x000000e9       0x39 Application/User/Core/UartRingbuffer_multi.o
 .ARM.attributes
                0x00000122       0x39 Application/User/Core/main.o
 .ARM.attributes
                0x0000015b       0x39 Application/User/Core/stm32f4xx_hal_msp.o
 .ARM.attributes
                0x00000194       0x39 Application/User/Core/stm32f4xx_it.o
 .ARM.attributes
                0x000001cd       0x39 Drivers/CMSIS/system_stm32f4xx.o
 .ARM.attributes
                0x00000206       0x39 Drivers/STM32F4xx_HAL_Driver/stm32f4xx_hal.o
 .ARM.attributes
                0x0000023f       0x39 Drivers/STM32F4xx_HAL_Driver/stm32f4xx_hal_cortex.o
 .ARM.attributes
                0x00000278       0x39 Drivers/STM32F4xx_HAL_Driver/stm32f4xx_hal_dma.o
 .ARM.attributes
                0x000002b1       0x39 Drivers/STM32F4xx_HAL_Driver/stm32f4xx_hal_dma2d.o
 .ARM.attributes
                0x000002ea       0x39 Drivers/STM32F4xx_HAL_Driver/stm32f4xx_hal_gpio.o
 .ARM.attributes
                0x00000323       0x39 Drivers/STM32F4xx_HAL_Driver/stm32f4xx_hal_i2c.o
 .ARM.attributes
                0x0000035c       0x39 Drivers/STM32F4xx_HAL_Driver/stm32f4xx_hal_i2c_ex.o
 .ARM.attributes
                0x00000395       0x39 Drivers/STM32F4xx_HAL_Driver/stm32f4xx_hal_ltdc.o
 .ARM.attributes
                0x000003ce       0x39 Drivers/STM32F4xx_HAL_Driver/stm32f4xx_hal_pwr_ex.o
 .ARM.attributes
                0x00000407       0x39 Drivers/STM32F4xx_HAL_Driver/stm32f4xx_hal_rcc.o
 .ARM.attributes
                0x00000440       0x39 Drivers/STM32F4xx_HAL_Driver/stm32f4xx_hal_rcc_ex.o
 .ARM.attributes
                0x00000479       0x39 Drivers/STM32F4xx_HAL_Driver/stm32f4xx_hal_sdram.o
 .ARM.attributes
                0x000004b2       0x39 Drivers/STM32F4xx_HAL_Driver/stm32f4xx_hal_spi.o
 .ARM.attributes
                0x000004eb       0x39 Drivers/STM32F4xx_HAL_Driver/stm32f4xx_hal_tim.o
 .ARM.attributes
                0x00000524       0x39 Drivers/STM32F4xx_HAL_Driver/stm32f4xx_hal_tim_ex.o
 .ARM.attributes
                0x0000055d       0x39 Drivers/STM32F4xx_HAL_Driver/stm32f4xx_hal_uart.o
 .ARM.attributes
                0x00000596       0x39 Drivers/STM32F4xx_HAL_Driver/stm32f4xx_ll_fmc.o
 .ARM.attributes
                0x000005cf       0x39 STM32F429I-Discovery/stm32f429i_discovery.o
 .ARM.attributes
                0x00000608       0x39 STM32F429I-Discovery/stm32f429i_discovery_lcd.o
 .ARM.attributes
                0x00000641       0x39 STM32F429I-Discovery/stm32f429i_discovery_sdram.o
 .ARM.attributes
                0x0000067a       0x39 ili9341/ili9341.o
 .ARM.attributes
                0x000006b3       0x22 c:/users/artur/.p2/pool/plugins/fr.ac6.mcu.externaltools.arm-none.win32_1.13.2.201703061525/tools/compiler/bin/../lib/gcc/arm-none-eabi/5.4.1/armv7e-m/fpu\libgcc.a(_aeabi_uldivmod.o)
 .ARM.attributes
                0x000006d5       0x34 c:/users/artur/.p2/pool/plugins/fr.ac6.mcu.externaltools.arm-none.win32_1.13.2.201703061525/tools/compiler/bin/../lib/gcc/arm-none-eabi/5.4.1/armv7e-m/fpu\libgcc.a(_udivmoddi4.o)
 .ARM.attributes
                0x00000709       0x22 c:/users/artur/.p2/pool/plugins/fr.ac6.mcu.externaltools.arm-none.win32_1.13.2.201703061525/tools/compiler/bin/../lib/gcc/arm-none-eabi/5.4.1/armv7e-m/fpu\libgcc.a(_dvmd_tls.o)
 .ARM.attributes
                0x0000072b       0x34 c:/users/artur/.p2/pool/plugins/fr.ac6.mcu.externaltools.arm-none.win32_1.13.2.201703061525/tools/compiler/bin/../lib/gcc/arm-none-eabi/5.4.1/../../../../arm-none-eabi/lib/armv7e-m/fpu\libc_nano.a(lib_a-errno.o)
 .ARM.attributes
                0x0000075f       0x34 c:/users/artur/.p2/pool/plugins/fr.ac6.mcu.externaltools.arm-none.win32_1.13.2.201703061525/tools/compiler/bin/../lib/gcc/arm-none-eabi/5.4.1/../../../../arm-none-eabi/lib/armv7e-m/fpu\libc_nano.a(lib_a-impure.o)
 .ARM.attributes
                0x00000793       0x34 c:/users/artur/.p2/pool/plugins/fr.ac6.mcu.externaltools.arm-none.win32_1.13.2.201703061525/tools/compiler/bin/../lib/gcc/arm-none-eabi/5.4.1/../../../../arm-none-eabi/lib/armv7e-m/fpu\libc_nano.a(lib_a-init.o)
 .ARM.attributes
                0x000007c7       0x34 c:/users/artur/.p2/pool/plugins/fr.ac6.mcu.externaltools.arm-none.win32_1.13.2.201703061525/tools/compiler/bin/../lib/gcc/arm-none-eabi/5.4.1/../../../../arm-none-eabi/lib/armv7e-m/fpu\libc_nano.a(lib_a-memset.o)
 .ARM.attributes
                0x000007fb       0x34 c:/users/artur/.p2/pool/plugins/fr.ac6.mcu.externaltools.arm-none.win32_1.13.2.201703061525/tools/compiler/bin/../lib/gcc/arm-none-eabi/5.4.1/../../../../arm-none-eabi/lib/armv7e-m/fpu\libc_nano.a(lib_a-sprintf.o)
 .ARM.attributes
                0x0000082f       0x34 c:/users/artur/.p2/pool/plugins/fr.ac6.mcu.externaltools.arm-none.win32_1.13.2.201703061525/tools/compiler/bin/../lib/gcc/arm-none-eabi/5.4.1/../../../../arm-none-eabi/lib/armv7e-m/fpu\libc_nano.a(lib_a-strcat.o)
 .ARM.attributes
                0x00000863       0x20 c:/users/artur/.p2/pool/plugins/fr.ac6.mcu.externaltools.arm-none.win32_1.13.2.201703061525/tools/compiler/bin/../lib/gcc/arm-none-eabi/5.4.1/../../../../arm-none-eabi/lib/armv7e-m/fpu\libc_nano.a(lib_a-strcmp.o)
 .ARM.attributes
                0x00000883       0x1b c:/users/artur/.p2/pool/plugins/fr.ac6.mcu.externaltools.arm-none.win32_1.13.2.201703061525/tools/compiler/bin/../lib/gcc/arm-none-eabi/5.4.1/../../../../arm-none-eabi/lib/armv7e-m/fpu\libc_nano.a(lib_a-strlen.o)
 .ARM.attributes
                0x0000089e       0x34 c:/users/artur/.p2/pool/plugins/fr.ac6.mcu.externaltools.arm-none.win32_1.13.2.201703061525/tools/compiler/bin/../lib/gcc/arm-none-eabi/5.4.1/../../../../arm-none-eabi/lib/armv7e-m/fpu\libc_nano.a(lib_a-nano-svfprintf.o)
 .ARM.attributes
                0x000008d2       0x34 c:/users/artur/.p2/pool/plugins/fr.ac6.mcu.externaltools.arm-none.win32_1.13.2.201703061525/tools/compiler/bin/../lib/gcc/arm-none-eabi/5.4.1/../../../../arm-none-eabi/lib/armv7e-m/fpu\libc_nano.a(lib_a-nano-vfprintf_i.o)
 .ARM.attributes
                0x00000906       0x20 c:/users/artur/.p2/pool/plugins/fr.ac6.mcu.externaltools.arm-none.win32_1.13.2.201703061525/tools/compiler/bin/../lib/gcc/arm-none-eabi/5.4.1/../../../../arm-none-eabi/lib/armv7e-m/fpu\libc_nano.a(lib_a-memchr.o)
 .ARM.attributes
                0x00000926       0x34 c:/users/artur/.p2/pool/plugins/fr.ac6.mcu.externaltools.arm-none.win32_1.13.2.201703061525/tools/compiler/bin/../lib/gcc/arm-none-eabi/5.4.1/../../../../arm-none-eabi/lib/armv7e-m/fpu\libc_nano.a(lib_a-memcpy-stub.o)
 .ARM.attributes
                0x0000095a       0x34 c:/users/artur/.p2/pool/plugins/fr.ac6.mcu.externaltools.arm-none.win32_1.13.2.201703061525/tools/compiler/bin/../lib/gcc/arm-none-eabi/5.4.1/../../../../arm-none-eabi/lib/armv7e-m/fpu\libc_nano.a(lib_a-memmove.o)
 .ARM.attributes
                0x0000098e       0x34 c:/users/artur/.p2/pool/plugins/fr.ac6.mcu.externaltools.arm-none.win32_1.13.2.201703061525/tools/compiler/bin/../lib/gcc/arm-none-eabi/5.4.1/../../../../arm-none-eabi/lib/armv7e-m/fpu\libc_nano.a(lib_a-nano-freer.o)
 .ARM.attributes
                0x000009c2       0x34 c:/users/artur/.p2/pool/plugins/fr.ac6.mcu.externaltools.arm-none.win32_1.13.2.201703061525/tools/compiler/bin/../lib/gcc/arm-none-eabi/5.4.1/../../../../arm-none-eabi/lib/armv7e-m/fpu\libc_nano.a(lib_a-nano-mallocr.o)
 .ARM.attributes
                0x000009f6       0x34 c:/users/artur/.p2/pool/plugins/fr.ac6.mcu.externaltools.arm-none.win32_1.13.2.201703061525/tools/compiler/bin/../lib/gcc/arm-none-eabi/5.4.1/../../../../arm-none-eabi/lib/armv7e-m/fpu\libc_nano.a(lib_a-nano-reallocr.o)
 .ARM.attributes
                0x00000a2a       0x34 c:/users/artur/.p2/pool/plugins/fr.ac6.mcu.externaltools.arm-none.win32_1.13.2.201703061525/tools/compiler/bin/../lib/gcc/arm-none-eabi/5.4.1/../../../../arm-none-eabi/lib/armv7e-m/fpu\libc_nano.a(lib_a-sbrkr.o)
 .ARM.attributes
                0x00000a5e       0x34 c:/users/artur/.p2/pool/plugins/fr.ac6.mcu.externaltools.arm-none.win32_1.13.2.201703061525/tools/compiler/bin/../lib/gcc/arm-none-eabi/5.4.1/../../../../arm-none-eabi/lib/armv7e-m/fpu\libc_nano.a(lib_a-mlock.o)
 .ARM.attributes
                0x00000a92       0x34 c:/users/artur/.p2/pool/plugins/fr.ac6.mcu.externaltools.arm-none.win32_1.13.2.201703061525/tools/compiler/bin/../lib/gcc/arm-none-eabi/5.4.1/../../../../arm-none-eabi/lib/armv7e-m/fpu\libc_nano.a(lib_a-nano-msizer.o)
 .ARM.attributes
                0x00000ac6       0x34 c:/users/artur/.p2/pool/plugins/fr.ac6.mcu.externaltools.arm-none.win32_1.13.2.201703061525/tools/compiler/bin/../lib/gcc/arm-none-eabi/5.4.1/../../../../arm-none-eabi/lib/armv7e-m/fpu\libc_nano.a(lib_a-reent.o)
 .ARM.attributes
                0x00000afa       0x22 c:/users/artur/.p2/pool/plugins/fr.ac6.mcu.externaltools.arm-none.win32_1.13.2.201703061525/tools/compiler/bin/../lib/gcc/arm-none-eabi/5.4.1/armv7e-m/fpu/crtn.o
OUTPUT(LCD_Control_via_ESP8266.elf elf32-littlearm)

.debug_line     0x00000000    0x15fd8
 .debug_line    0x00000000       0xc3 Application/SW4STM32/startup_stm32f429xx.o
 .debug_line    0x000000c3      0x5fe Application/SW4STM32/syscalls.o
 .debug_line    0x000006c1      0xc2a Application/User/Core/ESP8266_HAL.o
 .debug_line    0x000012eb      0xaf0 Application/User/Core/UartRingbuffer_multi.o
 .debug_line    0x00001ddb      0xc4b Application/User/Core/main.o
 .debug_line    0x00002a26      0xa4e Application/User/Core/stm32f4xx_hal_msp.o
 .debug_line    0x00003474      0x934 Application/User/Core/stm32f4xx_it.o
 .debug_line    0x00003da8      0x87b Drivers/CMSIS/system_stm32f4xx.o
 .debug_line    0x00004623      0xa78 Drivers/STM32F4xx_HAL_Driver/stm32f4xx_hal.o
 .debug_line    0x0000509b      0xa74 Drivers/STM32F4xx_HAL_Driver/stm32f4xx_hal_cortex.o
 .debug_line    0x00005b0f      0xb68 Drivers/STM32F4xx_HAL_Driver/stm32f4xx_hal_dma.o
 .debug_line    0x00006677      0xe0e Drivers/STM32F4xx_HAL_Driver/stm32f4xx_hal_dma2d.o
 .debug_line    0x00007485      0x9f0 Drivers/STM32F4xx_HAL_Driver/stm32f4xx_hal_gpio.o
 .debug_line    0x00007e75     0x1c9a Drivers/STM32F4xx_HAL_Driver/stm32f4xx_hal_i2c.o
 .debug_line    0x00009b0f      0x898 Drivers/STM32F4xx_HAL_Driver/stm32f4xx_hal_i2c_ex.o
 .debug_line    0x0000a3a7     0x113d Drivers/STM32F4xx_HAL_Driver/stm32f4xx_hal_ltdc.o
 .debug_line    0x0000b4e4      0x962 Drivers/STM32F4xx_HAL_Driver/stm32f4xx_hal_pwr_ex.o
 .debug_line    0x0000be46      0xafc Drivers/STM32F4xx_HAL_Driver/stm32f4xx_hal_rcc.o
 .debug_line    0x0000c942      0xa14 Drivers/STM32F4xx_HAL_Driver/stm32f4xx_hal_rcc_ex.o
 .debug_line    0x0000d356      0xb67 Drivers/STM32F4xx_HAL_Driver/stm32f4xx_hal_sdram.o
 .debug_line    0x0000debd     0x1228 Drivers/STM32F4xx_HAL_Driver/stm32f4xx_hal_spi.o
 .debug_line    0x0000f0e5     0x19c4 Drivers/STM32F4xx_HAL_Driver/stm32f4xx_hal_tim.o
 .debug_line    0x00010aa9      0xe6d Drivers/STM32F4xx_HAL_Driver/stm32f4xx_hal_tim_ex.o
 .debug_line    0x00011916     0x1131 Drivers/STM32F4xx_HAL_Driver/stm32f4xx_hal_uart.o
 .debug_line    0x00012a47      0xbbb Drivers/STM32F4xx_HAL_Driver/stm32f4xx_ll_fmc.o
 .debug_line    0x00013602      0xbb7 STM32F429I-Discovery/stm32f429i_discovery.o
 .debug_line    0x000141b9      0xfc8 STM32F429I-Discovery/stm32f429i_discovery_lcd.o
 .debug_line    0x00015181      0x9bd STM32F429I-Discovery/stm32f429i_discovery_sdram.o
 .debug_line    0x00015b3e      0x49a ili9341/ili9341.o

.debug_info     0x00000000    0x21bc4
 .debug_info    0x00000000       0xf8 Application/SW4STM32/startup_stm32f429xx.o
 .debug_info    0x000000f8      0x76f Application/SW4STM32/syscalls.o
 .debug_info    0x00000867      0xdfe Application/User/Core/ESP8266_HAL.o
 .debug_info    0x00001665      0xcbc Application/User/Core/UartRingbuffer_multi.o
 .debug_info    0x00002321     0x2539 Application/User/Core/main.o
 .debug_info    0x0000485a     0x2442 Application/User/Core/stm32f4xx_hal_msp.o
 .debug_info    0x00006c9c      0x90f Application/User/Core/stm32f4xx_it.o
 .debug_info    0x000075ab      0x50f Drivers/CMSIS/system_stm32f4xx.o
 .debug_info    0x00007aba      0x9f4 Drivers/STM32F4xx_HAL_Driver/stm32f4xx_hal.o
 .debug_info    0x000084ae      0xf3f Drivers/STM32F4xx_HAL_Driver/stm32f4xx_hal_cortex.o
 .debug_info    0x000093ed      0xa55 Drivers/STM32F4xx_HAL_Driver/stm32f4xx_hal_dma.o
 .debug_info    0x00009e42     0x10f9 Drivers/STM32F4xx_HAL_Driver/stm32f4xx_hal_dma2d.o
 .debug_info    0x0000af3b      0x738 Drivers/STM32F4xx_HAL_Driver/stm32f4xx_hal_gpio.o
 .debug_info    0x0000b673     0x3352 Drivers/STM32F4xx_HAL_Driver/stm32f4xx_hal_i2c.o
 .debug_info    0x0000e9c5      0x67e Drivers/STM32F4xx_HAL_Driver/stm32f4xx_hal_i2c_ex.o
 .debug_info    0x0000f043     0x12d7 Drivers/STM32F4xx_HAL_Driver/stm32f4xx_hal_ltdc.o
 .debug_info    0x0001031a      0x769 Drivers/STM32F4xx_HAL_Driver/stm32f4xx_hal_pwr_ex.o
 .debug_info    0x00010a83      0xa67 Drivers/STM32F4xx_HAL_Driver/stm32f4xx_hal_rcc.o
 .debug_info    0x000114ea      0x7a8 Drivers/STM32F4xx_HAL_Driver/stm32f4xx_hal_rcc_ex.o
 .debug_info    0x00011c92      0xd99 Drivers/STM32F4xx_HAL_Driver/stm32f4xx_hal_sdram.o
 .debug_info    0x00012a2b     0x1ba1 Drivers/STM32F4xx_HAL_Driver/stm32f4xx_hal_spi.o
 .debug_info    0x000145cc     0x312b Drivers/STM32F4xx_HAL_Driver/stm32f4xx_hal_tim.o
 .debug_info    0x000176f7     0x1426 Drivers/STM32F4xx_HAL_Driver/stm32f4xx_hal_tim_ex.o
 .debug_info    0x00018b1d     0x167a Drivers/STM32F4xx_HAL_Driver/stm32f4xx_hal_uart.o
 .debug_info    0x0001a197      0xeac Drivers/STM32F4xx_HAL_Driver/stm32f4xx_ll_fmc.o
 .debug_info    0x0001b043     0x203e STM32F429I-Discovery/stm32f429i_discovery.o
 .debug_info    0x0001d081     0x2d32 STM32F429I-Discovery/stm32f429i_discovery_lcd.o
 .debug_info    0x0001fdb3     0x11ec STM32F429I-Discovery/stm32f429i_discovery_sdram.o
 .debug_info    0x00020f9f      0xc25 ili9341/ili9341.o

.debug_abbrev   0x00000000     0x39c9
 .debug_abbrev  0x00000000       0x12 Application/SW4STM32/startup_stm32f429xx.o
 .debug_abbrev  0x00000012      0x1a1 Application/SW4STM32/syscalls.o
 .debug_abbrev  0x000001b3      0x1f4 Application/User/Core/ESP8266_HAL.o
 .debug_abbrev  0x000003a7      0x2c8 Application/User/Core/UartRingbuffer_multi.o
 .debug_abbrev  0x0000066f      0x256 Application/User/Core/main.o
 .debug_abbrev  0x000008c5      0x23c Application/User/Core/stm32f4xx_hal_msp.o
 .debug_abbrev  0x00000b01      0x197 Application/User/Core/stm32f4xx_it.o
 .debug_abbrev  0x00000c98      0x102 Drivers/CMSIS/system_stm32f4xx.o
 .debug_abbrev  0x00000d9a      0x1ed Drivers/STM32F4xx_HAL_Driver/stm32f4xx_hal.o
 .debug_abbrev  0x00000f87      0x2fc Drivers/STM32F4xx_HAL_Driver/stm32f4xx_hal_cortex.o
 .debug_abbrev  0x00001283      0x28c Drivers/STM32F4xx_HAL_Driver/stm32f4xx_hal_dma.o
 .debug_abbrev  0x0000150f      0x231 Drivers/STM32F4xx_HAL_Driver/stm32f4xx_hal_dma2d.o
 .debug_abbrev  0x00001740      0x1da Drivers/STM32F4xx_HAL_Driver/stm32f4xx_hal_gpio.o
 .debug_abbrev  0x0000191a      0x258 Drivers/STM32F4xx_HAL_Driver/stm32f4xx_hal_i2c.o
 .debug_abbrev  0x00001b72      0x125 Drivers/STM32F4xx_HAL_Driver/stm32f4xx_hal_i2c_ex.o
 .debug_abbrev  0x00001c97      0x1fb Drivers/STM32F4xx_HAL_Driver/stm32f4xx_hal_ltdc.o
 .debug_abbrev  0x00001e92      0x1a7 Drivers/STM32F4xx_HAL_Driver/stm32f4xx_hal_pwr_ex.o
 .debug_abbrev  0x00002039      0x26f Drivers/STM32F4xx_HAL_Driver/stm32f4xx_hal_rcc.o
 .debug_abbrev  0x000022a8      0x16e Drivers/STM32F4xx_HAL_Driver/stm32f4xx_hal_rcc_ex.o
 .debug_abbrev  0x00002416      0x212 Drivers/STM32F4xx_HAL_Driver/stm32f4xx_hal_sdram.o
 .debug_abbrev  0x00002628      0x22c Drivers/STM32F4xx_HAL_Driver/stm32f4xx_hal_spi.o
 .debug_abbrev  0x00002854      0x208 Drivers/STM32F4xx_HAL_Driver/stm32f4xx_hal_tim.o
 .debug_abbrev  0x00002a5c      0x219 Drivers/STM32F4xx_HAL_Driver/stm32f4xx_hal_tim_ex.o
 .debug_abbrev  0x00002c75      0x25a Drivers/STM32F4xx_HAL_Driver/stm32f4xx_hal_uart.o
 .debug_abbrev  0x00002ecf      0x19d Drivers/STM32F4xx_HAL_Driver/stm32f4xx_ll_fmc.o
 .debug_abbrev  0x0000306c      0x28e STM32F429I-Discovery/stm32f429i_discovery.o
 .debug_abbrev  0x000032fa      0x348 STM32F429I-Discovery/stm32f429i_discovery_lcd.o
 .debug_abbrev  0x00003642      0x219 STM32F429I-Discovery/stm32f429i_discovery_sdram.o
 .debug_abbrev  0x0000385b      0x16e ili9341/ili9341.o

.debug_aranges  0x00000000     0x1a78
 .debug_aranges
                0x00000000       0x28 Application/SW4STM32/startup_stm32f429xx.o
 .debug_aranges
                0x00000028       0xb0 Application/SW4STM32/syscalls.o
 .debug_aranges
                0x000000d8       0x38 Application/User/Core/ESP8266_HAL.o
 .debug_aranges
                0x00000110       0x88 Application/User/Core/UartRingbuffer_multi.o
 .debug_aranges
                0x00000198       0x88 Application/User/Core/main.o
 .debug_aranges
                0x00000220       0xa8 Application/User/Core/stm32f4xx_hal_msp.o
 .debug_aranges
                0x000002c8       0x80 Application/User/Core/stm32f4xx_it.o
 .debug_aranges
                0x00000348       0x28 Drivers/CMSIS/system_stm32f4xx.o
 .debug_aranges
                0x00000370      0x100 Drivers/STM32F4xx_HAL_Driver/stm32f4xx_hal.o
 .debug_aranges
                0x00000470       0xa8 Drivers/STM32F4xx_HAL_Driver/stm32f4xx_hal_cortex.o
 .debug_aranges
                0x00000518       0x90 Drivers/STM32F4xx_HAL_Driver/stm32f4xx_hal_dma.o
 .debug_aranges
                0x000005a8      0x118 Drivers/STM32F4xx_HAL_Driver/stm32f4xx_hal_dma2d.o
 .debug_aranges
                0x000006c0       0x58 Drivers/STM32F4xx_HAL_Driver/stm32f4xx_hal_gpio.o
 .debug_aranges
                0x00000718      0x2a0 Drivers/STM32F4xx_HAL_Driver/stm32f4xx_hal_i2c.o
 .debug_aranges
                0x000009b8       0x28 Drivers/STM32F4xx_HAL_Driver/stm32f4xx_hal_i2c_ex.o
 .debug_aranges
                0x000009e0      0x158 Drivers/STM32F4xx_HAL_Driver/stm32f4xx_hal_ltdc.o
 .debug_aranges
                0x00000b38       0x60 Drivers/STM32F4xx_HAL_Driver/stm32f4xx_hal_pwr_ex.o
 .debug_aranges
                0x00000b98       0x88 Drivers/STM32F4xx_HAL_Driver/stm32f4xx_hal_rcc.o
 .debug_aranges
                0x00000c20       0x58 Drivers/STM32F4xx_HAL_Driver/stm32f4xx_hal_rcc_ex.o
 .debug_aranges
                0x00000c78       0xd0 Drivers/STM32F4xx_HAL_Driver/stm32f4xx_hal_sdram.o
 .debug_aranges
                0x00000d48      0x1d0 Drivers/STM32F4xx_HAL_Driver/stm32f4xx_hal_spi.o
 .debug_aranges
                0x00000f18      0x3a8 Drivers/STM32F4xx_HAL_Driver/stm32f4xx_hal_tim.o
 .debug_aranges
                0x000012c0      0x150 Drivers/STM32F4xx_HAL_Driver/stm32f4xx_hal_tim_ex.o
 .debug_aranges
                0x00001410      0x1d0 Drivers/STM32F4xx_HAL_Driver/stm32f4xx_hal_uart.o
 .debug_aranges
                0x000015e0       0xf0 Drivers/STM32F4xx_HAL_Driver/stm32f4xx_ll_fmc.o
 .debug_aranges
                0x000016d0      0x138 STM32F429I-Discovery/stm32f429i_discovery.o
 .debug_aranges
                0x00001808      0x1a8 STM32F429I-Discovery/stm32f429i_discovery_lcd.o
 .debug_aranges
                0x000019b0       0x68 STM32F429I-Discovery/stm32f429i_discovery_sdram.o
 .debug_aranges
                0x00001a18       0x60 ili9341/ili9341.o

.debug_ranges   0x00000000     0x18e0
 .debug_ranges  0x00000000       0x20 Application/SW4STM32/startup_stm32f429xx.o
 .debug_ranges  0x00000020       0xa0 Application/SW4STM32/syscalls.o
 .debug_ranges  0x000000c0       0x28 Application/User/Core/ESP8266_HAL.o
 .debug_ranges  0x000000e8       0x78 Application/User/Core/UartRingbuffer_multi.o
 .debug_ranges  0x00000160       0x78 Application/User/Core/main.o
 .debug_ranges  0x000001d8       0x98 Application/User/Core/stm32f4xx_hal_msp.o
 .debug_ranges  0x00000270       0x70 Application/User/Core/stm32f4xx_it.o
 .debug_ranges  0x000002e0       0x18 Drivers/CMSIS/system_stm32f4xx.o
 .debug_ranges  0x000002f8       0xf0 Drivers/STM32F4xx_HAL_Driver/stm32f4xx_hal.o
 .debug_ranges  0x000003e8       0x98 Drivers/STM32F4xx_HAL_Driver/stm32f4xx_hal_cortex.o
 .debug_ranges  0x00000480       0x80 Drivers/STM32F4xx_HAL_Driver/stm32f4xx_hal_dma.o
 .debug_ranges  0x00000500      0x108 Drivers/STM32F4xx_HAL_Driver/stm32f4xx_hal_dma2d.o
 .debug_ranges  0x00000608       0x48 Drivers/STM32F4xx_HAL_Driver/stm32f4xx_hal_gpio.o
 .debug_ranges  0x00000650      0x2a8 Drivers/STM32F4xx_HAL_Driver/stm32f4xx_hal_i2c.o
 .debug_ranges  0x000008f8       0x18 Drivers/STM32F4xx_HAL_Driver/stm32f4xx_hal_i2c_ex.o
 .debug_ranges  0x00000910      0x148 Drivers/STM32F4xx_HAL_Driver/stm32f4xx_hal_ltdc.o
 .debug_ranges  0x00000a58       0x50 Drivers/STM32F4xx_HAL_Driver/stm32f4xx_hal_pwr_ex.o
 .debug_ranges  0x00000aa8       0x90 Drivers/STM32F4xx_HAL_Driver/stm32f4xx_hal_rcc.o
 .debug_ranges  0x00000b38       0x48 Drivers/STM32F4xx_HAL_Driver/stm32f4xx_hal_rcc_ex.o
 .debug_ranges  0x00000b80       0xc0 Drivers/STM32F4xx_HAL_Driver/stm32f4xx_hal_sdram.o
 .debug_ranges  0x00000c40      0x1c0 Drivers/STM32F4xx_HAL_Driver/stm32f4xx_hal_spi.o
 .debug_ranges  0x00000e00      0x398 Drivers/STM32F4xx_HAL_Driver/stm32f4xx_hal_tim.o
 .debug_ranges  0x00001198      0x140 Drivers/STM32F4xx_HAL_Driver/stm32f4xx_hal_tim_ex.o
 .debug_ranges  0x000012d8      0x1c0 Drivers/STM32F4xx_HAL_Driver/stm32f4xx_hal_uart.o
 .debug_ranges  0x00001498       0xe0 Drivers/STM32F4xx_HAL_Driver/stm32f4xx_ll_fmc.o
 .debug_ranges  0x00001578      0x128 STM32F429I-Discovery/stm32f429i_discovery.o
 .debug_ranges  0x000016a0      0x198 STM32F429I-Discovery/stm32f429i_discovery_lcd.o
 .debug_ranges  0x00001838       0x58 STM32F429I-Discovery/stm32f429i_discovery_sdram.o
 .debug_ranges  0x00001890       0x50 ili9341/ili9341.o

.debug_loc      0x00000000    0x14100
 .debug_loc     0x00000000      0x3a2 Application/SW4STM32/syscalls.o
 .debug_loc     0x000003a2      0x197 Application/User/Core/ESP8266_HAL.o
 .debug_loc     0x00000539      0x735 Application/User/Core/UartRingbuffer_multi.o
 .debug_loc     0x00000c6e       0x47 Application/User/Core/main.o
 .debug_loc     0x00000cb5      0x211 Application/User/Core/stm32f4xx_hal_msp.o
 .debug_loc     0x00000ec6      0x132 Drivers/CMSIS/system_stm32f4xx.o
 .debug_loc     0x00000ff8      0x11b Drivers/STM32F4xx_HAL_Driver/stm32f4xx_hal.o
 .debug_loc     0x00001113      0x548 Drivers/STM32F4xx_HAL_Driver/stm32f4xx_hal_cortex.o
 .debug_loc     0x0000165b      0x9dc Drivers/STM32F4xx_HAL_Driver/stm32f4xx_hal_dma.o
 .debug_loc     0x00002037      0xf9f Drivers/STM32F4xx_HAL_Driver/stm32f4xx_hal_dma2d.o
 .debug_loc     0x00002fd6      0x388 Drivers/STM32F4xx_HAL_Driver/stm32f4xx_hal_gpio.o
 .debug_loc     0x0000335e     0x3621 Drivers/STM32F4xx_HAL_Driver/stm32f4xx_hal_i2c.o
 .debug_loc     0x0000697f      0x102 Drivers/STM32F4xx_HAL_Driver/stm32f4xx_hal_i2c_ex.o
 .debug_loc     0x00006a81     0x16a2 Drivers/STM32F4xx_HAL_Driver/stm32f4xx_hal_ltdc.o
 .debug_loc     0x00008123      0x1e7 Drivers/STM32F4xx_HAL_Driver/stm32f4xx_hal_pwr_ex.o
 .debug_loc     0x0000830a      0x4c3 Drivers/STM32F4xx_HAL_Driver/stm32f4xx_hal_rcc.o
 .debug_loc     0x000087cd      0x440 Drivers/STM32F4xx_HAL_Driver/stm32f4xx_hal_rcc_ex.o
 .debug_loc     0x00008c0d      0xc11 Drivers/STM32F4xx_HAL_Driver/stm32f4xx_hal_sdram.o
 .debug_loc     0x0000981e     0x188e Drivers/STM32F4xx_HAL_Driver/stm32f4xx_hal_spi.o
 .debug_loc     0x0000b0ac     0x379e Drivers/STM32F4xx_HAL_Driver/stm32f4xx_hal_tim.o
 .debug_loc     0x0000e84a      0xfe6 Drivers/STM32F4xx_HAL_Driver/stm32f4xx_hal_tim_ex.o
 .debug_loc     0x0000f830     0x1330 Drivers/STM32F4xx_HAL_Driver/stm32f4xx_hal_uart.o
 .debug_loc     0x00010b60      0x994 Drivers/STM32F4xx_HAL_Driver/stm32f4xx_ll_fmc.o
 .debug_loc     0x000114f4      0x82b STM32F429I-Discovery/stm32f429i_discovery.o
 .debug_loc     0x00011d1f     0x2048 STM32F429I-Discovery/stm32f429i_discovery_lcd.o
 .debug_loc     0x00013d67      0x315 STM32F429I-Discovery/stm32f429i_discovery_sdram.o
 .debug_loc     0x0001407c       0x84 ili9341/ili9341.o

.debug_macro    0x00000000    0x27d6d
 .debug_macro   0x00000000      0x22b Application/SW4STM32/syscalls.o
 .debug_macro   0x0000022b      0x88c Application/SW4STM32/syscalls.o
 .debug_macro   0x00000ab7       0x22 Application/SW4STM32/syscalls.o
 .debug_macro   0x00000ad9       0x4c Application/SW4STM32/syscalls.o
 .debug_macro   0x00000b25       0x8d Application/SW4STM32/syscalls.o
 .debug_macro   0x00000bb2       0x35 Application/SW4STM32/syscalls.o
 .debug_macro   0x00000be7       0x9c Application/SW4STM32/syscalls.o
 .debug_macro   0x00000c83       0x4a Application/SW4STM32/syscalls.o
 .debug_macro   0x00000ccd      0x174 Application/SW4STM32/syscalls.o
 .debug_macro   0x00000e41      0x30d Application/SW4STM32/syscalls.o
 .debug_macro   0x0000114e       0x52 Application/SW4STM32/syscalls.o
 .debug_macro   0x000011a0       0x1f Application/SW4STM32/syscalls.o
 .debug_macro   0x000011bf       0x43 Application/SW4STM32/syscalls.o
 .debug_macro   0x00001202       0x20 Application/SW4STM32/syscalls.o
 .debug_macro   0x00001222      0x187 Application/SW4STM32/syscalls.o
 .debug_macro   0x000013a9       0x10 Application/SW4STM32/syscalls.o
 .debug_macro   0x000013b9       0x35 Application/SW4STM32/syscalls.o
 .debug_macro   0x000013ee       0x10 Application/SW4STM32/syscalls.o
 .debug_macro   0x000013fe       0x10 Application/SW4STM32/syscalls.o
 .debug_macro   0x0000140e       0x10 Application/SW4STM32/syscalls.o
 .debug_macro   0x0000141e       0x5e Application/SW4STM32/syscalls.o
 .debug_macro   0x0000147c       0x1c Application/SW4STM32/syscalls.o
 .debug_macro   0x00001498       0x52 Application/SW4STM32/syscalls.o
 .debug_macro   0x000014ea       0x40 Application/SW4STM32/syscalls.o
 .debug_macro   0x0000152a       0x10 Application/SW4STM32/syscalls.o
 .debug_macro   0x0000153a       0x40 Application/SW4STM32/syscalls.o
 .debug_macro   0x0000157a       0xd7 Application/SW4STM32/syscalls.o
 .debug_macro   0x00001651       0x35 Application/SW4STM32/syscalls.o
 .debug_macro   0x00001686      0x122 Application/SW4STM32/syscalls.o
 .debug_macro   0x000017a8       0x16 Application/SW4STM32/syscalls.o
 .debug_macro   0x000017be       0x16 Application/SW4STM32/syscalls.o
 .debug_macro   0x000017d4       0x29 Application/SW4STM32/syscalls.o
 .debug_macro   0x000017fd       0x10 Application/SW4STM32/syscalls.o
 .debug_macro   0x0000180d      0x241 Application/SW4STM32/syscalls.o
 .debug_macro   0x00001a4e       0x1c Application/SW4STM32/syscalls.o
 .debug_macro   0x00001a6a       0x10 Application/SW4STM32/syscalls.o
 .debug_macro   0x00001a7a       0x10 Application/SW4STM32/syscalls.o
 .debug_macro   0x00001a8a       0x16 Application/SW4STM32/syscalls.o
 .debug_macro   0x00001aa0      0x18b Application/SW4STM32/syscalls.o
 .debug_macro   0x00001c2b      0x159 Application/SW4STM32/syscalls.o
 .debug_macro   0x00001d84       0x16 Application/SW4STM32/syscalls.o
 .debug_macro   0x00001d9a       0x88 Application/SW4STM32/syscalls.o
 .debug_macro   0x00001e22      0x3f8 Application/User/Core/ESP8266_HAL.o
 .debug_macro   0x0000221a      0x2b2 Application/User/Core/ESP8266_HAL.o
 .debug_macro   0x000024cc       0x2e Application/User/Core/ESP8266_HAL.o
 .debug_macro   0x000024fa       0x28 Application/User/Core/ESP8266_HAL.o
 .debug_macro   0x00002522       0x87 Application/User/Core/ESP8266_HAL.o
 .debug_macro   0x000025a9       0x44 Application/User/Core/ESP8266_HAL.o
 .debug_macro   0x000025ed       0xfd Application/User/Core/ESP8266_HAL.o
 .debug_macro   0x000026ea      0x1df Application/User/Core/ESP8266_HAL.o
 .debug_macro   0x000028c9       0x1c Application/User/Core/ESP8266_HAL.o
 .debug_macro   0x000028e5       0x22 Application/User/Core/ESP8266_HAL.o
 .debug_macro   0x00002907       0xdf Application/User/Core/ESP8266_HAL.o
 .debug_macro   0x000029e6     0x102d Application/User/Core/ESP8266_HAL.o
 .debug_macro   0x00003a13      0x11f Application/User/Core/ESP8266_HAL.o
 .debug_macro   0x00003b32    0x17f69 Application/User/Core/ESP8266_HAL.o
 .debug_macro   0x0001ba9b       0x43 Application/User/Core/ESP8266_HAL.o
 .debug_macro   0x0001bade     0x36c9 Application/User/Core/ESP8266_HAL.o
 .debug_macro   0x0001f1a7       0x5a Application/User/Core/ESP8266_HAL.o
 .debug_macro   0x0001f201      0xca5 Application/User/Core/ESP8266_HAL.o
 .debug_macro   0x0001fea6      0x9fe Application/User/Core/ESP8266_HAL.o
 .debug_macro   0x000208a4      0x117 Application/User/Core/ESP8266_HAL.o
 .debug_macro   0x000209bb      0x157 Application/User/Core/ESP8266_HAL.o
 .debug_macro   0x00020b12       0x27 Application/User/Core/ESP8266_HAL.o
 .debug_macro   0x00020b39      0x182 Application/User/Core/ESP8266_HAL.o
 .debug_macro   0x00020cbb      0x287 Application/User/Core/ESP8266_HAL.o
 .debug_macro   0x00020f42       0x5f Application/User/Core/ESP8266_HAL.o
 .debug_macro   0x00020fa1      0x236 Application/User/Core/ESP8266_HAL.o
 .debug_macro   0x000211d7      0x20f Application/User/Core/ESP8266_HAL.o
 .debug_macro   0x000213e6      0x132 Application/User/Core/ESP8266_HAL.o
 .debug_macro   0x00021518      0x41d Application/User/Core/ESP8266_HAL.o
 .debug_macro   0x00021935       0x2e Application/User/Core/ESP8266_HAL.o
 .debug_macro   0x00021963      0x582 Application/User/Core/ESP8266_HAL.o
 .debug_macro   0x00021ee5      0x1b5 Application/User/Core/ESP8266_HAL.o
 .debug_macro   0x0002209a       0x22 Application/User/Core/ESP8266_HAL.o
 .debug_macro   0x000220bc       0xd6 Application/User/Core/ESP8266_HAL.o
 .debug_macro   0x00022192      0x198 Application/User/Core/ESP8266_HAL.o
 .debug_macro   0x0002232a       0xd6 Application/User/Core/ESP8266_HAL.o
 .debug_macro   0x00022400      0x11a Application/User/Core/ESP8266_HAL.o
 .debug_macro   0x0002251a       0xe2 Application/User/Core/ESP8266_HAL.o
 .debug_macro   0x000225fc       0x89 Application/User/Core/ESP8266_HAL.o
 .debug_macro   0x00022685      0x225 Application/User/Core/ESP8266_HAL.o
 .debug_macro   0x000228aa      0x8a0 Application/User/Core/ESP8266_HAL.o
 .debug_macro   0x0002314a       0x47 Application/User/Core/ESP8266_HAL.o
 .debug_macro   0x00023191      0x287 Application/User/Core/ESP8266_HAL.o
 .debug_macro   0x00023418      0x134 Application/User/Core/ESP8266_HAL.o
 .debug_macro   0x0002354c       0x52 Application/User/Core/ESP8266_HAL.o
 .debug_macro   0x0002359e       0x16 Application/User/Core/ESP8266_HAL.o
 .debug_macro   0x000235b4      0x307 Application/User/Core/ESP8266_HAL.o
 .debug_macro   0x000238bb       0x16 Application/User/Core/ESP8266_HAL.o
 .debug_macro   0x000238d1      0x265 Application/User/Core/ESP8266_HAL.o
 .debug_macro   0x00023b36       0xb0 Application/User/Core/ESP8266_HAL.o
 .debug_macro   0x00023be6       0x10 Application/User/Core/ESP8266_HAL.o
 .debug_macro   0x00023bf6      0x26d Application/User/Core/ESP8266_HAL.o
 .debug_macro   0x00023e63      0x121 Application/User/Core/ESP8266_HAL.o
 .debug_macro   0x00023f84      0x2ff Application/User/Core/UartRingbuffer_multi.o
 .debug_macro   0x00024283       0x10 Application/User/Core/UartRingbuffer_multi.o
 .debug_macro   0x00024293      0x2a1 Application/User/Core/main.o
 .debug_macro   0x00024534       0x28 Application/User/Core/main.o
 .debug_macro   0x0002455c       0x10 Application/User/Core/main.o
 .debug_macro   0x0002456c      0x23f Application/User/Core/stm32f4xx_hal_msp.o
 .debug_macro   0x000247ab      0x249 Application/User/Core/stm32f4xx_it.o
 .debug_macro   0x000249f4      0x236 Drivers/CMSIS/system_stm32f4xx.o
 .debug_macro   0x00024c2a      0x290 Drivers/STM32F4xx_HAL_Driver/stm32f4xx_hal.o
 .debug_macro   0x00024eba      0x230 Drivers/STM32F4xx_HAL_Driver/stm32f4xx_hal_cortex.o
 .debug_macro   0x000250ea      0x236 Drivers/STM32F4xx_HAL_Driver/stm32f4xx_hal_dma.o
 .debug_macro   0x00025320      0x23f Drivers/STM32F4xx_HAL_Driver/stm32f4xx_hal_dma2d.o
 .debug_macro   0x0002555f      0x266 Drivers/STM32F4xx_HAL_Driver/stm32f4xx_hal_gpio.o
 .debug_macro   0x000257c5      0x277 Drivers/STM32F4xx_HAL_Driver/stm32f4xx_hal_i2c.o
 .debug_macro   0x00025a3c      0x230 Drivers/STM32F4xx_HAL_Driver/stm32f4xx_hal_i2c_ex.o
 .debug_macro   0x00025c6c      0x231 Drivers/STM32F4xx_HAL_Driver/stm32f4xx_hal_ltdc.o
 .debug_macro   0x00025e9d      0x248 Drivers/STM32F4xx_HAL_Driver/stm32f4xx_hal_pwr_ex.o
 .debug_macro   0x000260e5      0x254 Drivers/STM32F4xx_HAL_Driver/stm32f4xx_hal_rcc.o
 .debug_macro   0x00026339      0x230 Drivers/STM32F4xx_HAL_Driver/stm32f4xx_hal_rcc_ex.o
 .debug_macro   0x00026569      0x230 Drivers/STM32F4xx_HAL_Driver/stm32f4xx_hal_sdram.o
 .debug_macro   0x00026799      0x23f Drivers/STM32F4xx_HAL_Driver/stm32f4xx_hal_spi.o
 .debug_macro   0x000269d8      0x231 Drivers/STM32F4xx_HAL_Driver/stm32f4xx_hal_tim.o
 .debug_macro   0x00026c09      0x230 Drivers/STM32F4xx_HAL_Driver/stm32f4xx_hal_tim_ex.o
 .debug_macro   0x00026e39      0x231 Drivers/STM32F4xx_HAL_Driver/stm32f4xx_hal_uart.o
 .debug_macro   0x0002706a      0x230 Drivers/STM32F4xx_HAL_Driver/stm32f4xx_ll_fmc.o
 .debug_macro   0x0002729a      0x25d STM32F429I-Discovery/stm32f429i_discovery.o
 .debug_macro   0x000274f7      0x25f STM32F429I-Discovery/stm32f429i_discovery.o
 .debug_macro   0x00027756      0x2a3 STM32F429I-Discovery/stm32f429i_discovery_lcd.o
 .debug_macro   0x000279f9      0x24e STM32F429I-Discovery/stm32f429i_discovery_sdram.o
 .debug_macro   0x00027c47       0xaa STM32F429I-Discovery/stm32f429i_discovery_sdram.o
 .debug_macro   0x00027cf1       0x7c ili9341/ili9341.o

.debug_str      0x00000000    0xe7ae9
 .debug_str     0x00000000     0x75b5 Application/SW4STM32/syscalls.o
                               0x779d (size before relaxing)
 .debug_str     0x000075b5    0xd89d9 Application/User/Core/ESP8266_HAL.o
                              0xdf0f3 (size before relaxing)
 .debug_str     0x000dff8e      0x16d Application/User/Core/UartRingbuffer_multi.o
                              0xdbee8 (size before relaxing)
 .debug_str     0x000e00fb     0x1358 Application/User/Core/main.o
                              0xdcc84 (size before relaxing)
 .debug_str     0x000e1453      0x707 Application/User/Core/stm32f4xx_hal_msp.o
                              0xdaac7 (size before relaxing)
 .debug_str     0x000e1b5a      0x17b Application/User/Core/stm32f4xx_it.o
                              0xd99a5 (size before relaxing)
 .debug_str     0x000e1cd5      0x134 Drivers/CMSIS/system_stm32f4xx.o
                              0xd93df (size before relaxing)
 .debug_str     0x000e1e09      0x699 Drivers/STM32F4xx_HAL_Driver/stm32f4xx_hal.o
                              0xd9fe3 (size before relaxing)
 .debug_str     0x000e24a2      0x36a Drivers/STM32F4xx_HAL_Driver/stm32f4xx_hal_cortex.o
                              0xd9cc0 (size before relaxing)
 .debug_str     0x000e280c      0x35c Drivers/STM32F4xx_HAL_Driver/stm32f4xx_hal_dma.o
                              0xd97d1 (size before relaxing)
 .debug_str     0x000e2b68      0x3bc Drivers/STM32F4xx_HAL_Driver/stm32f4xx_hal_dma2d.o
                              0xd99a6 (size before relaxing)
 .debug_str     0x000e2f24      0x220 Drivers/STM32F4xx_HAL_Driver/stm32f4xx_hal_gpio.o
                              0xd95f2 (size before relaxing)
 .debug_str     0x000e3144      0xaf6 Drivers/STM32F4xx_HAL_Driver/stm32f4xx_hal_i2c.o
                              0xda387 (size before relaxing)
 .debug_str     0x000e3c3a       0x7f Drivers/STM32F4xx_HAL_Driver/stm32f4xx_hal_i2c_ex.o
                              0xd9799 (size before relaxing)
 .debug_str     0x000e3cb9      0x495 Drivers/STM32F4xx_HAL_Driver/stm32f4xx_hal_ltdc.o